Component: ARM Compiler 5.06 update 2 (build 183) Tool: armlink [4d35b7]

==============================================================================

Section Cross References

    main.o(i.bsp_event_handler) refers to nrf_log_frontend.o(i.nrf_log_frontend_std_0) for nrf_log_frontend_std_0
    main.o(i.bsp_event_handler) refers to peer_manager.o(i.pm_conn_sec_status_get) for pm_conn_sec_status_get
    main.o(i.bsp_event_handler) refers to nrf_log_frontend.o(i.nrf_log_frontend_std_4) for nrf_log_frontend_std_4
    main.o(i.bsp_event_handler) refers to nrf_log_frontend.o(log_const_data) for m_nrf_log_app_logs_data_const
    main.o(i.bsp_event_handler) refers to main.o(.data) for .data
    main.o(i.bsp_event_handler) refers to ly_ble.o(.data) for lastest_conn_handle
    main.o(i.main) refers to nrf_log_frontend.o(i.nrf_log_init) for nrf_log_init
    main.o(i.main) refers to app_error_handler_keil.o(.emb_text) for app_error_handler
    main.o(i.main) refers to nrf_log_default_backends.o(i.nrf_log_default_backends_init) for nrf_log_default_backends_init
    main.o(i.main) refers to app_timer.o(i.app_timer_init) for app_timer_init
    main.o(i.main) refers to bsp.o(i.bsp_init) for bsp_init
    main.o(i.main) refers to bsp_btn_ble.o(i.bsp_btn_ble_init) for bsp_btn_ble_init
    main.o(i.main) refers to nrf_pwr_mgmt.o(i.nrf_pwr_mgmt_init) for nrf_pwr_mgmt_init
    main.o(i.main) refers to ly_ble.o(i.ly_ble_init) for ly_ble_init
    main.o(i.main) refers to ly_ble_c.o(i.scan_start) for scan_start
    main.o(i.main) refers to ly_ble_p.o(i.adv_start) for adv_start
    main.o(i.main) refers to printfb.o(i.__0printf$bare) for __2printf
    main.o(i.main) refers to app_timer.o(i.app_timer_create) for app_timer_create
    main.o(i.main) refers to app_timer.o(i.app_timer_start) for app_timer_start
    main.o(i.main) refers to ly_ble.o(i.ly_ble_db_discovery_start) for ly_ble_db_discovery_start
    main.o(i.main) refers to nrf_log_frontend.o(i.nrf_log_frontend_dequeue) for nrf_log_frontend_dequeue
    main.o(i.main) refers to nrf_pwr_mgmt.o(i.nrf_pwr_mgmt_run) for nrf_pwr_mgmt_run
    main.o(i.main) refers to main.o(i.bsp_event_handler) for bsp_event_handler
    main.o(i.main) refers to main.o(i.sys_tick_timeout_handler) for sys_tick_timeout_handler
    main.o(i.main) refers to main.o(.constdata) for .constdata
    main.o(i.main) refers to main.o(.data) for .data
    main.o(i.main) refers to ly_ble.o(.data) for lastest_conn_handle
    main.o(i.sys_tick_timeout_handler) refers to nrf_log_frontend.o(i.nrf_log_frontend_std_1) for nrf_log_frontend_std_1
    main.o(i.sys_tick_timeout_handler) refers to ly_ble_p.o(i.print_ly_ble_p) for print_ly_ble_p
    main.o(i.sys_tick_timeout_handler) refers to ly_ble_c.o(i.print_ly_ble_c) for print_ly_ble_c
    main.o(i.sys_tick_timeout_handler) refers to main.o(.data) for .data
    main.o(i.sys_tick_timeout_handler) refers to nrf_log_frontend.o(log_const_data) for m_nrf_log_app_logs_data_const
    main.o(.constdata) refers to main.o(.bss) for sys_tick_timer_id_data
    boards.o(i.bsp_board_button_idx_to_pin) refers to boards.o(.constdata) for .constdata
    boards.o(i.bsp_board_button_state_get) refers to boards.o(i.nrf_gpio_pin_port_decode) for nrf_gpio_pin_port_decode
    boards.o(i.bsp_board_button_state_get) refers to boards.o(.constdata) for .constdata
    boards.o(i.bsp_board_init) refers to boards.o(i.nrf_gpio_cfg) for nrf_gpio_cfg
    boards.o(i.bsp_board_init) refers to boards.o(i.bsp_board_leds_off) for bsp_board_leds_off
    boards.o(i.bsp_board_init) refers to boards.o(.constdata) for .constdata
    boards.o(i.bsp_board_led_idx_to_pin) refers to boards.o(.constdata) for .constdata
    boards.o(i.bsp_board_led_invert) refers to boards.o(i.nrf_gpio_pin_port_decode) for nrf_gpio_pin_port_decode
    boards.o(i.bsp_board_led_invert) refers to boards.o(.constdata) for .constdata
    boards.o(i.bsp_board_led_off) refers to boards.o(i.nrf_gpio_pin_write) for nrf_gpio_pin_write
    boards.o(i.bsp_board_led_off) refers to boards.o(.constdata) for .constdata
    boards.o(i.bsp_board_led_on) refers to boards.o(i.nrf_gpio_pin_write) for nrf_gpio_pin_write
    boards.o(i.bsp_board_led_on) refers to boards.o(.constdata) for .constdata
    boards.o(i.bsp_board_led_state_get) refers to boards.o(i.nrf_gpio_pin_port_decode) for nrf_gpio_pin_port_decode
    boards.o(i.bsp_board_led_state_get) refers to boards.o(.constdata) for .constdata
    boards.o(i.bsp_board_leds_off) refers to boards.o(i.bsp_board_led_off) for bsp_board_led_off
    boards.o(i.bsp_board_leds_on) refers to boards.o(i.bsp_board_led_on) for bsp_board_led_on
    boards.o(i.bsp_board_pin_to_button_idx) refers to boards.o(.constdata) for .constdata
    boards.o(i.bsp_board_pin_to_led_idx) refers to boards.o(.constdata) for .constdata
    boards.o(i.nrf_gpio_cfg) refers to boards.o(i.nrf_gpio_pin_port_decode) for nrf_gpio_pin_port_decode
[...]
    0x000263da   0x00000002   PAD
    0x000263dc   0x00000024   Code   RO         8766    .text               arm_startup_nrf52840.o
    0x00026400   0x00000062   Code   RO         8809    .text               mc_w.l(uldiv.o)
    0x00026462   0x0000001e   Code   RO         8811    .text               mc_w.l(llshl.o)
    0x00026480   0x00000008   Code   RO         8813    .text               mc_w.l(ctype_o.o)
    0x00026488   0x00000024   Code   RO         8841    .text               mc_w.l(memcpya.o)
    0x000264ac   0x00000024   Code   RO         8843    .text               mc_w.l(memseta.o)
    0x000264d0   0x0000000e   Code   RO         8845    .text               mc_w.l(strlen.o)
    0x000264de   0x0000001c   Code   RO         8847    .text               mc_w.l(strcmp.o)
    0x000264fa   0x0000001a   Code   RO         8849    .text               mc_w.l(memcmp.o)
    0x00026514   0x00000020   Code   RO         9131    .text               mc_w.l(llushr.o)
    0x00026534   0x00000024   Code   RO         9144    .text               mc_w.l(init.o)
    0x00026558   0x00000056   Code   RO         9158    .text               mc_w.l(__dczerorl2.o)
    0x000265ae   0x00000002   PAD
    0x000265b0   0x000001b4   Code   RO         4038    i.GPIOTE_IRQHandler  nrfx_gpiote.o
    0x00026764   0x00000016   Code   RO         5032    i.NVIC_ClearPendingIRQ  app_timer.o
    0x0002677a   0x00000016   Code   RO         5033    i.NVIC_EnableIRQ    app_timer.o
    0x00026790   0x00000016   Code   RO         5034    i.NVIC_SetPendingIRQ  app_timer.o
    0x000267a6   0x00000020   Code   RO         5035    i.NVIC_SetPriority  app_timer.o
    0x000267c6   0x00000002   PAD
    0x000267c8   0x00000058   Code   RO         3900    i.POWER_CLOCK_IRQHandler  nrfx_clock.o
    0x00026820   0x00000024   Code   RO         5036    i.RTC1_IRQHandler   app_timer.o
    0x00026844   0x00000004   Code   RO         5037    i.SWI0_EGU0_IRQHandler  app_timer.o
    0x00026848   0x00000004   Code   RO         7290    i.SWI2_EGU2_IRQHandler  nrf_sdh.o
    0x0002684c   0x00000174   Code   RO         8774    i.SystemInit        system_nrf52840.o
    0x000269c0   0x0000000c   Code   RO         4327    i.UARTE0_UART0_IRQHandler  nrfx_prs.o
    0x000269cc   0x00000010   Code   RO         8856    i.__0printf$bare    mc_w.l(printfb.o)
    0x000269dc   0x0000000e   Code   RO         9152    i.__scatterload_copy  mc_w.l(handlers.o)
    0x000269ea   0x00000002   Code   RO         9153    i.__scatterload_null  mc_w.l(handlers.o)
    0x000269ec   0x0000000e   Code   RO         9154    i.__scatterload_zeroinit  mc_w.l(handlers.o)
    0x000269fa   0x00000002   PAD
    0x000269fc   0x00000024   Code   RO         7291    i.__sd_nvic_app_accessible_irq  nrf_sdh.o
    0x00026a20   0x00000148   Code   RO         2787    i._conn_secure      peer_manager_handler.o
    0x00026b68   0x00000022   Code   RO         8863    i._printf_core      mc_w.l(printfb.o)
    0x00026b8a   0x0000001c   Code   RO         1024    i.active_flag_count  ble_conn_state.o
    0x00026ba6   0x00000026   Code   RO         1951    i.addr_compare      id_manager.o
    0x00026bcc   0x0000000c   Code   RO         6426    i.addr_is_aligned32  nrf_fstorage.o
    0x00026bd8   0x00000018   Code   RO         6427    i.addr_is_within_bounds  nrf_fstorage.o
    0x00026bf0   0x000000a0   Code   RO         7927    i.adv_start         ly_ble_p.o
    0x00026c90   0x00000036   Code   RO          648    i.advertising_buttons_configure  bsp_btn_ble.o
    0x00026cc6   0x00000002   PAD
    0x00026cc8   0x000000e0   Code   RO         7928    i.advertising_init  ly_ble_p.o
    0x00026da8   0x0000006c   Code   RO         7929    i.advertising_start  ly_ble_p.o
    0x00026e14   0x00000052   Code   RO         1952    i.ah                id_manager.o
    0x00026e66   0x00000006   Code   RO          531    i.alert_timer_handler  bsp.o
    0x00026e6c   0x0000000e   Code   RO         3316    i.all_req_attrs_parsed  ancs_attr_parser.o
    0x00026e7a   0x00000002   PAD
    0x00026e7c   0x0000000c   Code   RO         2925    i.allow_repairing   security_dispatcher.o
    0x00026e88   0x0000010c   Code   RO         7611    i.ancs_c_evt_handler  ly_ble_ancs_c.o
    0x00026f94   0x0000017a   Code   RO         3317    i.ancs_parse_get_attrs_response  ancs_attr_parser.o
    0x0002710e   0x00000002   PAD
    0x00027110   0x00000044   Code   RO         7613    i.app_attr_print    ly_ble_ancs_c.o
    0x00027154   0x00000024   Code   RO         4745    i.app_button_enable  app_button.o
    0x00027178   0x00000078   Code   RO         4746    i.app_button_init   app_button.o
    0x000271f0   0x00000164   Code   RO         4869    i.app_error_fault_handler  app_error_weak.o
    0x00027354   0x00000064   Code   RO         4810    i.app_error_save_and_stop  app_error.o
    0x000273b8   0x00000016   Code   RO         4909    i.app_fifo_get      app_fifo.o
    0x000273ce   0x0000001a   Code   RO         4912    i.app_fifo_put      app_fifo.o
    0x000273e8   0x00000024   Code   RO         5040    i.app_timer_create  app_timer.o
    0x0002740c   0x00000054   Code   RO         5041    i.app_timer_init    app_timer.o
    0x00027460   0x00000088   Code   RO         5044    i.app_timer_start   app_timer.o
    0x000274e8   0x00000020   Code   RO         5045    i.app_timer_stop    app_timer.o
    0x00027508   0x00000054   Code   RO         5209    i.app_uart_put      app_uart_fifo.o
    0x0002755c   0x00000048   Code   RO         5288    i.app_util_critical_region_enter  app_util_platform.o
    0x000275a4   0x00000034   Code   RO         5289    i.app_util_critical_region_exit  app_util_platform.o
    0x000275d8   0x00000044   Code   RO         7614    i.apple_notification_error_handler  ly_ble_ancs_c.o
    0x0002761c   0x000000cc   Code   RO         7615    i.apple_notification_setup  ly_ble_ancs_c.o
    0x000276e8   0x00000076   Code   RO         4381    i.apply_config      nrfx_uart.o
    0x0002775e   0x00000076   Code   RO         4579    i.apply_config      nrfx_uarte.o
    0x000277d4   0x00000004   Code   RO         1685    i.apply_pending_handle  gatt_cache_manager.o
    0x000277d8   0x000000b4   Code   RO         3318    i.attr_data_parse   ancs_attr_parser.o
    0x0002788c   0x00000012   Code   RO         3319    i.attr_is_requested  ancs_attr_parser.o
    0x0002789e   0x0000006c   Code   RO         3320    i.attr_len2_parse   ancs_attr_parser.o
    0x0002790a   0x00000002   PAD
    0x0002790c   0x00000180   Code   RO         2926    i.auth_status_success_process  security_dispatcher.o
    0x00027a8c   0x00000048   Code   RO         1187    i.blcm_link_ctx_get  ble_link_ctx_manager.o
    0x00027ad4   0x00000182   Code   RO          752    i.ble_advdata_encode  ble_advdata.o
    0x00027c56   0x00000044   Code   RO          753    i.ble_advdata_name_find  ble_advdata.o
    0x00027c9a   0x00000020   Code   RO          754    i.ble_advdata_parse  ble_advdata.o
    0x00027cba   0x00000038   Code   RO          755    i.ble_advdata_search  ble_advdata.o
    0x00027cf2   0x0000006a   Code   RO          862    i.ble_advertising_on_ble_evt  ble_advertising.o
    0x00027d5c   0x00000002   Code   RO          863    i.ble_advertising_on_sys_evt  ble_advertising.o
    0x00027d5e   0x0000022c   Code   RO          866    i.ble_advertising_start  ble_advertising.o
    0x00027f8a   0x00000002   PAD
    0x00027f8c   0x0000006c   Code   RO         3408    i.ble_ancs_c_data_source_notif_enable  nrf_ble_ancs_c.o
    0x00027ff8   0x00000118   Code   RO         3409    i.ble_ancs_c_init   nrf_ble_ancs_c.o
    0x00028110   0x00000034   Code   RO         3412    i.ble_ancs_c_notif_source_notif_enable  nrf_ble_ancs_c.o
    0x00028144   0x00000090   Code   RO         3413    i.ble_ancs_c_on_ble_evt  nrf_ble_ancs_c.o
    0x000281d4   0x00000180   Code   RO         3414    i.ble_ancs_c_on_db_disc_evt  nrf_ble_ancs_c.o
    0x00028354   0x00000014   Code   RO         3416    i.ble_ancs_verify_notification_format  nrf_ble_ancs_c.o
    0x00028368   0x00000084   Code   RO          955    i.ble_conn_params_init  ble_conn_params.o
    0x000283ec   0x0000001c   Code   RO         1026    i.ble_conn_state_central_conn_count  ble_conn_state.o
    0x00028408   0x00000012   Code   RO         1030    i.ble_conn_state_conn_idx  ble_conn_state.o
    0x0002841a   0x00000002   PAD
    0x0002841c   0x00000020   Code   RO         1031    i.ble_conn_state_encrypted  ble_conn_state.o
    0x0002843c   0x0000002c   Code   RO         1033    i.ble_conn_state_for_each_set_user_flag  ble_conn_state.o
    0x00028468   0x00000020   Code   RO         1035    i.ble_conn_state_mitm_protected  ble_conn_state.o
    0x00028488   0x00000020   Code   RO         1037    i.ble_conn_state_peripheral_conn_count  ble_conn_state.o
    0x000284a8   0x00000024   Code   RO         1038    i.ble_conn_state_role  ble_conn_state.o
    0x000284cc   0x00000024   Code   RO         1039    i.ble_conn_state_status  ble_conn_state.o
    0x000284f0   0x00000018   Code   RO         1040    i.ble_conn_state_user_flag_acquire  ble_conn_state.o
    0x00028508   0x00000030   Code   RO         1041    i.ble_conn_state_user_flag_get  ble_conn_state.o
    0x00028538   0x00000040   Code   RO         1042    i.ble_conn_state_user_flag_set  ble_conn_state.o
    0x00028578   0x00000014   Code   RO         1043    i.ble_conn_state_valid  ble_conn_state.o
    0x0002858c   0x0000001c   Code   RO         1420    i.ble_db_discovery_evt_register  ble_db_discovery.o
    0x000285a8   0x00000088   Code   RO         1421    i.ble_db_discovery_init  ble_db_discovery.o
    0x00028630   0x00000090   Code   RO         1422    i.ble_db_discovery_on_ble_evt  ble_db_discovery.o
    0x000286c0   0x000000d4   Code   RO         1423    i.ble_db_discovery_start  ble_db_discovery.o
    0x00028794   0x00000060   Code   RO          758    i.ble_device_addr_encode  ble_advdata.o
    0x000287f4   0x00000070   Code   RO          649    i.ble_evt_handler   bsp_btn_ble.o
    0x00028864   0x000000fc   Code   RO          957    i.ble_evt_handler   ble_conn_params.o
    0x00028960   0x00000144   Code   RO         1044    i.ble_evt_handler   ble_conn_state.o
    0x00028aa4   0x00000028   Code   RO         2487    i.ble_evt_handler   peer_manager.o
    0x00028acc   0x00000034   Code   RO         7501    i.ble_evt_handler   ly_ble.o
    0x00028b00   0x00000008   Code   RO         1213    i.ble_srv_is_notification_enabled  ble_srv_common.o
    0x00028b08   0x00000040   Code   RO         7502    i.ble_stack_init    ly_ble.o
    0x00028b48   0x0000001a   Code   RO         7771    i.ble_tus_c_handles_assign  ly_ble_tus_c.o
    0x00028b62   0x00000002   PAD
    0x00028b64   0x000000b8   Code   RO         7772    i.ble_tus_c_init    ly_ble_tus_c.o
    0x00028c1c   0x0000006c   Code   RO         7773    i.ble_tus_c_on_ble_evt  ly_ble_tus_c.o
    0x00028c88   0x00000080   Code   RO         7774    i.ble_tus_c_on_db_disc_evt  ly_ble_tus_c.o
    0x00028d08   0x0000006c   Code   RO         7776    i.ble_tus_c_tx_notif_enable  ly_ble_tus_c.o
    0x00028d74   0x00000050   Code   RO         7930    i.ble_tus_data_handler  ly_ble_p.o
    0x00028dc4   0x000000d4   Code   RO         7709    i.ble_tus_init      ly_ble_tus.o
    0x00028e98   0x00000032   Code   RO         7710    i.ble_tus_on_ble_evt  ly_ble_tus.o
    0x00028eca   0x00000002   PAD
    0x00028ecc   0x00000028   Code   RO          391    i.bsp_board_button_state_get  boards.o
    0x00028ef4   0x00000054   Code   RO          392    i.bsp_board_init    boards.o
    0x00028f48   0x0000002c   Code   RO          394    i.bsp_board_led_invert  boards.o
    0x00028f74   0x00000010   Code   RO          395    i.bsp_board_led_off  boards.o
    0x00028f84   0x00000010   Code   RO          396    i.bsp_board_led_on  boards.o
    0x00028f94   0x00000028   Code   RO          397    i.bsp_board_led_state_get  boards.o
    0x00028fbc   0x00000012   Code   RO          398    i.bsp_board_leds_off  boards.o
    0x00028fce   0x00000012   Code   RO          399    i.bsp_board_leds_on  boards.o
    0x00028fe0   0x00000024   Code   RO          400    i.bsp_board_pin_to_button_idx  boards.o
    0x00029004   0x00000038   Code   RO          650    i.bsp_btn_ble_init  bsp_btn_ble.o
    0x0002903c   0x00000090   Code   RO          532    i.bsp_button_event_handler  bsp.o
    0x000290cc   0x0000000c   Code   RO          533    i.bsp_button_is_pressed  bsp.o
    0x000290d8   0x00000104   Code   RO            4    i.bsp_event_handler  main.o
    0x000291dc   0x00000044   Code   RO          536    i.bsp_event_to_button_action_assign  bsp.o
    0x00029220   0x00000094   Code   RO          538    i.bsp_init          bsp.o
    0x000292b4   0x000001c8   Code   RO          539    i.bsp_led_indication  bsp.o
    0x0002947c   0x00000090   Code   RO         6719    i.buf_prealloc      nrf_log_frontend.o
    0x0002950c   0x0000002e   Code   RO         5752    i.buffer_add        nrf_fprintf_format.o
    0x0002953a   0x00000002   PAD
    0x0002953c   0x00000014   Code   RO         6720    i.buffer_is_empty   nrf_log_frontend.o
    0x00029550   0x00000008   Code   RO          542    i.button_timer_handler  bsp.o
    0x00029558   0x00000028   Code   RO         1686    i.car_update_needed  gatt_cache_manager.o
    0x00029580   0x00000040   Code   RO         1687    i.car_update_pending_handle  gatt_cache_manager.o
    0x000295c0   0x0000004e   Code   RO         3417    i.cccd_configure    nrf_ble_ancs_c.o
    0x0002960e   0x00000002   PAD
    0x00029610   0x0000001c   Code   RO         4039    i.channel_free      nrfx_gpiote.o
    0x0002962c   0x00000048   Code   RO         4040    i.channel_port_alloc  nrfx_gpiote.o
    0x00029674   0x00000010   Code   RO         4041    i.channel_port_get  nrfx_gpiote.o
    0x00029684   0x00000190   Code   RO         1215    i.characteristic_add  ble_srv_common.o
    0x00029814   0x00000042   Code   RO         1424    i.characteristics_discover  ble_db_discovery.o
    0x00029856   0x0000003e   Code   RO         2397    i.claim             peer_id.o
    0x00029894   0x00000028   Code   RO         3563    i.clock_clk_started_notify  nrf_drv_clock.o
    0x000298bc   0x0000001c   Code   RO         3564    i.clock_irq_handler  nrf_drv_clock.o
    0x000298d8   0x000000ac   Code   RO         5047    i.compare_reg_update  app_timer.o
    0x00029984   0x0000003e   Code   RO         1045    i.conn_handle_list_get  ble_conn_state.o
    0x000299c2   0x00000088   Code   RO          759    i.conn_int_encode   ble_advdata.o
    0x00029a4a   0x00000002   PAD
    0x00029a4c   0x00000030   Code   RO         7931    i.conn_params_error_handler  ly_ble_p.o
    0x00029a7c   0x00000048   Code   RO          958    i.conn_params_negotiation  ble_conn_params.o
    0x00029ac4   0x00000044   Code   RO         2927    i.conn_sec_failure  security_dispatcher.o
    0x00029b08   0x00000004   Code   RO         2788    i.conn_secure       peer_manager_handler.o
    0x00029b0c   0x00000036   Code   RO         8656    i.crc16_compute     crc16.o
    0x00029b42   0x00000002   PAD
    0x00029b44   0x000000c0   Code   RO         1273    i.data_length_update  nrf_ble_gatt.o
    0x00029c04   0x00000012   Code   RO         7503    i.db_disc_handler   ly_ble.o
    0x00029c16   0x00000002   PAD
    0x00029c18   0x00000030   Code   RO         1688    i.db_update_pending_handle  gatt_cache_manager.o
    0x00029c48   0x00000080   Code   RO         6109    i.delete_execute    fds.o
    0x00029cc8   0x0000008c   Code   RO         1425    i.descriptors_discover  ble_db_discovery.o
    0x00029d54   0x0000009c   Code   RO         4748    i.detection_delay_timeout_handler  app_button.o
    0x00029df0   0x00000090   Code   RO         1426    i.discovery_complete_evt_trigger  ble_db_discovery.o
    0x00029e80   0x0000003c   Code   RO         1427    i.discovery_error_evt_trigger  ble_db_discovery.o
    0x00029ebc   0x0000005c   Code   RO         1428    i.discovery_start   ble_db_discovery.o
    0x00029f18   0x00000014   Code   RO         6721    i.dropped_sat16_get  nrf_log_frontend.o
    0x00029f2c   0x00000004   Code   RO         8151    i.drv_flash_erase_sector  drv_flash.o
    0x00029f30   0x0000004e   Code   RO         8192    i.drv_gt24l24a2y_check_status  drv_gt24l24a2y.o
    0x00029f7e   0x00000044   Code   RO         8196    i.drv_gt24l24a2y_sector_erase  drv_gt24l24a2y.o
    0x00029fc2   0x00000032   Code   RO         8197    i.drv_gt24l24a2y_send_data  drv_gt24l24a2y.o
    0x00029ff4   0x00000018   Code   RO         8198    i.drv_gt24l24a2y_write_enable  drv_gt24l24a2y.o
    0x0002a00c   0x00000040   Code   RO         5048    i.elapsed_ticks_acquire  app_timer.o
    0x0002a04c   0x0000000a   Code   RO         2928    i.encryption_failure  security_dispatcher.o
    0x0002a056   0x00000002   PAD
    0x0002a058   0x0000004c   Code   RO         6513    i.erase             nrf_fstorage_sd.o
    0x0002a0a4   0x00000054   Code   RO         7616    i.err_code_print    ly_ble_ancs_c.o
    0x0002a0f8   0x00000074   Code   RO         6110    i.event_prepare     fds.o
    0x0002a16c   0x00000020   Code   RO         6111    i.event_send        fds.o
    0x0002a18c   0x00000054   Code   RO         6514    i.event_send        nrf_fstorage_sd.o
    0x0002a1e0   0x000000ac   Code   RO         3086    i.events_send_from_err_code  security_manager.o
    0x0002a28c   0x0000001c   Code   RO         1689    i.evt_send          gatt_cache_manager.o
    0x0002a2a8   0x0000001c   Code   RO         1856    i.evt_send          gatts_cache_manager.o
    0x0002a2c4   0x0000002c   Code   RO         2488    i.evt_send          peer_manager.o
    0x0002a2f0   0x0000001c   Code   RO         2929    i.evt_send          security_dispatcher.o
    0x0002a30c   0x0000000c   Code   RO         3087    i.evt_send          security_manager.o
    0x0002a318   0x000000ec   Code   RO         2135    i.fds_evt_handler   peer_data_storage.o
    0x0002a404   0x00000044   Code   RO         6113    i.fds_file_delete   fds.o
    0x0002a448   0x0000003c   Code   RO         6114    i.fds_gc            fds.o
    0x0002a484   0x000000e0   Code   RO         6115    i.fds_init          fds.o
    0x0002a564   0x00000040   Code   RO         6116    i.fds_record_close  fds.o
    0x0002a5a4   0x0000000e   Code   RO         6118    i.fds_record_find   fds.o
    0x0002a5b2   0x00000010   Code   RO         6119    i.fds_record_find_by_key  fds.o
    0x0002a5c2   0x00000010   Code   RO         6120    i.fds_record_find_in_file  fds.o
    0x0002a5d2   0x00000010   Code   RO         6121    i.fds_record_id_from_desc  fds.o
    0x0002a5e2   0x00000002   PAD
    0x0002a5e4   0x00000048   Code   RO         6123    i.fds_record_open   fds.o
    0x0002a62c   0x0000000e   Code   RO         6124    i.fds_record_update  fds.o
    0x0002a63a   0x00000008   Code   RO         6125    i.fds_record_write  fds.o
    0x0002a642   0x00000002   PAD
    0x0002a644   0x0000002c   Code   RO         6127    i.fds_register      fds.o
    0x0002a670   0x00000014   Code   RO         4915    i.fifo_get          app_fifo.o
    0x0002a684   0x00000012   Code   RO         4916    i.fifo_put          app_fifo.o
    0x0002a696   0x00000014   Code   RO         2136    i.file_id_within_pm_range  peer_data_storage.o
    0x0002a6aa   0x00000012   Code   RO         2930    i.flag_id_init      security_dispatcher.o
    0x0002a6bc   0x00000012   Code   RO         3088    i.flag_id_init      security_manager.o
    0x0002a6ce   0x00000028   Code   RO          868    i.flags_set         ble_advertising.o
    0x0002a6f6   0x00000002   PAD
    0x0002a6f8   0x00000030   Code   RO         3089    i.flags_set_from_err_code  security_manager.o
    0x0002a728   0x00000030   Code   RO         1046    i.for_each_set_flag  ble_conn_state.o
    0x0002a758   0x0000000e   Code   RO         6072    i.fputc             retarget.o
    0x0002a766   0x00000006   Code   RO         6131    i.fs_event_handler  fds.o
    0x0002a76c   0x00000064   Code   RO         7933    i.gap_params_init   ly_ble_p.o
    0x0002a7d0   0x00000074   Code   RO         6132    i.gc_execute        fds.o
    0x0002a844   0x0000004c   Code   RO         6133    i.gc_next_page      fds.o
    0x0002a890   0x00000040   Code   RO         6134    i.gc_page_erase     fds.o
    0x0002a8d0   0x00000034   Code   RO         6135    i.gc_record_copy    fds.o
    0x0002a904   0x00000024   Code   RO         6136    i.gc_record_find_next  fds.o
    0x0002a928   0x00000088   Code   RO         6137    i.gc_state_advance  fds.o
    0x0002a9b0   0x00000230   Code   RO         1690    i.gcm_ble_evt_handler  gatt_cache_manager.o
    0x0002abe0   0x0000003c   Code   RO         1691    i.gcm_im_evt_handler  gatt_cache_manager.o
    0x0002ac1c   0x00000094   Code   RO         1692    i.gcm_init          gatt_cache_manager.o
    0x0002acb0   0x00000088   Code   RO         1695    i.gcm_pdb_evt_handler  gatt_cache_manager.o
    0x0002ad38   0x00000084   Code   RO         4749    i.gpiote_event_handler  app_button.o
    0x0002adbc   0x0000001c   Code   RO         1857    i.gscm_db_change_notification_done  gatts_cache_manager.o
    0x0002add8   0x00000014   Code   RO         1858    i.gscm_init         gatts_cache_manager.o
    0x0002adec   0x00000090   Code   RO         1860    i.gscm_local_db_cache_apply  gatts_cache_manager.o
    0x0002ae7c   0x000000ac   Code   RO         1861    i.gscm_local_db_cache_update  gatts_cache_manager.o
    0x0002af28   0x00000018   Code   RO         1862    i.gscm_pdb_evt_handler  gatts_cache_manager.o
    0x0002af40   0x0000001e   Code   RO         1863    i.gscm_service_changed_ind_needed  gatts_cache_manager.o
    0x0002af5e   0x00000002   PAD
    0x0002af60   0x0000005c   Code   RO         1864    i.gscm_service_changed_ind_send  gatts_cache_manager.o
    0x0002afbc   0x00000026   Code   RO         6138    i.header_check      fds.o
    0x0002afe2   0x00000012   Code   RO         6139    i.header_has_next   fds.o
    0x0002aff4   0x00000046   Code   RO         1953    i.im_address_resolve  id_manager.o
    0x0002b03a   0x00000002   PAD
    0x0002b03c   0x00000038   Code   RO         1954    i.im_ble_addr_get   id_manager.o
    0x0002b074   0x000000dc   Code   RO         1955    i.im_ble_evt_handler  id_manager.o
    0x0002b150   0x00000040   Code   RO         1956    i.im_conn_handle_get  id_manager.o
    0x0002b190   0x00000038   Code   RO         1958    i.im_find_duplicate_bonding_data  id_manager.o
    0x0002b1c8   0x00000072   Code   RO         1961    i.im_is_duplicate_bonding_data  id_manager.o
    0x0002b23a   0x00000018   Code   RO         1962    i.im_master_id_is_valid  id_manager.o
    0x0002b252   0x0000002a   Code   RO         1963    i.im_master_ids_compare  id_manager.o
    0x0002b27c   0x00000014   Code   RO         1964    i.im_new_peer_id    id_manager.o
    0x0002b290   0x0000002c   Code   RO         1965    i.im_peer_free      id_manager.o
    0x0002b2bc   0x00000024   Code   RO         1966    i.im_peer_id_get_by_conn_handle  id_manager.o
    0x0002b2e0   0x0000003c   Code   RO         1967    i.im_peer_id_get_by_master_id  id_manager.o
    0x0002b31c   0x00000034   Code   RO         6515    i.init              nrf_fstorage_sd.o
    0x0002b350   0x000000c8   Code   RO         6140    i.init_execute      fds.o
    0x0002b418   0x00000028   Code   RO          959    i.instance_get      ble_conn_params.o
    0x0002b440   0x000000a6   Code   RO         5753    i.int_print         nrf_fprintf_format.o
    0x0002b4e6   0x00000002   PAD
    0x0002b4e8   0x0000007c   Code   RO         4580    i.interrupts_enable  nrfx_uarte.o
    0x0002b564   0x00000034   Code   RO         6722    i.invalid_packets_omit  nrf_log_frontend.o
    0x0002b598   0x00000010   Code   RO         6516    i.is_busy           nrf_fstorage_sd.o
    0x0002b5a8   0x00000044   Code   RO          960    i.is_conn_params_ok  ble_conn_params.o
    0x0002b5ec   0x0000004c   Code   RO         1429    i.is_desc_discovery_reqd  ble_db_discovery.o
    0x0002b638   0x00000014   Code   RO         1972    i.is_valid_irk      id_manager.o
    0x0002b64c   0x00000018   Code   RO         1548    i.is_whitelist_used  nrf_ble_scan.o
    0x0002b664   0x0000000c   Code   RO         6141    i.is_word_aligned   fds.o
    0x0002b670   0x00000030   Code   RO          543    i.leds_off          bsp.o
    0x0002b6a0   0x00000014   Code   RO          544    i.leds_timer_handler  bsp.o
    0x0002b6b4   0x00000018   Code   RO         1274    i.link_init         nrf_ble_gatt.o
    0x0002b6cc   0x000000d0   Code   RO         3090    i.link_secure       security_manager.o
    0x0002b79c   0x0000000a   Code   RO         2931    i.link_secure_authenticate  security_dispatcher.o
    0x0002b7a6   0x00000002   PAD
    0x0002b7a8   0x00000068   Code   RO         2932    i.link_secure_central  security_dispatcher.o
    0x0002b810   0x00000094   Code   RO         2933    i.link_secure_central_encryption  security_dispatcher.o
    0x0002b8a4   0x00000032   Code   RO         2934    i.link_secure_failure  security_dispatcher.o
    0x0002b8d6   0x00000002   PAD
    0x0002b8d8   0x0000002c   Code   RO         3091    i.link_secure_pending_handle  security_manager.o
    0x0002b904   0x000000f8   Code   RO         5049    i.list_insertions_handler  app_timer.o
    0x0002b9fc   0x000000a8   Code   RO         1696    i.local_db_apply_in_evt  gatt_cache_manager.o
    0x0002baa4   0x00000010   Code   RO         1697    i.local_db_update   gatt_cache_manager.o
    0x0002bab4   0x0000010c   Code   RO         1698    i.local_db_update_in_evt  gatt_cache_manager.o
    0x0002bbc0   0x0000009c   Code   RO         6723    i.log_skip          nrf_log_frontend.o
    0x0002bc5c   0x0000001c   Code   RO         7617    i.ly_ble_ancs_c_disc_handler  ly_ble_ancs_c.o
    0x0002bc78   0x0000019c   Code   RO         7618    i.ly_ble_ancs_c_init  ly_ble_ancs_c.o
    0x0002be14   0x00000014   Code   RO         7850    i.ly_ble_c_db_disc_handler  ly_ble_c.o
    0x0002be28   0x00000040   Code   RO         7851    i.ly_ble_c_init     ly_ble_c.o
    0x0002be68   0x00000120   Code   RO         7504    i.ly_ble_db_discovery_start  ly_ble.o
    0x0002bf88   0x00000068   Code   RO         7505    i.ly_ble_init       ly_ble.o
    0x0002bff0   0x00000004   Code   RO         7934    i.ly_ble_p_db_disc_handler  ly_ble_p.o
    0x0002bff4   0x00000088   Code   RO         7935    i.ly_ble_p_init     ly_ble_p.o
    0x0002c07c   0x00000094   Code   RO         8098    i.ly_ble_p_protocol_gid_debug_handler  ly_ble_p_protocol.o
    0x0002c110   0x00000104   Code   RO         8099    i.ly_ble_p_protocol_gid_flash_handler  ly_ble_p_protocol.o
    0x0002c214   0x000000a8   Code   RO         8100    i.ly_ble_p_protocol_handler  ly_ble_p_protocol.o
    0x0002c2bc   0x00000100   Code   RO            5    i.main              main.o
    0x0002c3bc   0x00000064   Code   RO          760    i.manuf_specific_data_encode  ble_advdata.o
    0x0002c420   0x0000007e   Code   RO         5792    i.memobj_op         nrf_memobj.o
    0x0002c49e   0x00000002   PAD
    0x0002c4a0   0x00000030   Code   RO         6724    i.module_idx_get    nrf_log_frontend.o
    0x0002c4d0   0x00000008   Code   RO         2878    i.mutex_lock_status_get  pm_buffer.o
    0x0002c4d8   0x000000a6   Code   RO          761    i.name_encode       ble_advdata.o
    0x0002c57e   0x00000002   PAD
    0x0002c580   0x00000014   Code   RO         3092    i.new_context_get   security_manager.o
    0x0002c594   0x00000030   Code   RO         2398    i.next_id_get       peer_id.o
    0x0002c5c4   0x00000084   Code   RO         7619    i.notif_attr_print  ly_ble_ancs_c.o
    0x0002c648   0x00000174   Code   RO         7620    i.notif_print       ly_ble_ancs_c.o
    0x0002c7bc   0x00000010   Code   RO         5403    i.nrf_atfifo_clear  nrf_atfifo.o
    0x0002c7cc   0x00000026   Code   RO         5405    i.nrf_atfifo_init   nrf_atfifo.o
    0x0002c7f2   0x00000016   Code   RO         5406    i.nrf_atfifo_item_alloc  nrf_atfifo.o
    0x0002c808   0x00000016   Code   RO         5407    i.nrf_atfifo_item_free  nrf_atfifo.o
    0x0002c81e   0x00000016   Code   RO         5408    i.nrf_atfifo_item_get  nrf_atfifo.o
    0x0002c834   0x00000016   Code   RO         5409    i.nrf_atfifo_item_put  nrf_atfifo.o
    0x0002c84a   0x00000016   Code   RO         5474    i.nrf_atflags_clear  nrf_atflags.o
    0x0002c860   0x00000020   Code   RO         5476    i.nrf_atflags_fetch_set  nrf_atflags.o
    0x0002c880   0x0000004a   Code   RO         5478    i.nrf_atflags_find_and_set_flag  nrf_atflags.o
    0x0002c8ca   0x00000016   Code   RO         5479    i.nrf_atflags_get   nrf_atflags.o
    0x0002c8e0   0x00000014   Code   RO         5481    i.nrf_atflags_set   nrf_atflags.o
    0x0002c8f4   0x00000006   Code   RO         5541    i.nrf_atomic_flag_clear  nrf_atomic.o
    0x0002c8fa   0x00000006   Code   RO         5542    i.nrf_atomic_flag_clear_fetch  nrf_atomic.o
    0x0002c900   0x00000006   Code   RO         5543    i.nrf_atomic_flag_set  nrf_atomic.o
    0x0002c906   0x00000006   Code   RO         5544    i.nrf_atomic_flag_set_fetch  nrf_atomic.o
    0x0002c90c   0x0000000c   Code   RO         5545    i.nrf_atomic_u32_add  nrf_atomic.o
    0x0002c918   0x0000000c   Code   RO         5546    i.nrf_atomic_u32_and  nrf_atomic.o
    0x0002c924   0x0000000a   Code   RO         5548    i.nrf_atomic_u32_fetch_add  nrf_atomic.o
    0x0002c92e   0x0000000a   Code   RO         5549    i.nrf_atomic_u32_fetch_and  nrf_atomic.o
    0x0002c938   0x0000000a   Code   RO         5550    i.nrf_atomic_u32_fetch_or  nrf_atomic.o
    0x0002c942   0x0000000a   Code   RO         5551    i.nrf_atomic_u32_fetch_store  nrf_atomic.o
    0x0002c94c   0x0000000c   Code   RO         5555    i.nrf_atomic_u32_or  nrf_atomic.o
    0x0002c958   0x0000000c   Code   RO         5557    i.nrf_atomic_u32_sub  nrf_atomic.o
    0x0002c964   0x00000044   Code   RO         5676    i.nrf_balloc_alloc  nrf_balloc.o
    0x0002c9a8   0x00000030   Code   RO         5677    i.nrf_balloc_free   nrf_balloc.o
    0x0002c9d8   0x00000030   Code   RO         5678    i.nrf_balloc_init   nrf_balloc.o
    0x0002ca08   0x00000010   Code   RO         4042    i.nrf_bitmask_bit_is_set  nrfx_gpiote.o
    0x0002ca18   0x00000014   Code   RO         4043    i.nrf_bitmask_bit_set  nrfx_gpiote.o
    0x0002ca2c   0x00000026   Code   RO         3419    i.nrf_ble_ancs_c_app_attr_add  nrf_ble_ancs_c.o
    0x0002ca52   0x00000024   Code   RO         3421    i.nrf_ble_ancs_c_attr_add  nrf_ble_ancs_c.o
    0x0002ca76   0x00000022   Code   RO         3423    i.nrf_ble_ancs_c_handles_assign  nrf_ble_ancs_c.o
    0x0002ca98   0x0000002c   Code   RO         1280    i.nrf_ble_gatt_init  nrf_ble_gatt.o
    0x0002cac4   0x00000170   Code   RO         1281    i.nrf_ble_gatt_on_ble_evt  nrf_ble_gatt.o
    0x0002cc34   0x00000050   Code   RO         1550    i.nrf_ble_scan_connect_with_target  nrf_ble_scan.o
    0x0002cc84   0x00000014   Code   RO         1552    i.nrf_ble_scan_default_conn_param_set  nrf_ble_scan.o
    0x0002cc98   0x00000020   Code   RO         1553    i.nrf_ble_scan_default_param_set  nrf_ble_scan.o
    0x0002ccb8   0x0000006e   Code   RO         1555    i.nrf_ble_scan_filter_set  nrf_ble_scan.o
    0x0002cd26   0x00000010   Code   RO         1556    i.nrf_ble_scan_filters_disable  nrf_ble_scan.o
    0x0002cd36   0x0000003a   Code   RO         1557    i.nrf_ble_scan_filters_enable  nrf_ble_scan.o
    0x0002cd70   0x00000072   Code   RO         1558    i.nrf_ble_scan_init  nrf_ble_scan.o
    0x0002cde2   0x00000002   PAD
    0x0002cde4   0x000000d2   Code   RO         1559    i.nrf_ble_scan_on_adv_report  nrf_ble_scan.o
    0x0002ceb6   0x000000ae   Code   RO         1560    i.nrf_ble_scan_on_ble_evt  nrf_ble_scan.o
    0x0002cf64   0x00000088   Code   RO         1562    i.nrf_ble_scan_start  nrf_ble_scan.o
    0x0002cfec   0x0000000e   Code   RO         3901    i.nrf_clock_event_check  nrfx_clock.o
    0x0002cffa   0x00000010   Code   RO         3902    i.nrf_clock_event_clear  nrfx_clock.o
    0x0002d00a   0x00000002   PAD
    0x0002d00c   0x00000038   Code   RO         3571    i.nrf_drv_clock_init  nrf_drv_clock.o
    0x0002d044   0x00000030   Code   RO         3575    i.nrf_drv_clock_lfclk_release  nrf_drv_clock.o
    0x0002d074   0x00000068   Code   RO         3709    i.nrf_drv_uart_init  nrf_drv_uart.o
    0x0002d0dc   0x00000020   Code   RO         5211    i.nrf_drv_uart_tx   app_uart_fifo.o
    0x0002d0fc   0x0000001a   Code   RO         5713    i.nrf_fprintf       nrf_fprintf.o
    0x0002d116   0x00000018   Code   RO         5714    i.nrf_fprintf_buffer_flush  nrf_fprintf.o
    0x0002d12e   0x000001da   Code   RO         5754    i.nrf_fprintf_fmt   nrf_fprintf_format.o
    0x0002d308   0x00000138   Code   RO         6428    i.nrf_fstorage_erase  nrf_fstorage.o
    0x0002d440   0x00000094   Code   RO         6429    i.nrf_fstorage_init  nrf_fstorage.o
    0x0002d4d4   0x00000018   Code   RO         6517    i.nrf_fstorage_sdh_req_handler  nrf_fstorage_sd.o
    0x0002d4ec   0x00000020   Code   RO         6518    i.nrf_fstorage_sdh_state_handler  nrf_fstorage_sd.o
    0x0002d50c   0x000000a4   Code   RO         6519    i.nrf_fstorage_sys_evt_handler  nrf_fstorage_sd.o
    0x0002d5b0   0x000001dc   Code   RO         6435    i.nrf_fstorage_write  nrf_fstorage.o
    0x0002d78c   0x00000032   Code   RO          402    i.nrf_gpio_cfg      boards.o
    0x0002d7be   0x00000032   Code   RO         4044    i.nrf_gpio_cfg      nrfx_gpiote.o
    0x0002d7f0   0x00000032   Code   RO         4382    i.nrf_gpio_cfg      nrfx_uart.o
    0x0002d822   0x00000032   Code   RO         4581    i.nrf_gpio_cfg      nrfx_uarte.o
    0x0002d854   0x00000012   Code   RO         4383    i.nrf_gpio_cfg_default  nrfx_uart.o
    0x0002d866   0x00000012   Code   RO         4582    i.nrf_gpio_cfg_default  nrfx_uarte.o
    0x0002d878   0x00000012   Code   RO         4384    i.nrf_gpio_cfg_input  nrfx_uart.o
    0x0002d88a   0x00000012   Code   RO         4583    i.nrf_gpio_cfg_input  nrfx_uarte.o
    0x0002d89c   0x00000014   Code   RO         4385    i.nrf_gpio_cfg_output  nrfx_uart.o
    0x0002d8b0   0x00000014   Code   RO         4584    i.nrf_gpio_cfg_output  nrfx_uarte.o
    0x0002d8c4   0x00000030   Code   RO         4046    i.nrf_gpio_cfg_sense_set  nrfx_gpiote.o
    0x0002d8f4   0x00000014   Code   RO         8204    i.nrf_gpio_pin_clear  drv_gt24l24a2y.o
    0x0002d908   0x0000001c   Code   RO          403    i.nrf_gpio_pin_port_decode  boards.o
    0x0002d924   0x0000001c   Code   RO         4048    i.nrf_gpio_pin_port_decode  nrfx_gpiote.o
    0x0002d940   0x0000001c   Code   RO         4386    i.nrf_gpio_pin_port_decode  nrfx_uart.o
    0x0002d95c   0x0000001c   Code   RO         4585    i.nrf_gpio_pin_port_decode  nrfx_uarte.o
    0x0002d978   0x0000001c   Code   RO         8205    i.nrf_gpio_pin_port_decode  drv_gt24l24a2y.o
    0x0002d994   0x00000016   Code   RO         4049    i.nrf_gpio_pin_read  nrfx_gpiote.o
    0x0002d9aa   0x00000016   Code   RO         8206    i.nrf_gpio_pin_read  drv_gt24l24a2y.o
    0x0002d9c0   0x00000014   Code   RO         4387    i.nrf_gpio_pin_set  nrfx_uart.o
    0x0002d9d4   0x00000014   Code   RO         4586    i.nrf_gpio_pin_set  nrfx_uarte.o
    0x0002d9e8   0x00000014   Code   RO         8207    i.nrf_gpio_pin_set  drv_gt24l24a2y.o
    0x0002d9fc   0x00000026   Code   RO          404    i.nrf_gpio_pin_write  boards.o
    0x0002da22   0x00000002   PAD
    0x0002da24   0x0000002c   Code   RO         4051    i.nrf_gpio_ports_read  nrfx_gpiote.o
    0x0002da50   0x00000014   Code   RO         4052    i.nrf_gpiote_event_clear  nrfx_gpiote.o
    0x0002da64   0x00000010   Code   RO         4053    i.nrf_gpiote_event_is_set  nrfx_gpiote.o
    0x0002da74   0x0000005c   Code   RO         6725    i.nrf_log_backend_add  nrf_log_frontend.o
    0x0002dad0   0x000000c8   Code   RO         6643    i.nrf_log_backend_serial_put  nrf_log_backend_serial.o
    0x0002db98   0x00000002   Code   RO         6957    i.nrf_log_backend_uart_flush  nrf_log_backend_uart.o
    0x0002db9a   0x00000006   Code   RO         6958    i.nrf_log_backend_uart_init  nrf_log_backend_uart.o
    0x0002dba0   0x0000002c   Code   RO         6959    i.nrf_log_backend_uart_panic_set  nrf_log_backend_uart.o
    0x0002dbcc   0x00000018   Code   RO         6960    i.nrf_log_backend_uart_put  nrf_log_backend_uart.o
    0x0002dbe4   0x00000030   Code   RO         6727    i.nrf_log_color_id_get  nrf_log_frontend.o
    0x0002dc14   0x0000001c   Code   RO         6683    i.nrf_log_default_backends_init  nrf_log_default_backends.o
    0x0002dc30   0x00000234   Code   RO         6728    i.nrf_log_frontend_dequeue  nrf_log_frontend.o
    0x0002de64   0x000000a8   Code   RO         6729    i.nrf_log_frontend_hexdump  nrf_log_frontend.o
    0x0002df0c   0x00000008   Code   RO         6730    i.nrf_log_frontend_std_0  nrf_log_frontend.o
    0x0002df14   0x0000000e   Code   RO         6731    i.nrf_log_frontend_std_1  nrf_log_frontend.o
    0x0002df22   0x00000010   Code   RO         6732    i.nrf_log_frontend_std_2  nrf_log_frontend.o
    0x0002df32   0x00000012   Code   RO         6733    i.nrf_log_frontend_std_3  nrf_log_frontend.o
    0x0002df44   0x00000014   Code   RO         6734    i.nrf_log_frontend_std_4  nrf_log_frontend.o
    0x0002df58   0x0000001c   Code   RO         6735    i.nrf_log_frontend_std_5  nrf_log_frontend.o
    0x0002df74   0x000000b0   Code   RO         6905    i.nrf_log_hexdump_entry_process  nrf_log_str_formatter.o
    0x0002e024   0x0000003c   Code   RO         6737    i.nrf_log_init      nrf_log_frontend.o
    0x0002e060   0x00000014   Code   RO         6738    i.nrf_log_module_cnt_get  nrf_log_frontend.o
    0x0002e074   0x0000001c   Code   RO         6741    i.nrf_log_module_name_get  nrf_log_frontend.o
    0x0002e090   0x0000002c   Code   RO         6742    i.nrf_log_panic     nrf_log_frontend.o
    0x0002e0bc   0x00000060   Code   RO         6743    i.nrf_log_push      nrf_log_frontend.o
    0x0002e11c   0x000000b6   Code   RO         6906    i.nrf_log_std_entry_process  nrf_log_str_formatter.o
    0x0002e1d2   0x00000060   Code   RO         5793    i.nrf_memobj_alloc  nrf_memobj.o
    0x0002e232   0x00000032   Code   RO         5794    i.nrf_memobj_free   nrf_memobj.o
    0x0002e264   0x00000008   Code   RO         5795    i.nrf_memobj_get    nrf_memobj.o
    0x0002e26c   0x00000004   Code   RO         5796    i.nrf_memobj_pool_init  nrf_memobj.o
    0x0002e270   0x0000001e   Code   RO         5797    i.nrf_memobj_put    nrf_memobj.o
    0x0002e28e   0x00000010   Code   RO         5798    i.nrf_memobj_read   nrf_memobj.o
    0x0002e29e   0x00000010   Code   RO         5799    i.nrf_memobj_write  nrf_memobj.o
    0x0002e2ae   0x00000002   PAD
    0x0002e2b0   0x00000028   Code   RO         5871    i.nrf_pwr_mgmt_init  nrf_pwr_mgmt.o
    0x0002e2d8   0x00000044   Code   RO         5872    i.nrf_pwr_mgmt_run  nrf_pwr_mgmt.o
    0x0002e31c   0x00000070   Code   RO         5940    i.nrf_ringbuf_alloc  nrf_ringbuf.o
    0x0002e38c   0x00000026   Code   RO         5943    i.nrf_ringbuf_free  nrf_ringbuf.o
    0x0002e3b2   0x0000001c   Code   RO         5945    i.nrf_ringbuf_init  nrf_ringbuf.o
    0x0002e3ce   0x00000030   Code   RO         5946    i.nrf_ringbuf_put   nrf_ringbuf.o
    0x0002e3fe   0x00000002   PAD
    0x0002e400   0x00000014   Code   RO         7411    i.nrf_sdh_ble_app_ram_start_get  nrf_sdh_ble.o
    0x0002e414   0x00000138   Code   RO         7412    i.nrf_sdh_ble_default_cfg_set  nrf_sdh_ble.o
    0x0002e54c   0x00000130   Code   RO         7413    i.nrf_sdh_ble_enable  nrf_sdh_ble.o
    0x0002e67c   0x000000a8   Code   RO         7414    i.nrf_sdh_ble_evts_poll  nrf_sdh_ble.o
    0x0002e724   0x00000054   Code   RO         7292    i.nrf_sdh_disable_request  nrf_sdh.o
    0x0002e778   0x00000074   Code   RO         7293    i.nrf_sdh_enable_request  nrf_sdh.o
    0x0002e7ec   0x00000024   Code   RO         7294    i.nrf_sdh_evts_poll  nrf_sdh.o
    0x0002e810   0x0000000c   Code   RO         7295    i.nrf_sdh_is_enabled  nrf_sdh.o
    0x0002e81c   0x0000001c   Code   RO         7297    i.nrf_sdh_request_continue  nrf_sdh.o
    0x0002e838   0x00000080   Code   RO         7465    i.nrf_sdh_soc_evts_poll  nrf_sdh_soc.o
    0x0002e8b8   0x0000000a   Code   RO         6003    i.nrf_section_iter_init  nrf_section_iter.o
    0x0002e8c2   0x00000024   Code   RO         6004    i.nrf_section_iter_item_set  nrf_section_iter.o
    0x0002e8e6   0x00000020   Code   RO         6005    i.nrf_section_iter_next  nrf_section_iter.o
    0x0002e906   0x00000002   PAD
    0x0002e908   0x00000038   Code   RO         6038    i.nrf_strerror_find  nrf_strerror.o
    0x0002e940   0x00000014   Code   RO         6039    i.nrf_strerror_get  nrf_strerror.o
    0x0002e954   0x0000000a   Code   RO         4388    i.nrf_uart_event_check  nrfx_uart.o
    0x0002e95e   0x0000000c   Code   RO         4389    i.nrf_uart_event_clear  nrfx_uart.o
    0x0002e96a   0x0000000c   Code   RO         4390    i.nrf_uart_int_enable_check  nrfx_uart.o
    0x0002e976   0x0000000a   Code   RO         4587    i.nrf_uarte_event_check  nrfx_uarte.o
    0x0002e980   0x0000000c   Code   RO         4588    i.nrf_uarte_event_clear  nrfx_uarte.o
    0x0002e98c   0x0000002c   Code   RO         3907    i.nrfx_clock_enable  nrfx_clock.o
    0x0002e9b8   0x00000020   Code   RO         3910    i.nrfx_clock_init   nrfx_clock.o
    0x0002e9d8   0x0000001c   Code   RO         3913    i.nrfx_clock_lfclk_stop  nrfx_clock.o
    0x0002e9f4   0x00000010   Code   RO         5050    i.nrfx_coredep_delay_us  app_timer.o
    0x0002ea04   0x00000098   Code   RO         4058    i.nrfx_gpiote_in_event_enable  nrfx_gpiote.o
    0x0002ea9c   0x000000d4   Code   RO         4059    i.nrfx_gpiote_in_init  nrfx_gpiote.o
    0x0002eb70   0x0000000e   Code   RO         4060    i.nrfx_gpiote_in_is_set  nrfx_gpiote.o
    0x0002eb7e   0x00000002   PAD
    0x0002eb80   0x00000070   Code   RO         4062    i.nrfx_gpiote_init  nrfx_gpiote.o
    0x0002ebf0   0x00000014   Code   RO         4063    i.nrfx_gpiote_is_init  nrfx_gpiote.o
    0x0002ec04   0x00000010   Code   RO         4589    i.nrfx_is_in_ram    nrfx_uarte.o
    0x0002ec14   0x0000003a   Code   RO         4328    i.nrfx_prs_acquire  nrfx_prs.o
    0x0002ec4e   0x00000012   Code   RO         4329    i.nrfx_prs_release  nrfx_prs.o
    0x0002ec60   0x00000010   Code   RO         4391    i.nrfx_uart_0_irq_handler  nrfx_uart.o
    0x0002ec70   0x000000d0   Code   RO         4393    i.nrfx_uart_init    nrfx_uart.o
    0x0002ed40   0x000000a4   Code   RO         4399    i.nrfx_uart_tx      nrfx_uart.o
    0x0002ede4   0x00000020   Code   RO         4401    i.nrfx_uart_tx_in_progress  nrfx_uart.o
    0x0002ee04   0x000000b4   Code   RO         4402    i.nrfx_uart_uninit  nrfx_uart.o
    0x0002eeb8   0x00000010   Code   RO         4590    i.nrfx_uarte_0_irq_handler  nrfx_uarte.o
    0x0002eec8   0x0000006c   Code   RO         4592    i.nrfx_uarte_init   nrfx_uarte.o
    0x0002ef34   0x00000090   Code   RO         4596    i.nrfx_uarte_tx     nrfx_uarte.o
    0x0002efc4   0x0000001c   Code   RO         4598    i.nrfx_uarte_tx_in_progress  nrfx_uarte.o
    0x0002efe0   0x000000b0   Code   RO         4599    i.nrfx_uarte_uninit  nrfx_uarte.o
    0x0002f090   0x000001ac   Code   RO         7852    i.on_ble_central_evt  ly_ble_c.o
    0x0002f23c   0x00000594   Code   RO         7936    i.on_ble_peripheral_evt  ly_ble_p.o
    0x0002f7d0   0x00000150   Code   RO         1430    i.on_characteristic_discovery_rsp  ble_db_discovery.o
    0x0002f920   0x000000d0   Code   RO         7711    i.on_connect        ly_ble_tus.o
    0x0002f9f0   0x000000a8   Code   RO         1282    i.on_connected_evt  nrf_ble_gatt.o
    0x0002fa98   0x000000f0   Code   RO         1431    i.on_descriptor_discovery_rsp  ble_db_discovery.o
    0x0002fb88   0x0000007c   Code   RO         7937    i.on_disconnect     ly_ble_p.o
    0x0002fc04   0x000000ac   Code   RO         1283    i.on_exchange_mtu_request_evt  nrf_ble_gatt.o
    0x0002fcb0   0x00000060   Code   RO         7712    i.on_hvx_tx_complete  ly_ble_tus.o
    0x0002fd10   0x00000068   Code   RO         1432    i.on_primary_srv_discovery_rsp  ble_db_discovery.o
    0x0002fd78   0x0000007c   Code   RO         1433    i.on_srv_disc_completion  ble_db_discovery.o
    0x0002fdf4   0x000000ec   Code   RO         7713    i.on_write          ly_ble_tus.o
    0x0002fee0   0x00000024   Code   RO         6142    i.page_identify     fds.o
    0x0002ff04   0x0000001c   Code   RO         6143    i.page_offsets_update  fds.o
    0x0002ff20   0x0000006c   Code   RO         6144    i.page_scan         fds.o
    0x0002ff8c   0x0000001c   Code   RO         6145    i.page_tag_write_data  fds.o
    0x0002ffa8   0x00000024   Code   RO         6146    i.page_tag_write_swap  fds.o
    0x0002ffcc   0x0000011c   Code   RO         6147    i.pages_init        fds.o
    0x000300e8   0x0000000c   Code   RO         2935    i.pairing           security_dispatcher.o
    0x000300f4   0x00000074   Code   RO         2936    i.pairing_failure   security_dispatcher.o
    0x00030168   0x0000002e   Code   RO         2937    i.pairing_success_evt_send  security_dispatcher.o
    0x00030196   0x00000006   Code   RO         3093    i.params_reply_pending_handle  security_manager.o
    0x0003019c   0x00000028   Code   RO         3094    i.params_req_send   security_manager.o
    0x000301c4   0x00000090   Code   RO         3425    i.parse_notif       nrf_ble_ancs_c.o
    0x00030254   0x0000001c   Code   RO         2278    i.pdb_evt_send      peer_database.o
    0x00030270   0x00000090   Code   RO         2279    i.pdb_init          peer_database.o
    0x00030300   0x0000007c   Code   RO         2280    i.pdb_pds_evt_handler  peer_database.o
    0x0003037c   0x00000006   Code   RO         2281    i.pdb_peer_data_ptr_get  peer_database.o
    0x00030382   0x00000002   PAD
    0x00030384   0x0000008c   Code   RO         2282    i.pdb_peer_free     peer_database.o
    0x00030410   0x000000dc   Code   RO         2283    i.pdb_write_buf_get  peer_database.o
    0x000304ec   0x00000014   Code   RO         2284    i.pdb_write_buf_release  peer_database.o
    0x00030500   0x00000036   Code   RO         2285    i.pdb_write_buf_store  peer_database.o
    0x00030536   0x00000002   PAD
    0x00030538   0x00000010   Code   RO         2137    i.pds_evt_send      peer_data_storage.o
    0x00030548   0x000000dc   Code   RO         2138    i.pds_init          peer_data_storage.o
    0x00030624   0x00000004   Code   RO         2139    i.pds_next_deleted_peer_id_get  peer_data_storage.o
    0x00030628   0x00000004   Code   RO         2140    i.pds_next_peer_id_get  peer_data_storage.o
    0x0003062c   0x00000058   Code   RO         2143    i.pds_peer_data_iterate  peer_data_storage.o
    0x00030684   0x00000010   Code   RO         2144    i.pds_peer_data_iterate_prepare  peer_data_storage.o
    0x00030694   0x00000072   Code   RO         2145    i.pds_peer_data_read  peer_data_storage.o
    0x00030706   0x00000002   PAD
    0x00030708   0x000000a0   Code   RO         2146    i.pds_peer_data_store  peer_data_storage.o
    0x000307a8   0x00000008   Code   RO         2147    i.pds_peer_id_allocate  peer_data_storage.o
    0x000307b0   0x00000016   Code   RO         2148    i.pds_peer_id_free  peer_data_storage.o
    0x000307c6   0x00000004   Code   RO         2149    i.pds_peer_id_is_allocated  peer_data_storage.o
    0x000307ca   0x00000002   PAD
    0x000307cc   0x0000009c   Code   RO         2151    i.peer_data_delete_process  peer_data_storage.o
    0x00030868   0x00000030   Code   RO         2152    i.peer_data_find    peer_data_storage.o
    0x00030898   0x00000024   Code   RO         2153    i.peer_data_id_is_valid  peer_data_storage.o
    0x000308bc   0x0000001a   Code   RO         2286    i.peer_data_point_to_buffer  peer_database.o
    0x000308d6   0x00000002   PAD
    0x000308d8   0x0000000c   Code   RO         2399    i.peer_id_allocate  peer_id.o
    0x000308e4   0x00000024   Code   RO         2400    i.peer_id_delete    peer_id.o
    0x00030908   0x0000001c   Code   RO         2401    i.peer_id_free      peer_id.o
    0x00030924   0x0000000c   Code   RO         2402    i.peer_id_get_next_deleted  peer_id.o
    0x00030930   0x00000030   Code   RO         2403    i.peer_id_get_next_used  peer_id.o
    0x00030960   0x0000000c   Code   RO         2404    i.peer_id_init      peer_id.o
    0x0003096c   0x00000014   Code   RO         2405    i.peer_id_is_allocated  peer_id.o
    0x00030980   0x00000014   Code   RO         2406    i.peer_id_is_deleted  peer_id.o
    0x00030994   0x00000084   Code   RO         7506    i.peer_manager_init  ly_ble.o
    0x00030a18   0x00000016   Code   RO          869    i.phy_is_valid      ble_advertising.o
    0x00030a2e   0x00000002   PAD
    0x00030a30   0x00000018   Code   RO         4079    i.pin_in_use_by_port  nrfx_gpiote.o
    0x00030a48   0x00000018   Code   RO         4080    i.pin_in_use_by_te  nrfx_gpiote.o
    0x00030a60   0x00000064   Code   RO         2879    i.pm_buffer_block_acquire  pm_buffer.o
    0x00030ac4   0x00000024   Code   RO         2880    i.pm_buffer_init    pm_buffer.o
    0x00030ae8   0x00000028   Code   RO         2881    i.pm_buffer_ptr_get  pm_buffer.o
    0x00030b10   0x00000032   Code   RO         2882    i.pm_buffer_release  pm_buffer.o
    0x00030b42   0x0000000a   Code   RO         2491    i.pm_conn_sec_config_reply  peer_manager.o
    0x00030b4c   0x00000078   Code   RO         2493    i.pm_conn_sec_status_get  peer_manager.o
    0x00030bc4   0x0000001c   Code   RO         2494    i.pm_conn_secure    peer_manager.o
    0x00030be0   0x00000344   Code   RO         7507    i.pm_evt_handler    ly_ble.o
    0x00030f24   0x00000004   Code   RO         2496    i.pm_gcm_evt_handler  peer_manager.o
    0x00030f28   0x00000004   Code   RO         2497    i.pm_gscm_evt_handler  peer_manager.o
    0x00030f2c   0x00000074   Code   RO         2789    i.pm_handler_disconnect_on_sec_failure  peer_manager_handler.o
    0x00030fa0   0x0000022c   Code   RO         2790    i.pm_handler_flash_clean  peer_manager_handler.o
    0x000311cc   0x0000001c   Code   RO         2791    i.pm_handler_flash_clean_on_return  peer_manager_handler.o
    0x000311e8   0x00000060   Code   RO         2792    i.pm_handler_on_pm_evt  peer_manager_handler.o
    0x00031248   0x000002dc   Code   RO         2793    i.pm_handler_pm_evt_log  peer_manager_handler.o
    0x00031524   0x00000004   Code   RO         2500    i.pm_im_evt_handler  peer_manager.o
    0x00031528   0x000001bc   Code   RO         2501    i.pm_init           peer_manager.o
    0x000316e4   0x00000120   Code   RO         2505    i.pm_pdb_evt_handler  peer_manager.o
    0x00031804   0x00000014   Code   RO         2516    i.pm_peer_delete    peer_manager.o
    0x00031818   0x0000011c   Code   RO         2520    i.pm_peer_rank_highest  peer_manager.o
    0x00031934   0x000000ec   Code   RO         2521    i.pm_peer_ranks_get  peer_manager.o
    0x00031a20   0x00000094   Code   RO         2522    i.pm_peers_delete   peer_manager.o
    0x00031ab4   0x0000002c   Code   RO         2525    i.pm_register       peer_manager.o
    0x00031ae0   0x00000014   Code   RO         2526    i.pm_sec_params_set  peer_manager.o
    0x00031af4   0x0000000a   Code   RO         2527    i.pm_sm_evt_handler  peer_manager.o
    0x00031afe   0x00000002   PAD
    0x00031b00   0x0000003c   Code   RO         6908    i.postfix_process   nrf_log_str_formatter.o
    0x00031b3c   0x00000098   Code   RO         6909    i.prefix_process    nrf_log_str_formatter.o
    0x00031bd4   0x0000003c   Code   RO         7853    i.print_ly_ble_c    ly_ble_c.o
    0x00031c10   0x0000003c   Code   RO         7938    i.print_ly_ble_p    ly_ble_p.o
    0x00031c4c   0x00000018   Code   RO         4330    i.prs_box_get       nrfx_prs.o
    0x00031c64   0x0000001c   Code   RO         6148    i.queue_buf_get     fds.o
    0x00031c80   0x00000010   Code   RO         6149    i.queue_buf_store   fds.o
    0x00031c90   0x00000014   Code   RO         6520    i.queue_free        nrf_fstorage_sd.o
    0x00031ca4   0x000000a0   Code   RO         6150    i.queue_process     fds.o
    0x00031d44   0x000000a0   Code   RO         6521    i.queue_process     nrf_fstorage_sd.o
    0x00031de4   0x0000001c   Code   RO         6151    i.queue_start       fds.o
    0x00031e00   0x00000024   Code   RO         6522    i.queue_start       nrf_fstorage_sd.o
    0x00031e24   0x0000001c   Code   RO         2796    i.rank_highest      peer_manager_handler.o
    0x00031e40   0x00000028   Code   RO         2530    i.rank_vars_update  peer_manager.o
    0x00031e68   0x0000000e   Code   RO         6523    i.read              nrf_fstorage_sd.o
    0x00031e76   0x00000002   PAD
    0x00031e78   0x000000b0   Code   RO         2287    i.reattempt_previous_operations  peer_database.o
    0x00031f28   0x00000088   Code   RO         6152    i.record_find       fds.o
    0x00031fb0   0x000000a0   Code   RO         6153    i.record_find_by_desc  fds.o
    0x00032050   0x0000005c   Code   RO         6154    i.record_find_next  fds.o
    0x000320ac   0x00000038   Code   RO         6155    i.record_header_flag_dirty  fds.o
    0x000320e4   0x00000038   Code   RO         1435    i.registered_handler_get  ble_db_discovery.o
    0x0003211c   0x000000a8   Code   RO         1436    i.registered_handler_set  ble_db_discovery.o
    0x000321c4   0x00000010   Code   RO         2408    i.release           peer_id.o
    0x000321d4   0x00000004   Code   RO         6524    i.rmap              nrf_fstorage_sd.o
    0x000321d8   0x0000003c   Code   RO         5051    i.rtc1_stop         app_timer.o
    0x00032214   0x00000032   Code   RO         4403    i.rx_byte           nrfx_uart.o
    0x00032246   0x00000016   Code   RO         4404    i.rx_done_event     nrfx_uart.o
    0x0003225c   0x00000016   Code   RO         4600    i.rx_done_event     nrfx_uarte.o
    0x00032272   0x00000002   PAD
    0x00032274   0x00000024   Code   RO         1699    i.sc_send_pending_handle  gatt_cache_manager.o
    0x00032298   0x00000168   Code   RO         7854    i.scan_evt_handler  ly_ble_c.o
    0x00032400   0x00000074   Code   RO         7855    i.scan_init         ly_ble_c.o
    0x00032474   0x00000044   Code   RO         7856    i.scan_start        ly_ble_c.o
    0x000324b8   0x00000050   Code   RO         3578    i.sd_state_evt_handler  nrf_drv_clock.o
    0x00032508   0x00000030   Code   RO         7300    i.sdh_request_observer_notify  nrf_sdh.o
    0x00032538   0x0000002c   Code   RO         7301    i.sdh_state_observer_notify  nrf_sdh.o
    0x00032564   0x000000d8   Code   RO         2938    i.sec_info_request_process  security_dispatcher.o
    0x0003263c   0x000000f4   Code   RO         2939    i.sec_keyset_fill   security_dispatcher.o
    0x00032730   0x00000076   Code   RO         3095    i.sec_params_verify  security_manager.o
    0x000327a6   0x00000002   PAD
    0x000327a8   0x00000060   Code   RO         2940    i.sec_proc_start    security_dispatcher.o
    0x00032808   0x0000000c   Code   RO         2941    i.sec_procedure     security_dispatcher.o
    0x00032814   0x00000022   Code   RO         2942    i.send_config_req   security_dispatcher.o
    0x00032836   0x00000002   PAD
    0x00032838   0x00000010   Code   RO          961    i.send_error_evt    ble_conn_params.o
    0x00032848   0x00000028   Code   RO         1700    i.send_unexpected_error  gatt_cache_manager.o
    0x00032870   0x00000028   Code   RO         2943    i.send_unexpected_error  security_dispatcher.o
    0x00032898   0x00000048   Code   RO         6961    i.serial_tx         nrf_log_backend_uart.o
    0x000328e0   0x00000070   Code   RO         1701    i.service_changed_cccd  gatt_cache_manager.o
    0x00032950   0x00000014   Code   RO         1702    i.service_changed_pending_flags_check  gatt_cache_manager.o
    0x00032964   0x00000094   Code   RO         1865    i.service_changed_pending_set  gatts_cache_manager.o
    0x000329f8   0x00000104   Code   RO         1703    i.service_changed_send_in_evt  gatt_cache_manager.o
    0x00032afc   0x00000088   Code   RO          762    i.service_data_encode  ble_advdata.o
    0x00032b84   0x00000030   Code   RO         1217    i.set_security_req  ble_srv_common.o
    0x00032bb4   0x0000002c   Code   RO         3096    i.sm_ble_evt_handler  security_manager.o
    0x00032be0   0x00000004   Code   RO         3097    i.sm_conn_sec_config_reply  security_manager.o
    0x00032be4   0x00000058   Code   RO         3098    i.sm_init           security_manager.o
    0x00032c3c   0x0000000a   Code   RO         3100    i.sm_link_secure    security_manager.o
    0x00032c46   0x00000002   PAD
    0x00032c48   0x00000044   Code   RO         3101    i.sm_pdb_evt_handler  security_manager.o
    0x00032c8c   0x00000034   Code   RO         3103    i.sm_sec_params_set  security_manager.o
    0x00032cc0   0x00000060   Code   RO         3104    i.sm_smd_evt_handler  security_manager.o
    0x00032d20   0x00000124   Code   RO         2944    i.smd_ble_evt_handler  security_dispatcher.o
    0x00032e44   0x00000010   Code   RO         2945    i.smd_conn_sec_config_reply  security_dispatcher.o
    0x00032e54   0x00000068   Code   RO         2946    i.smd_init          security_dispatcher.o
    0x00032ebc   0x0000003a   Code   RO         2947    i.smd_link_secure   security_dispatcher.o
    0x00032ef6   0x00000002   PAD
    0x00032ef8   0x000000b0   Code   RO         2948    i.smd_params_reply  security_dispatcher.o
    0x00032fa8   0x00000040   Code   RO         3105    i.smd_params_reply_perform  security_manager.o
    0x00032fe8   0x00000018   Code   RO         3579    i.soc_evt_handler   nrf_drv_clock.o
    0x00033000   0x00000078   Code   RO         7302    i.softdevice_evt_irq_disable  nrf_sdh.o
    0x00033078   0x00000098   Code   RO         7303    i.softdevices_evt_irq_enable  nrf_sdh.o
    0x00033110   0x0000008c   Code   RO         6744    i.std_n             nrf_log_frontend.o
    0x0003319c   0x0000006c   Code   RO         1704    i.store_car_value   gatt_cache_manager.o
    0x00033208   0x00000044   Code   RO            6    i.sys_tick_timeout_handler  main.o
    0x0003324c   0x00000080   Code   RO         5052    i.timer_list_handler  app_timer.o
    0x000332cc   0x0000003c   Code   RO         5053    i.timer_list_insert  app_timer.o
    0x00033308   0x00000060   Code   RO         5054    i.timer_list_remove  app_timer.o
    0x00033368   0x00000048   Code   RO         5055    i.timer_stop_op_schedule  app_timer.o
    0x000333b0   0x00000074   Code   RO         5056    i.timer_timeouts_check  app_timer.o
    0x00033424   0x000000ac   Code   RO         7858    i.tus_c_evt_handler  ly_ble_c.o
    0x000334d0   0x00000010   Code   RO         3367    i.tx_buffer_init    ancs_tx_buffer.o
    0x000334e0   0x00000060   Code   RO         3368    i.tx_buffer_insert  ancs_tx_buffer.o
    0x00033540   0x00000048   Code   RO         3369    i.tx_buffer_process  ancs_tx_buffer.o
    0x00033588   0x00000020   Code   RO         4406    i.tx_byte           nrfx_uart.o
    0x000335a8   0x0000001a   Code   RO         4407    i.tx_done_event     nrfx_uart.o
    0x000335c2   0x00000002   PAD
    0x000335c4   0x00000030   Code   RO         3710    i.uart_evt_handler  nrf_drv_uart.o
    0x000335f4   0x0000000c   Code   RO         6962    i.uart_evt_handler  nrf_log_backend_uart.o
    0x00033600   0x00000058   Code   RO         6963    i.uart_init         nrf_log_backend_uart.o
    0x00033658   0x00000128   Code   RO         4408    i.uart_irq_handler  nrfx_uart.o
    0x00033780   0x00000030   Code   RO         3711    i.uarte_evt_handler  nrf_drv_uart.o
    0x000337b0   0x000000f2   Code   RO         4601    i.uarte_irq_handler  nrfx_uarte.o
    0x000338a2   0x0000000a   Code   RO          763    i.uint16_encode     ble_advdata.o
    0x000338ac   0x0000000a   Code   RO         8102    i.uint32_decode     ly_ble_p_protocol.o
    0x000338b6   0x00000002   PAD
    0x000338b8   0x00000020   Code   RO         6525    i.uninit            nrf_fstorage_sd.o
    0x000338d8   0x000000b4   Code   RO         5755    i.unsigned_print    nrf_fprintf_format.o
    0x0003398c   0x00000030   Code   RO         1705    i.update_pending_flags_check  gatt_cache_manager.o
    0x000339bc   0x00000068   Code   RO          962    i.update_timeout_handler  ble_conn_params.o
    0x00033a24   0x00000018   Code   RO          870    i.use_whitelist     ble_advertising.o
    0x00033a3c   0x0000000c   Code   RO         1047    i.user_flag_is_acquired  ble_conn_state.o
    0x00033a48   0x00000030   Code   RO         5057    i.user_op_alloc     app_timer.o
    0x00033a78   0x00000030   Code   RO          764    i.uuid_list_encode  ble_advdata.o
    0x00033aa8   0x0000009e   Code   RO          765    i.uuid_list_sized_encode  ble_advdata.o
    0x00033b46   0x00000004   Code   RO         6526    i.wmap              nrf_fstorage_sd.o
    0x00033b4a   0x00000002   PAD
    0x00033b4c   0x00000050   Code   RO         6527    i.write             nrf_fstorage_sd.o
    0x00033b9c   0x0000014c   Code   RO         2288    i.write_buf_store   peer_database.o
    0x00033ce8   0x00000034   Code   RO         2289    i.write_buffer_record_find  peer_database.o
    0x00033d1c   0x00000030   Code   RO         2290    i.write_buffer_record_find_next  peer_database.o
    0x00033d4c   0x0000001c   Code   RO         2291    i.write_buffer_record_invalidate  peer_database.o
    0x00033d68   0x0000002c   Code   RO         2292    i.write_buffer_record_release  peer_database.o
    0x00033d94   0x000000e8   Code   RO         6157    i.write_enqueue     fds.o
    0x00033e7c   0x000000f4   Code   RO         6158    i.write_execute     fds.o
    0x00033f70   0x00000018   Code   RO         6159    i.write_space_free  fds.o
    0x00033f88   0x0000005c   Code   RO         6160    i.write_space_reserve  fds.o
    0x00033fe4   0x00000004   Data   RO            8    .constdata          main.o
    0x00033fe8   0x00000008   Data   RO          405    .constdata          boards.o
    0x00033ff0   0x0000002c   Data   RO          550    .constdata          bsp.o
    0x0003401c   0x00000016   Data   RO         1284    .constdata          nrf_ble_gatt.o
    0x00034032   0x00000002   PAD
    0x00034034   0x0000007c   Data   RO         1438    .constdata          ble_db_discovery.o
    0x000340b0   0x0000007c   Data   RO         1706    .constdata          gatt_cache_manager.o
    0x0003412c   0x00000004   Data   RO         1866    .constdata          gatts_cache_manager.o
    0x00034130   0x00000010   Data   RO         1867    .constdata          gatts_cache_manager.o
    0x00034140   0x00000004   Data   RO         1868    .constdata          gatts_cache_manager.o
    0x00034144   0x00000008   Data   RO         1975    .constdata          id_manager.o
    0x0003414c   0x0000001c   Data   RO         2154    .constdata          peer_data_storage.o
    0x00034168   0x00000010   Data   RO         2294    .constdata          peer_database.o
    0x00034178   0x0000002c   Data   RO         2532    .constdata          peer_manager.o
    0x000341a4   0x00000018   Data   RO         2797    .constdata          peer_manager_handler.o
    0x000341bc   0x000000a4   Data   RO         2950    .constdata          security_dispatcher.o
    0x00034260   0x00000004   Data   RO         3106    .constdata          security_manager.o
    0x00034264   0x00000040   Data   RO         3427    .constdata          nrf_ble_ancs_c.o
    0x000342a4   0x00000008   Data   RO         4082    .constdata          nrfx_gpiote.o
    0x000342ac   0x00000004   Data   RO         4411    .constdata          nrfx_uart.o
    0x000342b0   0x00000004   Data   RO         4604    .constdata          nrfx_uarte.o
    0x000342b4   0x00000008   Data   RO         4751    .constdata          app_button.o
    0x000342bc   0x00000004   PAD
    0x000342c0   0x00000006   Data   RO         5059    .constdata          app_timer.o
    0x000342c6   0x00000010   Data   RO         5756    .constdata          nrf_fprintf_format.o
    0x000342d6   0x00000002   PAD
    0x000342d8   0x00000018   Data   RO         5876    .constdata          nrf_pwr_mgmt.o
    0x000342f0   0x0000000c   Data   RO         5877    .constdata          nrf_pwr_mgmt.o
    0x000342fc   0x0000013c   Data   RO         6040    .constdata          nrf_strerror.o
    0x00034438   0x00000018   Data   RO         6163    .constdata          fds.o
    0x00034450   0x0000005e   Data   RO         6436    .constdata          nrf_fstorage.o
    0x000344ae   0x00000002   PAD
    0x000344b0   0x00000010   Data   RO         6530    .constdata          nrf_fstorage_sd.o
    0x000344c0   0x00000020   Data   RO         6531    .constdata          nrf_fstorage_sd.o
    0x000344e0   0x0000000c   Data   RO         6749    .constdata          nrf_log_frontend.o
    0x000344ec   0x0000000c   Data   RO         6965    .constdata          nrf_log_backend_uart.o
    0x000344f8   0x00000020   Data   RO         6966    .constdata          nrf_log_backend_uart.o
    0x00034518   0x00000010   Data   RO         7304    .constdata          nrf_sdh.o
    0x00034528   0x00000028   Data   RO         7305    .constdata          nrf_sdh.o
    0x00034550   0x00000010   Data   RO         7306    .constdata          nrf_sdh.o
    0x00034560   0x00000010   Data   RO         7307    .constdata          nrf_sdh.o
    0x00034570   0x00000020   Data   RO         7415    .constdata          nrf_sdh_ble.o
    0x00034590   0x00000010   Data   RO         7416    .constdata          nrf_sdh_ble.o
    0x000345a0   0x00000010   Data   RO         7466    .constdata          nrf_sdh_soc.o
    0x000345b0   0x0000000c   Data   RO         7467    .constdata          nrf_sdh_soc.o
    0x000345bc   0x00000001   Data   RO         7509    .constdata          ly_ble.o
    0x000345bd   0x00000003   PAD
    0x000345c0   0x0000001f   Data   RO         7624    .constdata          ly_ble_ancs_c.o
    0x000345df   0x00000001   PAD
    0x000345e0   0x00000010   Data   RO         7714    .constdata          ly_ble_tus.o
    0x000345f0   0x00000028   Data   RO         7777    .constdata          ly_ble_tus_c.o
    0x00034618   0x00000005   Data   RO         7860    .constdata          ly_ble_c.o
    0x0003461d   0x00000003   PAD
    0x00034620   0x00000004   Data   RO         7944    .constdata          ly_ble_p.o
    0x00034624   0x00000081   Data   RO         8814    .constdata          mc_w.l(ctype_o.o)
    0x000346a5   0x00000003   PAD
    0x000346a8   0x00000004   Data   RO         8815    .constdata          mc_w.l(ctype_o.o)
    0x000346ac   0x000000a2   Data   RO         1285    .conststring        nrf_ble_gatt.o
    0x0003474e   0x00000002   PAD
    0x00034750   0x000000a2   Data   RO         1439    .conststring        ble_db_discovery.o
    0x000347f2   0x00000002   PAD
    0x000347f4   0x000001a4   Data   RO         1707    .conststring        gatt_cache_manager.o
    0x00034998   0x0000019c   Data   RO         1869    .conststring        gatts_cache_manager.o
    0x00034b34   0x000000e8   Data   RO         2155    .conststring        peer_data_storage.o
    0x00034c1c   0x00000180   Data   RO         2295    .conststring        peer_database.o
    0x00034d9c   0x00000090   Data   RO         2533    .conststring        peer_manager.o
    0x00034e2c   0x00000312   Data   RO         2798    .conststring        peer_manager_handler.o
    0x0003513e   0x00000002   PAD
    0x00035140   0x00000306   Data   RO         2951    .conststring        security_dispatcher.o
    0x00035446   0x00000002   PAD
    0x00035448   0x0000017b   Data   RO         3107    .conststring        security_manager.o
    0x000355c3   0x00000001   PAD
    0x000355c4   0x00000041   Data   RO         3428    .conststring        nrf_ble_ancs_c.o
    0x00035605   0x00000003   PAD
    0x00035608   0x000003eb   Data   RO         6041    .conststring        nrf_strerror.o
    0x000359f3   0x00000001   PAD
    0x000359f4   0x0000004f   Data   RO         6437    .conststring        nrf_fstorage.o
    0x00035a43   0x00000001   PAD
    0x00035a44   0x00000066   Data   RO         6910    .conststring        nrf_log_str_formatter.o
    0x00035aaa   0x00000002   PAD
    0x00035aac   0x00000046   Data   RO         6967    .conststring        nrf_log_backend_uart.o
    0x00035af2   0x00000002   PAD
    0x00035af4   0x000001cf   Data   RO         7417    .conststring        nrf_sdh_ble.o
    0x00035cc3   0x00000001   PAD
    0x00035cc4   0x0000026a   Data   RO         7625    .conststring        ly_ble_ancs_c.o
    0x00035f2e   0x00000002   PAD
    0x00035f30   0x00000041   Data   RO         7778    .conststring        ly_ble_tus_c.o
    0x00035f71   0x00000003   PAD
    0x00035f74   0x0000000d   Data   RO         1286    .conststrlit        nrf_ble_gatt.o
    0x00035f81   0x00000003   PAD
    0x00035f84   0x0000000c   Data   RO         1440    .conststrlit        ble_db_discovery.o
    0x00035f90   0x00000009   Data   RO         1564    .conststrlit        nrf_ble_scan.o
    0x00035f99   0x00000003   PAD
    0x00035f9c   0x00000011   Data   RO         1708    .conststrlit        gatt_cache_manager.o
    0x00035fad   0x00000003   PAD
    0x00035fb0   0x00000012   Data   RO         1870    .conststrlit        gatts_cache_manager.o
    0x00035fc2   0x00000002   PAD
    0x00035fc4   0x00000010   Data   RO         1977    .conststrlit        id_manager.o
    0x00035fd4   0x00000011   Data   RO         2156    .conststrlit        peer_data_storage.o
    0x00035fe5   0x00000003   PAD
    0x00035fe8   0x00000011   Data   RO         2296    .conststrlit        peer_database.o
    0x00035ff9   0x00000003   PAD
    0x00035ffc   0x0000000d   Data   RO         2534    .conststrlit        peer_manager.o
    0x00036009   0x00000003   PAD
    0x0003600c   0x00000015   Data   RO         2800    .conststrlit        peer_manager_handler.o
    0x00036021   0x00000003   PAD
    0x00036024   0x00000011   Data   RO         2952    .conststrlit        security_dispatcher.o
    0x00036035   0x00000003   PAD
    0x00036038   0x00000010   Data   RO         3108    .conststrlit        security_manager.o
    0x00036048   0x0000000b   Data   RO         3429    .conststrlit        nrf_ble_ancs_c.o
    0x00036053   0x00000001   PAD
    0x00036054   0x00000006   Data   RO         3585    .conststrlit        nrf_drv_clock.o
    0x0003605a   0x00000002   PAD
    0x0003605c   0x00000006   Data   RO         3917    .conststrlit        nrfx_clock.o
    0x00036062   0x00000002   PAD
    0x00036064   0x00000007   Data   RO         4086    .conststrlit        nrfx_gpiote.o
    0x0003606b   0x00000001   PAD
    0x0003606c   0x00000004   Data   RO         4332    .conststrlit        nrfx_prs.o
    0x00036070   0x00000005   Data   RO         4414    .conststrlit        nrfx_uart.o
    0x00036075   0x00000003   PAD
    0x00036078   0x00000006   Data   RO         4607    .conststrlit        nrfx_uarte.o
    0x0003607e   0x00000002   PAD
    0x00036080   0x00000009   Data   RO         5878    .conststrlit        nrf_pwr_mgmt.o
    0x00036089   0x00000003   PAD
    0x0003608c   0x0000000d   Data   RO         6438    .conststrlit        nrf_fstorage.o
    0x00036099   0x00000003   PAD
    0x0003609c   0x00000011   Data   RO         6684    .conststrlit        nrf_log_default_backends.o
    0x000360ad   0x00000003   PAD
    0x000360b0   0x00000004   Data   RO         6750    .conststrlit        nrf_log_frontend.o
    0x000360b4   0x00000008   Data   RO         7308    .conststrlit        nrf_sdh.o
    0x000360bc   0x0000000c   Data   RO         7418    .conststrlit        nrf_sdh_ble.o
    0x000360c8   0x0000000c   Data   RO         7468    .conststrlit        nrf_sdh_soc.o
    0x000360d4   0x00000008   Data   RO         7715    .conststrlit        ly_ble_tus.o
    0x000360dc   0x0000000a   Data   RO         7779    .conststrlit        ly_ble_tus_c.o
    0x000360e6   0x00000002   PAD
    0x000360e8   0x00000020   Data   RO         9150    Region$$Table       anon$$obj.o
    0x00036108   0x00000010   Data   RO         6686    log_backends        nrf_log_default_backends.o
    0x00036118   0x00000008   Data   RO         1287    log_const_data      nrf_ble_gatt.o
    0x00036120   0x00000008   Data   RO         1442    log_const_data      ble_db_discovery.o
    0x00036128   0x00000008   Data   RO         1565    log_const_data      nrf_ble_scan.o
    0x00036130   0x00000008   Data   RO         1710    log_const_data      gatt_cache_manager.o
    0x00036138   0x00000008   Data   RO         1872    log_const_data      gatts_cache_manager.o
    0x00036140   0x00000008   Data   RO         1979    log_const_data      id_manager.o
    0x00036148   0x00000008   Data   RO         2158    log_const_data      peer_data_storage.o
    0x00036150   0x00000008   Data   RO         2298    log_const_data      peer_database.o
    0x00036158   0x00000008   Data   RO         2536    log_const_data      peer_manager.o
    0x00036160   0x00000008   Data   RO         2803    log_const_data      peer_manager_handler.o
    0x00036168   0x00000008   Data   RO         2954    log_const_data      security_dispatcher.o
    0x00036170   0x00000008   Data   RO         3110    log_const_data      security_manager.o
    0x00036178   0x00000008   Data   RO         3430    log_const_data      nrf_ble_ancs_c.o
    0x00036180   0x00000008   Data   RO         3586    log_const_data      nrf_drv_clock.o
    0x00036188   0x00000008   Data   RO         3919    log_const_data      nrfx_clock.o
    0x00036190   0x00000008   Data   RO         4087    log_const_data      nrfx_gpiote.o
    0x00036198   0x00000008   Data   RO         4334    log_const_data      nrfx_prs.o
    0x000361a0   0x00000008   Data   RO         4415    log_const_data      nrfx_uart.o
    0x000361a8   0x00000008   Data   RO         4608    log_const_data      nrfx_uarte.o
    0x000361b0   0x00000008   Data   RO         5880    log_const_data      nrf_pwr_mgmt.o
    0x000361b8   0x00000008   Data   RO         6439    log_const_data      nrf_fstorage.o
    0x000361c0   0x00000008   Data   RO         6753    log_const_data      nrf_log_frontend.o
    0x000361c8   0x00000008   Data   RO         7310    log_const_data      nrf_sdh.o
    0x000361d0   0x00000008   Data   RO         7420    log_const_data      nrf_sdh_ble.o
    0x000361d8   0x00000008   Data   RO         7469    log_const_data      nrf_sdh_soc.o
    0x000361e0   0x00000008   Data   RO         7716    log_const_data      ly_ble_tus.o
    0x000361e8   0x00000008   Data   RO         7780    log_const_data      ly_ble_tus_c.o
    0x000361f0   0x00000014   Data   RO         6754    nrf_balloc          nrf_log_frontend.o
    0x00036204   0x00000008   Data   RO         1049    sdh_ble_observers0  ble_conn_state.o
    0x0003620c   0x00000008   Data   RO          653    sdh_ble_observers1  bsp_btn_ble.o
    0x00036214   0x00000008   Data   RO          965    sdh_ble_observers1  ble_conn_params.o
    0x0003621c   0x00000008   Data   RO         2537    sdh_ble_observers1  peer_manager.o
    0x00036224   0x00000028   Data   RO         7512    sdh_ble_observers1  ly_ble.o
    0x0003624c   0x00000008   Data   RO         7862    sdh_ble_observers1  ly_ble_c.o
    0x00036254   0x00000008   Data   RO         7948    sdh_ble_observers1  ly_ble_p.o
    0x0003625c   0x00000020   Data   RO         7627    sdh_ble_observers2  ly_ble_ancs_c.o
    0x0003627c   0x00000010   Data   RO         7863    sdh_ble_observers2  ly_ble_c.o
    0x0003628c   0x00000008   Data   RO         7949    sdh_ble_observers2  ly_ble_p.o
    0x00036294   0x00000008   Data   RO         7513    sdh_ble_observers3  ly_ble.o
    0x0003629c   0x00000008   Data   RO         6533    sdh_req_observers0  nrf_fstorage_sd.o
    0x000362a4   0x00000008   Data   RO         3587    sdh_soc_observers0  nrf_drv_clock.o
    0x000362ac   0x00000008   Data   RO         6534    sdh_soc_observers0  nrf_fstorage_sd.o
    0x000362b4   0x00000008   Data   RO         7950    sdh_soc_observers1  ly_ble_p.o
    0x000362bc   0x00000008   Data   RO         7421    sdh_stack_observers0  nrf_sdh_ble.o
    0x000362c4   0x00000008   Data   RO         7470    sdh_stack_observers0  nrf_sdh_soc.o
    0x000362cc   0x00000008   Data   RO         3588    sdh_state_observers0  nrf_drv_clock.o
    0x000362d4   0x00000008   Data   RO         6535    sdh_state_observers0  nrf_fstorage_sd.o


    Execution Region RW_IRAM1 (Base: 0x20006000, Size: 0x00004cb8, Max: 0x0000a000, ABSOLUTE, COMPRESSED[0x00000118])

    Base Addr    Size         Type   Attr      Idx    E Section Name        Object

    0x20006000   0x00000008   Data   RW            9    .data               main.o
    0x20006008   0x00000010   Data   RW          551    .data               bsp.o
    0x20006018   0x00000008   Data   RW          652    .data               bsp_btn_ble.o
    0x20006020   0x00000008   Data   RW          964    .data               ble_conn_params.o
    0x20006028   0x00000010   Data   RW         1441    .data               ble_db_discovery.o
    0x20006038   0x00000010   Data   RW         1709    .data               gatt_cache_manager.o
    0x20006048   0x0000000c   Data   RW         1871    .data               gatts_cache_manager.o
    0x20006054   0x0000000c   Data   RW         2157    .data               peer_data_storage.o
    0x20006060   0x00000008   Data   RW         2297    .data               peer_database.o
    0x20006068   0x00000010   Data   RW         2535    .data               peer_manager.o
    0x20006078   0x00000060   Data   RW         2801    .data               peer_manager_handler.o
    0x200060d8   0x00000005   Data   RW         2953    .data               security_dispatcher.o
    0x200060dd   0x00000003   PAD
    0x200060e0   0x00000015   Data   RW         3109    .data               security_manager.o
    0x200060f5   0x00000003   PAD
    0x200060f8   0x00000008   Data   RW         3371    .data               ancs_tx_buffer.o
    0x20006100   0x00000014   Data   RW         3712    .data               nrf_drv_uart.o
    0x20006114   0x00000008   Data   RW         3918    .data               nrfx_clock.o
    0x2000611c   0x00000008   Data   RW         4333    .data               nrfx_prs.o
    0x20006124   0x00000004   PAD
    0x20006128   0x00000020   Data   RW         4752    .data               app_button.o
    0x20006148   0x00000014   Data   RW         5060    .data               app_timer.o
    0x2000615c   0x0000001c   Data   RW         5215    .data               app_uart_fifo.o
    0x20006178   0x00000008   Data   RW         5879    .data               nrf_pwr_mgmt.o
    0x20006180   0x00000004   Data   RW         6073    .data               retarget.o
    0x20006184   0x00000030   Data   RW         6164    .data               fds.o
    0x200061b4   0x00000008   Data   RW         6532    .data               nrf_fstorage_sd.o
    0x200061bc   0x00000008   Data   RW         6685    .data               nrf_log_default_backends.o
    0x200061c4   0x00000008   Data   RW         6751    .data               nrf_log_frontend.o
    0x200061cc   0x00000008   Data   RW         6752    .data               nrf_log_frontend.o
    0x200061d4   0x00000040   Data   RW         6911    .data               nrf_log_str_formatter.o
    0x20006214   0x00000018   Data   RW         6968    .data               nrf_log_backend_uart.o
    0x2000622c   0x00000003   Data   RW         7309    .data               nrf_sdh.o
    0x2000622f   0x00000001   Data   RW         7419    .data               nrf_sdh_ble.o
    0x20006230   0x00000b38   Data   RW         7510    .data               ly_ble.o
    0x20006d68   0x00000002   Data   RW         7511    .data               ly_ble.o
    0x20006d6a   0x00000002   PAD
    0x20006d6c   0x00000060   Data   RW         7626    .data               ly_ble_ancs_c.o
    0x20006dcc   0x0000000e   Data   RW         7861    .data               ly_ble_c.o
    0x20006dda   0x00000002   PAD
    0x20006ddc   0x00000008   Data   RW         7945    .data               ly_ble_p.o
    0x20006de4   0x00000030   Data   RW         7946    .data               ly_ble_p.o
    0x20006e14   0x00000008   Data   RW         7947    .data               ly_ble_p.o
    0x20006e1c   0x00000004   Data   RW         8775    .data               system_nrf52840.o
    0x20006e20   0x00000014   Data   RW         6165    fs_data             fds.o
    0x20006e34   0x00000020   Zero   RW            7    .bss                main.o
    0x20006e54   0x00000020   Zero   RW          546    .bss                bsp.o
    0x20006e74   0x00000020   Zero   RW          547    .bss                bsp.o
    0x20006e94   0x0000000c   Zero   RW          548    .bss                bsp.o
    0x20006ea0   0x00000020   Zero   RW          549    .bss                bsp.o
    0x20006ec0   0x00000084   Zero   RW          963    .bss                ble_conn_params.o
    0x20006f44   0x00000078   Zero   RW         1048    .bss                ble_conn_state.o
    0x20006fbc   0x00000318   Zero   RW         1437    .bss                ble_db_discovery.o
    0x200072d4   0x000000d8   Zero   RW         1974    .bss                id_manager.o
    0x200073ac   0x00000180   Zero   RW         2293    .bss                peer_database.o
    0x2000752c   0x00000040   Zero   RW         2409    .bss                peer_id.o
    0x2000756c   0x0000000c   Zero   RW         2531    .bss                peer_manager.o
    0x20007578   0x00000040   Zero   RW         2949    .bss                security_dispatcher.o
    0x200075b8   0x00000120   Zero   RW         3370    .bss                ancs_tx_buffer.o
    0x200076d8   0x00000014   Zero   RW         3580    .bss                nrf_drv_clock.o
    0x200076ec   0x0000006c   Zero   RW         4081    .bss                nrfx_gpiote.o
    0x20007758   0x0000002c   Zero   RW         4409    .bss                nrfx_uart.o
    0x20007784   0x00000024   Zero   RW         4602    .bss                nrfx_uarte.o
    0x200077a8   0x00000020   Zero   RW         4750    .bss                app_button.o
    0x200077c8   0x00000020   Zero   RW         4811    .bss                app_error.o
    0x200077e8   0x0000010c   Zero   RW         5058    .bss                app_timer.o
    0x200078f4   0x00000020   Zero   RW         5213    .bss                app_uart_fifo.o
    0x20007914   0x0000000c   Zero   RW         5294    .bss                app_util_platform.o
    0x20007920   0x0000000c   Zero   RW         5875    .bss                nrf_pwr_mgmt.o
    0x2000792c   0x00000010   Zero   RW         6161    .bss                fds.o
    0x2000793c   0x000000e0   Zero   RW         6162    .bss                fds.o
    0x20007a1c   0x00000010   Zero   RW         6528    .bss                nrf_fstorage_sd.o
    0x20007a2c   0x000000a0   Zero   RW         6529    .bss                nrf_fstorage_sd.o
    0x20007acc   0x000000c0   Zero   RW         6745    .bss                nrf_log_frontend.o
    0x20007b8c   0x00000080   Zero   RW         6746    .bss                nrf_log_frontend.o
    0x20007c0c   0x00000018   Zero   RW         6747    .bss                nrf_log_frontend.o
    0x20007c24   0x00000424   Zero   RW         6748    .bss                nrf_log_frontend.o
    0x20008048   0x00000040   Zero   RW         6964    .bss                nrf_log_backend_uart.o
    0x20008088   0x0000002c   Zero   RW         7508    .bss                ly_ble.o
    0x200080b4   0x00000800   Zero   RW         7623    .bss                ly_ble_ancs_c.o
    0x200088b4   0x00000168   Zero   RW         7859    .bss                ly_ble_c.o
    0x20008a1c   0x00000258   Zero   RW         7941    .bss                ly_ble_p.o
    0x20008c74   0x0000001f   Zero   RW         7942    .bss                ly_ble_p.o
    0x20008c93   0x0000001f   Zero   RW         7943    .bss                ly_ble_p.o
    0x20008cb2   0x00000006   PAD
    0x20008cb8   0x00002000   Zero   RW         8763    STACK               arm_startup_nrf52840.o


==============================================================================

Image component sizes


      Code (inc. data)   RO Data    RW Data    ZI Data      Debug   Object Name

         0          0          0          0          0       6079   ancs_app_attr_get.o
       698         10          0          0          0      43214   ancs_attr_parser.o
       184         24          0          8        288       3120   ancs_tx_buffer.o
       444         38          8         32         32      13014   app_button.o
       100          4          0          0         32       3350   app_error.o
        26          0          0          0          0        556   app_error_handler_keil.o
       356        192          0          0          0       4842   app_error_weak.o
        86          0          0          0          0       4098   app_fifo.o
         0          0          0          0          0      37090   app_scheduler.o
      1506        118          6         20        268      48115   app_timer.o
       116         20          0         28         32      17151   app_uart_fifo.o
       124         14          0          0         12       9510   app_util_platform.o
        36          8        512          0       8192        920   arm_startup_nrf52840.o
      1392          0          0          0          0      54052   ble_advdata.o
       750          6          0          0          0       8030   ble_advertising.o
       684         42          8          8        132       9259   ble_conn_params.o
       888        126          8          0        120      16768   ble_conn_state.o
      2126        366        306         16        792      19303   ble_db_discovery.o
        72          0          0          0          0       1620   ble_link_ctx_manager.o
       456          6          0          0          0       3307   ble_srv_common.o
       428         40          8          0          0      54037   boards.o
       910         80         44         16        108      13039   bsp.o
       222         10          8          8          0       4015   bsp_btn_ble.o
        54          0          0          0          0       1152   crc16.o
         4          0          0          0          0        589   drv_flash.o
       310          6          0          0          0       9322   drv_gt24l24a2y.o
      3434        316         24         68        240      47307   fds.o
      2164        556        569         16          0      34055   gatt_cache_manager.o
       686         84        462         12          0      16291   gatts_cache_manager.o
       946         34         32          0        216      14792   id_manager.o
      1494        902         49       2874         44      12748   ly_ble.o
      1636        630        681         96       2048      12450   ly_ble_ancs_c.o
      1288        584         29         14        360       9037   ly_ble_c.o
      2472       1428         28         64        662      71514   ly_ble_p.o
       586        218          0          0          0       4196   ly_ble_p_protocol.o
       802        164         32          0          0       7916   ly_ble_tus.o
       554         94        123          0          0      16192   ly_ble_tus_c.o
       584        222          4          8         32     193652   main.o
       342          0          0          0          0       8542   nrf_atfifo.o
       170          0          0          0          0       4660   nrf_atflags.o
       338          0          0          0          0      10590   nrf_atomic.o
       164          0          0          0          0       3568   nrf_balloc.o
      1318        290        148          0          0      55005   nrf_ble_ancs_c.o
       968        272        205          0          0      36519   nrf_ble_gatt.o
       974         44         17          0          0      15587   nrf_ble_scan.o
       276         34         30          0         20      37564   nrf_drv_clock.o
       200         26          0         20          0      17708   nrf_drv_uart.o
        50          0          0          0          0       3465   nrf_fprintf.o
       866          4         16          0          0       5430   nrf_fprintf_format.o
       972        432        194          0          0       7884   nrf_fstorage.o
       798         82         72          8        176      15723   nrf_fstorage_sd.o
       200          0          0          0          0      11465   nrf_log_backend_serial.o
       248         52        114         24         64       9818   nrf_log_backend_uart.o
        28          4         33          8          0       3297   nrf_log_default_backends.o
      1804        126         44         16       1404      33823   nrf_log_frontend.o
       570        108        102         64          0       5564   nrf_log_str_formatter.o
       346          0          0          0          0       9427   nrf_memobj.o
       108         16         53          8         12      35422   nrf_pwr_mgmt.o
       226          0          0          0          0       5044   nrf_ringbuf.o
       680        180        104          3          0      41508   nrf_sdh.o
       804        296        539          1          0       5821   nrf_sdh_ble.o
       128         68         56          0          0       2424   nrf_sdh_soc.o
        78          0          0          0          0       2720   nrf_section_iter.o
        76         10       1319          0          0       2679   nrf_strerror.o
       222         30         14          8          0      43162   nrfx_clock.o
      1374         92         23          0        108      59951   nrfx_gpiote.o
       112         16         12          8          0       4392   nrfx_prs.o
      1332         46         17          0         44      30733   nrfx_uart.o
      1170         50         18          0         36      25375   nrfx_uarte.o
      1152        144        285         12          0      17934   peer_data_storage.o
      1442        260        425          8        384      19138   peer_database.o
       314         38          0          0         64       8939   peer_id.o
      1788        456        217         16         12      20490   peer_manager.o
      1888        882        839         96          0       9611   peer_manager_handler.o
       234          0          0          0          0       5351   pm_buffer.o
        14          0          0          4          0       2826   retarget.o
      2294        290        963          5         64      30619   security_dispatcher.o
      1112        114        407         21          0      50153   security_manager.o
       372         50          0          4          0       2095   system_nrf52840.o

    ----------------------------------------------------------------------
     56270      10854       9328       3636      16004    1547728   Object Totals
         0          0         32          0          0          0   (incl. Generated)
       100          0         89         14          6          0   (incl. Padding)

    ----------------------------------------------------------------------

      Code (inc. data)   RO Data    RW Data    ZI Data      Debug   Library Member Name

        86          0          0          0          0          0   __dczerorl2.o
         8          4        133          0          0         68   ctype_o.o
         0          0          0          0          0          0   entry.o
         0          0          0          0          0          0   entry10a.o
         0          0          0          0          0          0   entry11a.o
         8          4          0          0          0          0   entry2.o
         4          0          0          0          0          0   entry5.o
         0          0          0          0          0          0   entry7b.o
         0          0          0          0          0          0   entry8b.o
         8          4          0          0          0          0   entry9a.o
        30          0          0          0          0          0   handlers.o
        36          8          0          0          0         68   init.o
        30          0          0          0          0         68   llshl.o
        32          0          0          0          0         68   llushr.o
        26          0          0          0          0         80   memcmp.o
        36          0          0          0          0         68   memcpya.o
        36          0          0          0          0        108   memseta.o
        50          8          0          0          0        152   printfb.o
        28          0          0          0          0         76   strcmp.o
        14          0          0          0          0         68   strlen.o
        98          0          0          0          0         92   uldiv.o

    ----------------------------------------------------------------------
       534         28        136          0          0        916   Library Totals
         4          0          3          0          0          0   (incl. Padding)

    ----------------------------------------------------------------------

      Code (inc. data)   RO Data    RW Data    ZI Data      Debug   Library Name

       530         28        133          0          0        916   mc_w.l

    ----------------------------------------------------------------------
       534         28        136          0          0        916   Library Totals

    ----------------------------------------------------------------------

==============================================================================


      Code (inc. data)   RO Data    RW Data    ZI Data      Debug   

     56804      10882       9464       3636      16004    1486664   Grand Totals
     56804      10882       9464        280      16004    1486664   ELF Image Totals (compressed)
     56804      10882       9464        280          0          0   ROM Totals

==============================================================================

    Total RO  Size (Code + RO Data)                66268 (  64.71kB)
    Total RW  Size (RW Data + ZI Data)             19640 (  19.18kB)
    Total ROM Size (Code + RO Data + RW Data)      66548 (  64.99kB)

==============================================================================

