Component: ARM Compiler 5.06 update 2 (build 183) Tool: armlink [4d35b7]

==============================================================================

Section Cross References

    main.o(i.bsp_event_handler) refers to nrf_log_frontend.o(i.nrf_log_frontend_std_0) for nrf_log_frontend_std_0
    main.o(i.bsp_event_handler) refers to peer_manager.o(i.pm_conn_sec_status_get) for pm_conn_sec_status_get
    main.o(i.bsp_event_handler) refers to nrf_log_frontend.o(i.nrf_log_frontend_std_4) for nrf_log_frontend_std_4
    main.o(i.bsp_event_handler) refers to nrf_log_frontend.o(log_const_data) for m_nrf_log_app_logs_data_const
    main.o(i.bsp_event_handler) refers to main.o(.data) for do_database_discovery
    main.o(i.bsp_event_handler) refers to ly_ble.o(.data) for lastest_conn_handle
    main.o(i.buttons_leds_init) refers to bsp.o(i.bsp_init) for bsp_init
    main.o(i.buttons_leds_init) refers to app_error_handler_keil.o(.emb_text) for app_error_handler
    main.o(i.buttons_leds_init) refers to bsp_btn_ble.o(i.bsp_btn_ble_init) for bsp_btn_ble_init
    main.o(i.buttons_leds_init) refers to main.o(i.bsp_event_handler) for bsp_event_handler
    main.o(i.idle_state_handle) refers to nrf_log_frontend.o(i.nrf_log_frontend_dequeue) for nrf_log_frontend_dequeue
    main.o(i.idle_state_handle) refers to nrf_pwr_mgmt.o(i.nrf_pwr_mgmt_run) for nrf_pwr_mgmt_run
    main.o(i.log_init) refers to nrf_log_frontend.o(i.nrf_log_init) for nrf_log_init
    main.o(i.log_init) refers to app_error_handler_keil.o(.emb_text) for app_error_handler
    main.o(i.log_init) refers to nrf_log_default_backends.o(i.nrf_log_default_backends_init) for nrf_log_default_backends_init
    main.o(i.main) refers to main.o(i.log_init) for log_init
    main.o(i.main) refers to main.o(i.timers_init) for timers_init
    main.o(i.main) refers to main.o(i.buttons_leds_init) for buttons_leds_init
    main.o(i.main) refers to main.o(i.power_management_init) for power_management_init
    main.o(i.main) refers to ly_ble.o(i.ly_ble_init) for ly_ble_init
    main.o(i.main) refers to ly_ble_c.o(i.scan_start) for scan_start
    main.o(i.main) refers to ly_ble_p.o(i.adv_start) for adv_start
    main.o(i.main) refers to printfb.o(i.__0printf$bare) for __2printf
    main.o(i.main) refers to app_timer.o(i.app_timer_create) for app_timer_create
    main.o(i.main) refers to app_error_handler_keil.o(.emb_text) for app_error_handler
    main.o(i.main) refers to app_timer.o(i.app_timer_start) for app_timer_start
    main.o(i.main) refers to ly_ble.o(i.ly_ble_db_discovery_start) for ly_ble_db_discovery_start
    main.o(i.main) refers to main.o(i.idle_state_handle) for idle_state_handle
    main.o(i.main) refers to main.o(i.sys_tick_timeout_handler) for sys_tick_timeout_handler
    main.o(i.main) refers to main.o(.constdata) for sys_tick_timer_id
    main.o(i.main) refers to main.o(.data) for do_database_discovery
    main.o(i.main) refers to ly_ble.o(.data) for lastest_conn_handle
    main.o(i.power_management_init) refers to nrf_pwr_mgmt.o(i.nrf_pwr_mgmt_init) for nrf_pwr_mgmt_init
    main.o(i.power_management_init) refers to app_error_handler_keil.o(.emb_text) for app_error_handler
    main.o(i.sys_tick_timeout_handler) refers to nrf_log_frontend.o(i.nrf_log_frontend_std_1) for nrf_log_frontend_std_1
    main.o(i.sys_tick_timeout_handler) refers to ble_db_discovery.o(i.print_ble_db_discovery_info) for print_ble_db_discovery_info
    main.o(i.sys_tick_timeout_handler) refers to main.o(.data) for sys_tick
    main.o(i.sys_tick_timeout_handler) refers to nrf_log_frontend.o(log_const_data) for m_nrf_log_app_logs_data_const
    main.o(i.timers_init) refers to app_timer.o(i.app_timer_init) for app_timer_init
    main.o(i.timers_init) refers to app_error_handler_keil.o(.emb_text) for app_error_handler
    main.o(.constdata) refers to main.o(.bss) for sys_tick_timer_id_data
    boards.o(i.bsp_board_button_idx_to_pin) refers to boards.o(.constdata) for m_board_btn_list
    boards.o(i.bsp_board_button_state_get) refers to boards.o(.constdata) for m_board_btn_list
    boards.o(i.bsp_board_buttons_init) refers to boards.o(i.nrf_gpio_cfg) for nrf_gpio_cfg
    boards.o(i.bsp_board_buttons_init) refers to boards.o(.constdata) for m_board_btn_list
    boards.o(i.bsp_board_init) refers to boards.o(i.bsp_board_leds_init) for bsp_board_leds_init
    boards.o(i.bsp_board_init) refers to boards.o(i.bsp_board_buttons_init) for bsp_board_buttons_init
    boards.o(i.bsp_board_led_idx_to_pin) refers to boards.o(.constdata) for m_board_led_list
    boards.o(i.bsp_board_led_invert) refers to boards.o(.constdata) for m_board_led_list
    boards.o(i.bsp_board_led_off) refers to boards.o(i.nrf_gpio_pin_write) for nrf_gpio_pin_write
    boards.o(i.bsp_board_led_off) refers to boards.o(.constdata) for m_board_led_list
    boards.o(i.bsp_board_led_on) refers to boards.o(i.nrf_gpio_pin_write) for nrf_gpio_pin_write
    boards.o(i.bsp_board_led_on) refers to boards.o(.constdata) for m_board_led_list
[...]
    0x0002a9e8   0x0000003e   Code   RO         2011    i.crc16_compute     crc16.o
    0x0002aa26   0x00000002   PAD
    0x0002aa28   0x00000130   Code   RO         2749    i.data_length_update  nrf_ble_gatt.o
    0x0002ab58   0x00000074   Code   RO          772    i.db_disc_handler   ly_ble.o
    0x0002abcc   0x00000044   Code   RO          773    i.db_discovery_init  ly_ble.o
    0x0002ac10   0x0000004c   Code   RO         3241    i.db_update_pending_handle  gatt_cache_manager.o
    0x0002ac5c   0x00000074   Code   RO         1249    i.delete_bonds      ly_ble_p.o
    0x0002acd0   0x0000004a   Code   RO         8194    i.delete_execute    fds.o
    0x0002ad1a   0x000000b6   Code   RO         2933    i.descriptors_discover  ble_db_discovery.o
    0x0002add0   0x000000d8   Code   RO         6726    i.detection_delay_timeout_handler  app_button.o
    0x0002aea8   0x00000022   Code   RO         4602    i.disconnect_process  security_dispatcher.o
    0x0002aeca   0x00000002   PAD
    0x0002aecc   0x000000a4   Code   RO         2934    i.discovery_complete_evt_trigger  ble_db_discovery.o
    0x0002af70   0x00000048   Code   RO         2935    i.discovery_error_evt_trigger  ble_db_discovery.o
    0x0002afb8   0x000000cc   Code   RO         2936    i.discovery_start   ble_db_discovery.o
    0x0002b084   0x00000018   Code   RO         8960    i.dropped_sat16_get  nrf_log_frontend.o
    0x0002b09c   0x0000000c   Code   RO         1476    i.drv_flash_erase_sector  drv_flash.o
    0x0002b0a8   0x00000036   Code   RO         1479    i.drv_flash_write   drv_flash.o
    0x0002b0de   0x0000002a   Code   RO         1517    i.drv_gt24l24a2y_check_status  drv_gt24l24a2y.o
    0x0002b108   0x0000003a   Code   RO         1521    i.drv_gt24l24a2y_read_byte  drv_gt24l24a2y.o
    0x0002b142   0x0000004a   Code   RO         1522    i.drv_gt24l24a2y_sector_erase  drv_gt24l24a2y.o
    0x0002b18c   0x00000036   Code   RO         1523    i.drv_gt24l24a2y_send_data  drv_gt24l24a2y.o
    0x0002b1c2   0x00000016   Code   RO         1524    i.drv_gt24l24a2y_write_enable  drv_gt24l24a2y.o
    0x0002b1d8   0x00000062   Code   RO         1525    i.drv_gt24l24a2y_write_page  drv_gt24l24a2y.o
    0x0002b23a   0x00000002   PAD
    0x0002b23c   0x00000064   Code   RO         7038    i.elapsed_ticks_acquire  app_timer.o
    0x0002b2a0   0x00000016   Code   RO         4603    i.encryption_failure  security_dispatcher.o
    0x0002b2b6   0x00000002   PAD
    0x0002b2b8   0x00000058   Code   RO         8728    i.erase             nrf_fstorage_sd.o
    0x0002b310   0x0000000e   Code   RO         8729    i.erase_execute     nrf_fstorage_sd.o
    0x0002b31e   0x00000002   PAD
    0x0002b320   0x00000090   Code   RO          907    i.err_code_print    ly_ble_ancs_c.o
    0x0002b3b0   0x00000054   Code   RO         9779    i.errata_108        system_nrf52.o
    0x0002b404   0x00000054   Code   RO         9780    i.errata_12         system_nrf52.o
    0x0002b458   0x00000054   Code   RO         9781    i.errata_136        system_nrf52.o
    0x0002b4ac   0x00000030   Code   RO         9782    i.errata_16         system_nrf52.o
    0x0002b4dc   0x00000020   Code   RO         9783    i.errata_182        system_nrf52.o
    0x0002b4fc   0x00000054   Code   RO         9784    i.errata_31         system_nrf52.o
    0x0002b550   0x00000030   Code   RO         9785    i.errata_32         system_nrf52.o
    0x0002b580   0x00000054   Code   RO         9786    i.errata_36         system_nrf52.o
    0x0002b5d4   0x00000030   Code   RO         9787    i.errata_37         system_nrf52.o
    0x0002b604   0x00000030   Code   RO         9788    i.errata_57         system_nrf52.o
    0x0002b634   0x00000030   Code   RO         9789    i.errata_66         system_nrf52.o
    0x0002b664   0x0000007e   Code   RO         8195    i.event_prepare     fds.o
    0x0002b6e2   0x00000002   PAD
    0x0002b6e4   0x00000028   Code   RO         8196    i.event_send        fds.o
    0x0002b70c   0x00000068   Code   RO         8730    i.event_send        nrf_fstorage_sd.o
    0x0002b774   0x000000bc   Code   RO         4807    i.events_send_from_err_code  security_manager.o
    0x0002b830   0x0000000c   Code   RO         4808    i.evt_forward       security_manager.o
    0x0002b83c   0x00000028   Code   RO         3242    i.evt_send          gatt_cache_manager.o
    0x0002b864   0x00000028   Code   RO         3425    i.evt_send          gatts_cache_manager.o
    0x0002b88c   0x00000020   Code   RO         3525    i.evt_send          id_manager.o
    0x0002b8ac   0x00000028   Code   RO         4138    i.evt_send          peer_manager.o
    0x0002b8d4   0x00000028   Code   RO         4604    i.evt_send          security_dispatcher.o
    0x0002b8fc   0x00000020   Code   RO         4809    i.evt_send          security_manager.o
    0x0002b91c   0x00000058   Code   RO         7039    i.expired_timers_handler  app_timer.o
    0x0002b974   0x00000104   Code   RO         3713    i.fds_evt_handler   peer_data_storage.o
    0x0002ba78   0x00000044   Code   RO         8198    i.fds_file_delete   fds.o
    0x0002babc   0x00000040   Code   RO         8199    i.fds_gc            fds.o
    0x0002bafc   0x000000c8   Code   RO         8200    i.fds_init          fds.o
    0x0002bbc4   0x00000060   Code   RO         8201    i.fds_record_close  fds.o
    0x0002bc24   0x00000016   Code   RO         8203    i.fds_record_find   fds.o
    0x0002bc3a   0x00000014   Code   RO         8204    i.fds_record_find_by_key  fds.o
    0x0002bc4e   0x00000014   Code   RO         8205    i.fds_record_find_in_file  fds.o
    0x0002bc62   0x00000012   Code   RO         8206    i.fds_record_id_from_desc  fds.o
    0x0002bc74   0x0000004c   Code   RO         8208    i.fds_record_open   fds.o
    0x0002bcc0   0x0000001a   Code   RO         8209    i.fds_record_update  fds.o
    0x0002bcda   0x00000014   Code   RO         8210    i.fds_record_write  fds.o
    0x0002bcee   0x00000002   PAD
    0x0002bcf0   0x00000030   Code   RO         8212    i.fds_register      fds.o
    0x0002bd20   0x00000018   Code   RO         6893    i.fifo_get          app_fifo.o
    0x0002bd38   0x0000000a   Code   RO         6894    i.fifo_length       app_fifo.o
    0x0002bd42   0x00000012   Code   RO         6895    i.fifo_peek         app_fifo.o
    0x0002bd54   0x00000012   Code   RO         6896    i.fifo_put          app_fifo.o
    0x0002bd66   0x00000002   PAD
    0x0002bd68   0x00000034   Code   RO         8216    i.file_find_and_delete  fds.o
    0x0002bd9c   0x0000000a   Code   RO         3714    i.file_id_to_peer_id  peer_data_storage.o
    0x0002bda6   0x00000018   Code   RO         3715    i.file_id_within_pm_range  peer_data_storage.o
    0x0002bdbe   0x00000012   Code   RO         4605    i.flag_id_init      security_dispatcher.o
    0x0002bdd0   0x00000012   Code   RO         4810    i.flag_id_init      security_manager.o
    0x0002bde2   0x00000036   Code   RO         2109    i.flags_encode      ble_advdata.o
    0x0002be18   0x0000002c   Code   RO         2239    i.flags_set         ble_advertising.o
    0x0002be44   0x0000004c   Code   RO         4811    i.flags_set_from_err_code  security_manager.o
    0x0002be90   0x0000001c   Code   RO         8217    i.flash_bounds_set  fds.o
    0x0002beac   0x00000036   Code   RO         8218    i.flash_end_addr    fds.o
    0x0002bee2   0x00000002   PAD
    0x0002bee4   0x0000001c   Code   RO         8219    i.flash_subsystem_init  fds.o
    0x0002bf00   0x00000032   Code   RO         2495    i.for_each_set_flag  ble_conn_state.o
    0x0002bf32   0x00000010   Code   RO         8157    i.fputc             retarget.o
    0x0002bf42   0x0000000c   Code   RO         8220    i.fs_event_handler  fds.o
    0x0002bf4e   0x00000002   PAD
    0x0002bf50   0x000000ac   Code   RO         1250    i.gap_params_init   ly_ble_p.o
    0x0002bffc   0x00000048   Code   RO          774    i.gatt_init         ly_ble.o
    0x0002c044   0x00000070   Code   RO         8221    i.gc_execute        fds.o
    0x0002c0b4   0x00000040   Code   RO         8222    i.gc_init           fds.o
    0x0002c0f4   0x00000028   Code   RO         8223    i.gc_next_page      fds.o
    0x0002c11c   0x0000004c   Code   RO         8224    i.gc_page_erase     fds.o
    0x0002c168   0x00000050   Code   RO         8225    i.gc_page_next      fds.o
    0x0002c1b8   0x00000040   Code   RO         8226    i.gc_record_copy    fds.o
    0x0002c1f8   0x00000024   Code   RO         8227    i.gc_record_find_next  fds.o
    0x0002c21c   0x00000058   Code   RO         8228    i.gc_state_advance  fds.o
    0x0002c274   0x0000002c   Code   RO         8229    i.gc_swap_erase     fds.o
    0x0002c2a0   0x00000050   Code   RO         8230    i.gc_swap_pages     fds.o
    0x0002c2f0   0x00000024   Code   RO         8231    i.gc_swap_promote   fds.o
    0x0002c314   0x00000018   Code   RO         8232    i.gc_tag_new_swap   fds.o
    0x0002c32c   0x00000020   Code   RO         8233    i.gc_update_swap_offset  fds.o
    0x0002c34c   0x00000298   Code   RO         3243    i.gcm_ble_evt_handler  gatt_cache_manager.o
    0x0002c5e4   0x00000026   Code   RO         3244    i.gcm_im_evt_handler  gatt_cache_manager.o
    0x0002c60a   0x00000002   PAD
    0x0002c60c   0x000000e4   Code   RO         3245    i.gcm_init          gatt_cache_manager.o
    0x0002c6f0   0x0000009c   Code   RO         3248    i.gcm_pdb_evt_handler  gatt_cache_manager.o
    0x0002c78c   0x000000a4   Code   RO         6727    i.gpiote_event_handler  app_button.o
    0x0002c830   0x0000001c   Code   RO         3426    i.gscm_db_change_notification_done  gatts_cache_manager.o
    0x0002c84c   0x00000014   Code   RO         3427    i.gscm_init         gatts_cache_manager.o
    0x0002c860   0x000000b8   Code   RO         3429    i.gscm_local_db_cache_apply  gatts_cache_manager.o
    0x0002c918   0x000000c8   Code   RO         3430    i.gscm_local_db_cache_update  gatts_cache_manager.o
    0x0002c9e0   0x0000001c   Code   RO         3431    i.gscm_pdb_evt_handler  gatts_cache_manager.o
    0x0002c9fc   0x00000028   Code   RO         3432    i.gscm_service_changed_ind_needed  gatts_cache_manager.o
    0x0002ca24   0x00000074   Code   RO         3433    i.gscm_service_changed_ind_send  gatts_cache_manager.o
    0x0002ca98   0x0000002a   Code   RO         8234    i.header_check      fds.o
    0x0002cac2   0x00000016   Code   RO         8235    i.header_has_next   fds.o
    0x0002cad8   0x0000000e   Code   RO         8236    i.header_jump       fds.o
    0x0002cae6   0x0000000e   Code   RO            6    i.idle_state_handle  main.o
    0x0002caf4   0x0000004c   Code   RO         3526    i.im_address_resolve  id_manager.o
    0x0002cb40   0x00000038   Code   RO         3527    i.im_ble_addr_get   id_manager.o
    0x0002cb78   0x000000ec   Code   RO         3528    i.im_ble_evt_handler  id_manager.o
    0x0002cc64   0x00000040   Code   RO         3529    i.im_conn_handle_get  id_manager.o
    0x0002cca4   0x00000038   Code   RO         3531    i.im_find_duplicate_bonding_data  id_manager.o
    0x0002ccdc   0x00000090   Code   RO         3534    i.im_is_duplicate_bonding_data  id_manager.o
    0x0002cd6c   0x00000022   Code   RO         3535    i.im_master_id_is_valid  id_manager.o
    0x0002cd8e   0x00000032   Code   RO         3536    i.im_master_ids_compare  id_manager.o
    0x0002cdc0   0x00000014   Code   RO         3537    i.im_new_peer_id    id_manager.o
    0x0002cdd4   0x00000030   Code   RO         3538    i.im_peer_free      id_manager.o
    0x0002ce04   0x00000028   Code   RO         3539    i.im_peer_id_get_by_conn_handle  id_manager.o
    0x0002ce2c   0x00000040   Code   RO         3540    i.im_peer_id_get_by_master_id  id_manager.o
    0x0002ce6c   0x0000003c   Code   RO         8731    i.init              nrf_fstorage_sd.o
    0x0002cea8   0x0000012c   Code   RO         8237    i.init_execute      fds.o
    0x0002cfd4   0x0000002c   Code   RO         2383    i.instance_get      ble_conn_params.o
    0x0002d000   0x000000be   Code   RO         7829    i.int_print         nrf_fprintf_format.o
    0x0002d0be   0x00000002   PAD
    0x0002d0c0   0x0000000c   Code   RO         3249    i.internal_state_reset  gatt_cache_manager.o
    0x0002d0cc   0x00000018   Code   RO         3434    i.internal_state_reset  gatts_cache_manager.o
    0x0002d0e4   0x00000020   Code   RO         3888    i.internal_state_reset  peer_database.o
    0x0002d104   0x0000000e   Code   RO         4043    i.internal_state_reset  peer_id.o
    0x0002d112   0x00000002   PAD
    0x0002d114   0x00000018   Code   RO         4139    i.internal_state_reset  peer_manager.o
    0x0002d12c   0x00000034   Code   RO         6261    i.interrupts_disable  nrfx_uart.o
    0x0002d160   0x00000034   Code   RO         6506    i.interrupts_disable  nrfx_uarte.o
    0x0002d194   0x00000088   Code   RO         6262    i.interrupts_enable  nrfx_uart.o
    0x0002d21c   0x0000009c   Code   RO         6507    i.interrupts_enable  nrfx_uarte.o
    0x0002d2b8   0x00000046   Code   RO         8962    i.invalid_packets_omit  nrf_log_frontend.o
    0x0002d2fe   0x00000002   PAD
    0x0002d300   0x00000014   Code   RO         8732    i.is_busy           nrf_fstorage_sd.o
    0x0002d314   0x00000024   Code   RO         2937    i.is_char_discovery_reqd  ble_db_discovery.o
    0x0002d338   0x00000072   Code   RO         2384    i.is_conn_params_ok  ble_conn_params.o
    0x0002d3aa   0x0000005e   Code   RO         2938    i.is_desc_discovery_reqd  ble_db_discovery.o
    0x0002d408   0x00000018   Code   RO         3545    i.is_valid_irk      id_manager.o
    0x0002d420   0x00000022   Code   RO         3072    i.is_whitelist_used  nrf_ble_scan.o
    0x0002d442   0x00000010   Code   RO         8238    i.is_word_aligned   fds.o
    0x0002d452   0x0000000c   Code   RO         5364    i.item_dequeue      nrf_drv_clock.o
    0x0002d45e   0x00000002   PAD
    0x0002d460   0x00000028   Code   RO          553    i.leds_off          bsp.o
    0x0002d488   0x00000020   Code   RO          554    i.leds_timer_handler  bsp.o
    0x0002d4a8   0x00000014   Code   RO         5366    i.lfclk_stop        nrf_drv_clock.o
    0x0002d4bc   0x00000018   Code   RO         2750    i.link_init         nrf_ble_gatt.o
    0x0002d4d4   0x000000e8   Code   RO         4812    i.link_secure       security_manager.o
    0x0002d5bc   0x00000018   Code   RO         4606    i.link_secure_authenticate  security_dispatcher.o
    0x0002d5d4   0x0000007c   Code   RO         4607    i.link_secure_central  security_dispatcher.o
    0x0002d650   0x000000a8   Code   RO         4608    i.link_secure_central_encryption  security_dispatcher.o
    0x0002d6f8   0x00000030   Code   RO         4609    i.link_secure_failure  security_dispatcher.o
    0x0002d728   0x0000003c   Code   RO         4813    i.link_secure_pending_handle  security_manager.o
    0x0002d764   0x00000018   Code   RO         4610    i.link_secure_peripheral  security_dispatcher.o
    0x0002d77c   0x0000013c   Code   RO         7040    i.list_insertions_handler  app_timer.o
    0x0002d8b8   0x000000c4   Code   RO         3250    i.local_db_apply_in_evt  gatt_cache_manager.o
    0x0002d97c   0x00000018   Code   RO         3251    i.local_db_update   gatt_cache_manager.o
    0x0002d994   0x00000120   Code   RO         3252    i.local_db_update_in_evt  gatt_cache_manager.o
    0x0002dab4   0x0000003c   Code   RO            7    i.log_init          main.o
    0x0002daf0   0x00000020   Code   RO          908    i.ly_ble_ancs_c_disc_handler  ly_ble_ancs_c.o
    0x0002db10   0x0000029c   Code   RO          909    i.ly_ble_ancs_c_init  ly_ble_ancs_c.o
    0x0002ddac   0x00000018   Code   RO         1164    i.ly_ble_c_db_disc_handler  ly_ble_c.o
    0x0002ddc4   0x00000018   Code   RO         1165    i.ly_ble_c_init     ly_ble_c.o
    0x0002dddc   0x00000154   Code   RO          775    i.ly_ble_db_discovery_start  ly_ble.o
    0x0002df30   0x00000028   Code   RO          776    i.ly_ble_init       ly_ble.o
    0x0002df58   0x0000000c   Code   RO         1251    i.ly_ble_p_db_disc_handler  ly_ble_p.o
    0x0002df64   0x00000020   Code   RO         1252    i.ly_ble_p_init     ly_ble_p.o
    0x0002df84   0x000000dc   Code   RO         1419    i.ly_ble_p_protocol_gid_debug_handler  ly_ble_p_protocol.o
    0x0002e060   0x000001cc   Code   RO         1420    i.ly_ble_p_protocol_gid_flash_handler  ly_ble_p_protocol.o
    0x0002e22c   0x000000c0   Code   RO         1421    i.ly_ble_p_protocol_handler  ly_ble_p_protocol.o
    0x0002e2ec   0x000000c4   Code   RO            8    i.main              main.o
    0x0002e3b0   0x00000076   Code   RO         2110    i.manuf_specific_data_encode  ble_advdata.o
    0x0002e426   0x000000ca   Code   RO         7873    i.memobj_op         nrf_memobj.o
    0x0002e4f0   0x00000038   Code   RO         8964    i.module_idx_get    nrf_log_frontend.o
    0x0002e528   0x00000026   Code   RO         4539    i.mutex_lock        pm_buffer.o
    0x0002e54e   0x00000020   Code   RO         4540    i.mutex_lock_status_get  pm_buffer.o
    0x0002e56e   0x00000020   Code   RO         4541    i.mutex_unlock      pm_buffer.o
    0x0002e58e   0x000000c8   Code   RO         2111    i.name_encode       ble_advdata.o
    0x0002e656   0x00000002   PAD
    0x0002e658   0x00000020   Code   RO         4814    i.new_context_get   security_manager.o
    0x0002e678   0x00000034   Code   RO         4044    i.next_id_get       peer_id.o
    0x0002e6ac   0x000000c4   Code   RO          910    i.notif_attr_print  ly_ble_ancs_c.o
    0x0002e770   0x000001f4   Code   RO          911    i.notif_print       ly_ble_ancs_c.o
    0x0002e964   0x0000002c   Code   RO         5068    i.notif_uid_parse   ancs_attr_parser.o
    0x0002e990   0x00000016   Code   RO         7463    i.nrf_atfifo_clear  nrf_atfifo.o
    0x0002e9a6   0x00000028   Code   RO         7465    i.nrf_atfifo_init   nrf_atfifo.o
    0x0002e9ce   0x0000001c   Code   RO         7466    i.nrf_atfifo_item_alloc  nrf_atfifo.o
    0x0002e9ea   0x0000001c   Code   RO         7467    i.nrf_atfifo_item_free  nrf_atfifo.o
    0x0002ea06   0x0000001c   Code   RO         7468    i.nrf_atfifo_item_get  nrf_atfifo.o
    0x0002ea22   0x0000001c   Code   RO         7469    i.nrf_atfifo_item_put  nrf_atfifo.o
    0x0002ea3e   0x0000001e   Code   RO         7537    i.nrf_atflags_clear  nrf_atflags.o
    0x0002ea5c   0x0000002e   Code   RO         7539    i.nrf_atflags_fetch_set  nrf_atflags.o
    0x0002ea8a   0x00000060   Code   RO         7541    i.nrf_atflags_find_and_set_flag  nrf_atflags.o
    0x0002eaea   0x0000001e   Code   RO         7542    i.nrf_atflags_get   nrf_atflags.o
    0x0002eb08   0x0000001e   Code   RO         7544    i.nrf_atflags_set   nrf_atflags.o
    0x0002eb26   0x0000000e   Code   RO         7604    i.nrf_atomic_flag_clear  nrf_atomic.o
    0x0002eb34   0x0000000e   Code   RO         7605    i.nrf_atomic_flag_clear_fetch  nrf_atomic.o
    0x0002eb42   0x0000000e   Code   RO         7607    i.nrf_atomic_flag_set_fetch  nrf_atomic.o
    0x0002eb50   0x00000016   Code   RO         7608    i.nrf_atomic_u32_add  nrf_atomic.o
    0x0002eb66   0x00000016   Code   RO         7609    i.nrf_atomic_u32_and  nrf_atomic.o
    0x0002eb7c   0x00000016   Code   RO         7611    i.nrf_atomic_u32_fetch_add  nrf_atomic.o
    0x0002eb92   0x00000016   Code   RO         7612    i.nrf_atomic_u32_fetch_and  nrf_atomic.o
    0x0002eba8   0x00000016   Code   RO         7613    i.nrf_atomic_u32_fetch_or  nrf_atomic.o
    0x0002ebbe   0x00000016   Code   RO         7614    i.nrf_atomic_u32_fetch_store  nrf_atomic.o
    0x0002ebd4   0x00000016   Code   RO         7618    i.nrf_atomic_u32_or  nrf_atomic.o
    0x0002ebea   0x00000016   Code   RO         7620    i.nrf_atomic_u32_sub  nrf_atomic.o
    0x0002ec00   0x00000052   Code   RO         7742    i.nrf_balloc_alloc  nrf_balloc.o
    0x0002ec52   0x00000010   Code   RO         7743    i.nrf_balloc_block2idx  nrf_balloc.o
    0x0002ec62   0x00000030   Code   RO         7744    i.nrf_balloc_free   nrf_balloc.o
    0x0002ec92   0x0000000c   Code   RO         7745    i.nrf_balloc_idx2block  nrf_balloc.o
    0x0002ec9e   0x0000003c   Code   RO         7746    i.nrf_balloc_init   nrf_balloc.o
    0x0002ecda   0x00000016   Code   RO         5890    i.nrf_bitmask_bit_is_set  nrfx_gpiote.o
    0x0002ecf0   0x00000016   Code   RO         5891    i.nrf_bitmask_bit_set  nrfx_gpiote.o
    0x0002ed06   0x00000046   Code   RO         5192    i.nrf_ble_ancs_c_app_attr_add  nrf_ble_ancs_c.o
    0x0002ed4c   0x0000003c   Code   RO         5194    i.nrf_ble_ancs_c_attr_add  nrf_ble_ancs_c.o
    0x0002ed88   0x0000002a   Code   RO         5196    i.nrf_ble_ancs_c_handles_assign  nrf_ble_ancs_c.o
    0x0002edb2   0x00000034   Code   RO         2756    i.nrf_ble_gatt_init  nrf_ble_gatt.o
    0x0002ede6   0x00000002   PAD
    0x0002ede8   0x0000012c   Code   RO         2757    i.nrf_ble_gatt_on_ble_evt  nrf_ble_gatt.o
    0x0002ef14   0x000000ac   Code   RO         3075    i.nrf_ble_scan_connect_with_target  nrf_ble_scan.o
    0x0002efc0   0x00000014   Code   RO         3077    i.nrf_ble_scan_default_conn_param_set  nrf_ble_scan.o
    0x0002efd4   0x0000002e   Code   RO         3078    i.nrf_ble_scan_default_param_set  nrf_ble_scan.o
    0x0002f002   0x00000032   Code   RO         3080    i.nrf_ble_scan_filter_set  nrf_ble_scan.o
    0x0002f034   0x00000018   Code   RO         3081    i.nrf_ble_scan_filters_disable  nrf_ble_scan.o
    0x0002f04c   0x00000052   Code   RO         3082    i.nrf_ble_scan_filters_enable  nrf_ble_scan.o
    0x0002f09e   0x00000080   Code   RO         3083    i.nrf_ble_scan_init  nrf_ble_scan.o
    0x0002f11e   0x00000002   PAD
    0x0002f120   0x000000a8   Code   RO         3084    i.nrf_ble_scan_name_filter_add  nrf_ble_scan.o
    0x0002f1c8   0x000000d0   Code   RO         3085    i.nrf_ble_scan_on_adv_report  nrf_ble_scan.o
    0x0002f298   0x00000056   Code   RO         3086    i.nrf_ble_scan_on_ble_evt  nrf_ble_scan.o
    0x0002f2ee   0x00000034   Code   RO         3087    i.nrf_ble_scan_on_connected_evt  nrf_ble_scan.o
    0x0002f322   0x0000003a   Code   RO         3088    i.nrf_ble_scan_on_req_report  nrf_ble_scan.o
    0x0002f35c   0x0000006c   Code   RO         3089    i.nrf_ble_scan_on_timeout  nrf_ble_scan.o
    0x0002f3c8   0x000000b4   Code   RO         3091    i.nrf_ble_scan_start  nrf_ble_scan.o
    0x0002f47c   0x00000004   Code   RO         3092    i.nrf_ble_scan_stop  nrf_ble_scan.o
    0x0002f480   0x00000012   Code   RO         5718    i.nrf_clock_event_check  nrfx_clock.o
    0x0002f492   0x00000012   Code   RO         5719    i.nrf_clock_event_clear  nrfx_clock.o
    0x0002f4a4   0x0000000c   Code   RO         5720    i.nrf_clock_int_disable  nrfx_clock.o
    0x0002f4b0   0x00000008   Code   RO         5722    i.nrf_clock_task_trigger  nrfx_clock.o
    0x0002f4b8   0x00000040   Code   RO         5372    i.nrf_drv_clock_init  nrf_drv_clock.o
    0x0002f4f8   0x00000030   Code   RO         5376    i.nrf_drv_clock_lfclk_release  nrf_drv_clock.o
    0x0002f528   0x0000008c   Code   RO         5523    i.nrf_drv_uart_init  nrf_drv_uart.o
    0x0002f5b4   0x00000044   Code   RO         7257    i.nrf_drv_uart_tx   app_uart_fifo.o
    0x0002f5f8   0x0000002a   Code   RO         7789    i.nrf_fprintf       nrf_fprintf.o
    0x0002f622   0x0000001c   Code   RO         7790    i.nrf_fprintf_buffer_flush  nrf_fprintf.o
    0x0002f63e   0x000001f0   Code   RO         7830    i.nrf_fprintf_fmt   nrf_fprintf_format.o
    0x0002f82e   0x00000002   PAD
    0x0002f830   0x00000170   Code   RO         8639    i.nrf_fstorage_erase  nrf_fstorage.o
    0x0002f9a0   0x000000ac   Code   RO         8640    i.nrf_fstorage_init  nrf_fstorage.o
    0x0002fa4c   0x0000001c   Code   RO         8733    i.nrf_fstorage_sdh_req_handler  nrf_fstorage_sd.o
    0x0002fa68   0x0000002c   Code   RO         8734    i.nrf_fstorage_sdh_state_handler  nrf_fstorage_sd.o
    0x0002fa94   0x0000008c   Code   RO         8735    i.nrf_fstorage_sys_evt_handler  nrf_fstorage_sd.o
    0x0002fb20   0x00000264   Code   RO         8646    i.nrf_fstorage_write  nrf_fstorage.o
    0x0002fd84   0x00000028   Code   RO          407    i.nrf_gpio_cfg      boards.o
    0x0002fdac   0x00000028   Code   RO         5892    i.nrf_gpio_cfg      nrfx_gpiote.o
    0x0002fdd4   0x00000028   Code   RO         6263    i.nrf_gpio_cfg      nrfx_uart.o
    0x0002fdfc   0x00000028   Code   RO         6508    i.nrf_gpio_cfg      nrfx_uarte.o
    0x0002fe24   0x00000018   Code   RO         6264    i.nrf_gpio_cfg_default  nrfx_uart.o
    0x0002fe3c   0x00000018   Code   RO         6509    i.nrf_gpio_cfg_default  nrfx_uarte.o
    0x0002fe54   0x0000001a   Code   RO         6265    i.nrf_gpio_cfg_input  nrfx_uart.o
    0x0002fe6e   0x0000001a   Code   RO         6510    i.nrf_gpio_cfg_input  nrfx_uarte.o
    0x0002fe88   0x00000018   Code   RO         6266    i.nrf_gpio_cfg_output  nrfx_uart.o
    0x0002fea0   0x00000018   Code   RO         6511    i.nrf_gpio_cfg_output  nrfx_uarte.o
    0x0002feb8   0x00000032   Code   RO         5894    i.nrf_gpio_cfg_sense_set  nrfx_gpiote.o
    0x0002feea   0x00000016   Code   RO         1530    i.nrf_gpio_pin_clear  drv_gt24l24a2y.o
    0x0002ff00   0x00000018   Code   RO         1531    i.nrf_gpio_pin_read  drv_gt24l24a2y.o
    0x0002ff18   0x00000018   Code   RO         5896    i.nrf_gpio_pin_read  nrfx_gpiote.o
    0x0002ff30   0x00000016   Code   RO         1532    i.nrf_gpio_pin_set  drv_gt24l24a2y.o
    0x0002ff46   0x00000016   Code   RO         6267    i.nrf_gpio_pin_set  nrfx_uart.o
    0x0002ff5c   0x00000016   Code   RO         6512    i.nrf_gpio_pin_set  nrfx_uarte.o
    0x0002ff72   0x0000003a   Code   RO          408    i.nrf_gpio_pin_write  boards.o
    0x0002ffac   0x00000028   Code   RO         5898    i.nrf_gpio_ports_read  nrfx_gpiote.o
    0x0002ffd4   0x0000000c   Code   RO         5899    i.nrf_gpiote_event_addr_get  nrfx_gpiote.o
    0x0002ffe0   0x0000001c   Code   RO         5900    i.nrf_gpiote_event_clear  nrfx_gpiote.o
    0x0002fffc   0x00000016   Code   RO         5901    i.nrf_gpiote_event_is_set  nrfx_gpiote.o
    0x00030012   0x00000002   PAD
    0x00030014   0x0000000c   Code   RO         5902    i.nrf_gpiote_int_enable  nrfx_gpiote.o
    0x00030020   0x0000004c   Code   RO         8965    i.nrf_log_backend_add  nrf_log_frontend.o
    0x0003006c   0x000000f2   Code   RO         8881    i.nrf_log_backend_serial_put  nrf_log_backend_serial.o
    0x0003015e   0x00000002   Code   RO         9218    i.nrf_log_backend_uart_flush  nrf_log_backend_uart.o
    0x00030160   0x0000000c   Code   RO         9219    i.nrf_log_backend_uart_init  nrf_log_backend_uart.o
    0x0003016c   0x00000038   Code   RO         9220    i.nrf_log_backend_uart_panic_set  nrf_log_backend_uart.o
    0x000301a4   0x00000020   Code   RO         9221    i.nrf_log_backend_uart_put  nrf_log_backend_uart.o
    0x000301c4   0x00000038   Code   RO         8967    i.nrf_log_color_id_get  nrf_log_frontend.o
    0x000301fc   0x00000028   Code   RO         8921    i.nrf_log_default_backends_init  nrf_log_default_backends.o
    0x00030224   0x000002f4   Code   RO         8968    i.nrf_log_frontend_dequeue  nrf_log_frontend.o
    0x00030518   0x000000f0   Code   RO         8969    i.nrf_log_frontend_hexdump  nrf_log_frontend.o
    0x00030608   0x00000014   Code   RO         8970    i.nrf_log_frontend_std_0  nrf_log_frontend.o
    0x0003061c   0x00000018   Code   RO         8971    i.nrf_log_frontend_std_1  nrf_log_frontend.o
    0x00030634   0x00000020   Code   RO         8972    i.nrf_log_frontend_std_2  nrf_log_frontend.o
    0x00030654   0x00000028   Code   RO         8973    i.nrf_log_frontend_std_3  nrf_log_frontend.o
    0x0003067c   0x0000002c   Code   RO         8974    i.nrf_log_frontend_std_4  nrf_log_frontend.o
    0x000306a8   0x00000038   Code   RO         8975    i.nrf_log_frontend_std_5  nrf_log_frontend.o
    0x000306e0   0x000000bc   Code   RO         9161    i.nrf_log_hexdump_entry_process  nrf_log_str_formatter.o
    0x0003079c   0x00000060   Code   RO         8977    i.nrf_log_init      nrf_log_frontend.o
    0x000307fc   0x00000014   Code   RO         8978    i.nrf_log_module_cnt_get  nrf_log_frontend.o
    0x00030810   0x00000024   Code   RO         8982    i.nrf_log_module_name_get  nrf_log_frontend.o
    0x00030834   0x00000034   Code   RO         8983    i.nrf_log_panic     nrf_log_frontend.o
    0x00030868   0x00000064   Code   RO         8984    i.nrf_log_push      nrf_log_frontend.o
    0x000308cc   0x000000c8   Code   RO         9162    i.nrf_log_std_entry_process  nrf_log_str_formatter.o
    0x00030994   0x0000007a   Code   RO         7874    i.nrf_memobj_alloc  nrf_memobj.o
    0x00030a0e   0x00000040   Code   RO         7875    i.nrf_memobj_free   nrf_memobj.o
    0x00030a4e   0x00000010   Code   RO         7876    i.nrf_memobj_get    nrf_memobj.o
    0x00030a5e   0x0000000c   Code   RO         7877    i.nrf_memobj_pool_init  nrf_memobj.o
    0x00030a6a   0x0000001e   Code   RO         7878    i.nrf_memobj_put    nrf_memobj.o
    0x00030a88   0x00000022   Code   RO         7879    i.nrf_memobj_read   nrf_memobj.o
    0x00030aaa   0x00000022   Code   RO         7880    i.nrf_memobj_write  nrf_memobj.o
    0x00030acc   0x00000016   Code   RO         3253    i.nrf_mtx_unlock    gatt_cache_manager.o
    0x00030ae2   0x00000002   PAD
    0x00030ae4   0x00000040   Code   RO         7950    i.nrf_pwr_mgmt_init  nrf_pwr_mgmt.o
    0x00030b24   0x00000068   Code   RO         7951    i.nrf_pwr_mgmt_run  nrf_pwr_mgmt.o
    0x00030b8c   0x00000096   Code   RO         8025    i.nrf_ringbuf_alloc  nrf_ringbuf.o
    0x00030c22   0x00000036   Code   RO         8028    i.nrf_ringbuf_free  nrf_ringbuf.o
    0x00030c58   0x0000001c   Code   RO         8030    i.nrf_ringbuf_init  nrf_ringbuf.o
    0x00030c74   0x00000040   Code   RO         8031    i.nrf_ringbuf_put   nrf_ringbuf.o
    0x00030cb4   0x00000018   Code   RO         9677    i.nrf_sdh_ble_app_ram_start_get  nrf_sdh_ble.o
    0x00030ccc   0x000001a0   Code   RO         9678    i.nrf_sdh_ble_default_cfg_set  nrf_sdh_ble.o
    0x00030e6c   0x0000014c   Code   RO         9679    i.nrf_sdh_ble_enable  nrf_sdh_ble.o
    0x00030fb8   0x000000bc   Code   RO         9680    i.nrf_sdh_ble_evts_poll  nrf_sdh_ble.o
    0x00031074   0x00000064   Code   RO         9553    i.nrf_sdh_disable_request  nrf_sdh.o
    0x000310d8   0x00000084   Code   RO         9554    i.nrf_sdh_enable_request  nrf_sdh.o
    0x0003115c   0x00000030   Code   RO         9555    i.nrf_sdh_evts_poll  nrf_sdh.o
    0x0003118c   0x0000000c   Code   RO         9556    i.nrf_sdh_is_enabled  nrf_sdh.o
    0x00031198   0x00000028   Code   RO         9558    i.nrf_sdh_request_continue  nrf_sdh.o
    0x000311c0   0x00000098   Code   RO         9736    i.nrf_sdh_soc_evts_poll  nrf_sdh_soc.o
    0x00031258   0x00000006   Code   RO         9561    i.nrf_section_iter_get  nrf_sdh.o
    0x0003125e   0x00000014   Code   RO         8088    i.nrf_section_iter_init  nrf_section_iter.o
    0x00031272   0x0000002e   Code   RO         8089    i.nrf_section_iter_item_set  nrf_section_iter.o
    0x000312a0   0x0000002e   Code   RO         8090    i.nrf_section_iter_next  nrf_section_iter.o
    0x000312ce   0x00000002   PAD
    0x000312d0   0x00000040   Code   RO         8123    i.nrf_strerror_find  nrf_strerror.o
    0x00031310   0x0000001c   Code   RO         8124    i.nrf_strerror_get  nrf_strerror.o
    0x0003132c   0x0000000c   Code   RO         6268    i.nrf_uart_errorsrc_get_and_clear  nrfx_uart.o
    0x00031338   0x0000000e   Code   RO         6269    i.nrf_uart_event_check  nrfx_uart.o
    0x00031346   0x0000000e   Code   RO         6270    i.nrf_uart_event_clear  nrfx_uart.o
    0x00031354   0x0000000a   Code   RO         6271    i.nrf_uart_hwfc_pins_set  nrfx_uart.o
    0x0003135e   0x00000006   Code   RO         6272    i.nrf_uart_int_disable  nrfx_uart.o
    0x00031364   0x00000006   Code   RO         6273    i.nrf_uart_int_enable  nrfx_uart.o
    0x0003136a   0x00000012   Code   RO         6274    i.nrf_uart_int_enable_check  nrfx_uart.o
    0x0003137c   0x00000006   Code   RO         6275    i.nrf_uart_task_trigger  nrfx_uart.o
    0x00031382   0x0000000a   Code   RO         6276    i.nrf_uart_txrx_pins_set  nrfx_uart.o
    0x0003138c   0x0000000c   Code   RO         6513    i.nrf_uarte_errorsrc_get_and_clear  nrfx_uarte.o
    0x00031398   0x0000000e   Code   RO         6514    i.nrf_uarte_event_check  nrfx_uarte.o
    0x000313a6   0x0000000e   Code   RO         6515    i.nrf_uarte_event_clear  nrfx_uarte.o
    0x000313b4   0x0000000c   Code   RO         6516    i.nrf_uarte_hwfc_pins_set  nrfx_uarte.o
    0x000313c0   0x00000006   Code   RO         6517    i.nrf_uarte_int_disable  nrfx_uarte.o
    0x000313c6   0x00000006   Code   RO         6518    i.nrf_uarte_int_enable  nrfx_uarte.o
    0x000313cc   0x0000000a   Code   RO         6519    i.nrf_uarte_rx_amount_get  nrfx_uarte.o
    0x000313d6   0x0000000c   Code   RO         6520    i.nrf_uarte_shorts_disable  nrfx_uarte.o
    0x000313e2   0x00000006   Code   RO         6521    i.nrf_uarte_task_trigger  nrfx_uarte.o
    0x000313e8   0x0000000e   Code   RO         6522    i.nrf_uarte_txrx_pins_set  nrfx_uarte.o
    0x000313f6   0x00000002   PAD
    0x000313f8   0x00000014   Code   RO         5728    i.nrfx_clock_enable  nrfx_clock.o
    0x0003140c   0x00000024   Code   RO         5731    i.nrfx_clock_init   nrfx_clock.o
    0x00031430   0x00000020   Code   RO         5734    i.nrfx_clock_lfclk_stop  nrfx_clock.o
    0x00031450   0x00000018   Code   RO         7041    i.nrfx_coredep_delay_us  app_timer.o
    0x00031468   0x00000008   Code   RO         5736    i.nrfx_get_irq_number  nrfx_clock.o
    0x00031470   0x00000008   Code   RO         6277    i.nrfx_get_irq_number  nrfx_uart.o
    0x00031478   0x00000008   Code   RO         6523    i.nrfx_get_irq_number  nrfx_uarte.o
    0x00031480   0x000000ac   Code   RO         5909    i.nrfx_gpiote_in_event_enable  nrfx_gpiote.o
    0x0003152c   0x000000f4   Code   RO         5910    i.nrfx_gpiote_in_init  nrfx_gpiote.o
    0x00031620   0x00000014   Code   RO         5911    i.nrfx_gpiote_in_is_set  nrfx_gpiote.o
    0x00031634   0x000000ac   Code   RO         5913    i.nrfx_gpiote_init  nrfx_gpiote.o
    0x000316e0   0x00000014   Code   RO         5914    i.nrfx_gpiote_is_init  nrfx_gpiote.o
    0x000316f4   0x00000014   Code   RO         6524    i.nrfx_is_in_ram    nrfx_uarte.o
    0x00031708   0x000000a4   Code   RO         5737    i.nrfx_power_clock_irq_init  nrfx_clock.o
    0x000317ac   0x0000004e   Code   RO         6207    i.nrfx_prs_acquire  nrfx_prs.o
    0x000317fa   0x00000016   Code   RO         6208    i.nrfx_prs_release  nrfx_prs.o
    0x00031810   0x00000014   Code   RO         6278    i.nrfx_uart_0_irq_handler  nrfx_uart.o
    0x00031824   0x00000088   Code   RO         6280    i.nrfx_uart_init    nrfx_uart.o
    0x000318ac   0x0000008c   Code   RO         6286    i.nrfx_uart_tx      nrfx_uart.o
    0x00031938   0x00000024   Code   RO         6288    i.nrfx_uart_tx_in_progress  nrfx_uart.o
    0x0003195c   0x00000044   Code   RO         6289    i.nrfx_uart_uninit  nrfx_uart.o
    0x000319a0   0x00000014   Code   RO         6525    i.nrfx_uarte_0_irq_handler  nrfx_uarte.o
    0x000319b4   0x00000080   Code   RO         6527    i.nrfx_uarte_init   nrfx_uarte.o
    0x00031a34   0x000000a8   Code   RO         6531    i.nrfx_uarte_tx     nrfx_uarte.o
    0x00031adc   0x00000020   Code   RO         6533    i.nrfx_uarte_tx_in_progress  nrfx_uarte.o
    0x00031afc   0x00000040   Code   RO         6534    i.nrfx_uarte_uninit  nrfx_uarte.o
    0x00031b3c   0x000002e8   Code   RO         1166    i.on_ble_central_evt  ly_ble_c.o
    0x00031e24   0x0000077e   Code   RO         1254    i.on_ble_peripheral_evt  ly_ble_p.o
    0x000325a2   0x00000002   PAD
    0x000325a4   0x000001d8   Code   RO         2939    i.on_characteristic_discovery_rsp  ble_db_discovery.o
    0x0003277c   0x00000030   Code   RO         2385    i.on_conn_params_update  ble_conn_params.o
    0x000327ac   0x000000d4   Code   RO         1009    i.on_connect        ly_ble_tus.o
    0x00032880   0x00000070   Code   RO         2386    i.on_connect        ble_conn_params.o
    0x000328f0   0x00000064   Code   RO         1255    i.on_connected      ly_ble_p.o
    0x00032954   0x0000000e   Code   RO         2240    i.on_connected      ble_advertising.o
    0x00032962   0x00000002   PAD
    0x00032964   0x00000138   Code   RO         2758    i.on_connected_evt  nrf_ble_gatt.o
    0x00032a9c   0x0000001e   Code   RO         5198    i.on_ctrlpt_error_rsp  nrf_ble_ancs_c.o
    0x00032aba   0x00000002   PAD
    0x00032abc   0x00000150   Code   RO         2759    i.on_data_length_update_evt  nrf_ble_gatt.o
    0x00032c0c   0x00000090   Code   RO         2760    i.on_data_length_update_request_evt  nrf_ble_gatt.o
    0x00032c9c   0x0000015c   Code   RO         2940    i.on_descriptor_discovery_rsp  ble_db_discovery.o
    0x00032df8   0x00000068   Code   RO         1256    i.on_disconnect     ly_ble_p.o
    0x00032e60   0x00000032   Code   RO         2387    i.on_disconnect     ble_conn_params.o
    0x00032e92   0x00000032   Code   RO         2241    i.on_disconnected   ble_advertising.o
    0x00032ec4   0x0000001e   Code   RO         2941    i.on_disconnected   ble_db_discovery.o
    0x00032ee2   0x00000010   Code   RO         5199    i.on_disconnected   nrf_ble_ancs_c.o
    0x00032ef2   0x00000014   Code   RO         2761    i.on_disconnected_evt  nrf_ble_gatt.o
    0x00032f06   0x0000003e   Code   RO         5200    i.on_evt_gattc_notif  nrf_ble_ancs_c.o
    0x00032f44   0x0000017c   Code   RO         2762    i.on_exchange_mtu_request_evt  nrf_ble_gatt.o
    0x000330c0   0x000000c0   Code   RO         2763    i.on_exchange_mtu_rsp_evt  nrf_ble_gatt.o
    0x00033180   0x0000006c   Code   RO         1082    i.on_hvx            ly_ble_tus_c.o
    0x000331ec   0x000000a4   Code   RO         1010    i.on_hvx_tx_complete  ly_ble_tus.o
    0x00033290   0x00000024   Code   RO         8736    i.on_operation_failure  nrf_fstorage_sd.o
    0x000332b4   0x00000060   Code   RO         8737    i.on_operation_success  nrf_fstorage_sd.o
    0x00033314   0x000000e8   Code   RO         2942    i.on_primary_srv_discovery_rsp  ble_db_discovery.o
    0x000333fc   0x000000ec   Code   RO         2943    i.on_srv_disc_completion  ble_db_discovery.o
    0x000334e8   0x00000040   Code   RO         2242    i.on_terminated     ble_advertising.o
    0x00033528   0x000000f4   Code   RO         1011    i.on_write          ly_ble_tus.o
    0x0003361c   0x00000058   Code   RO         2388    i.on_write          ble_conn_params.o
    0x00033674   0x0000002c   Code   RO         5201    i.on_write_rsp      nrf_ble_ancs_c.o
    0x000336a0   0x00000044   Code   RO         8239    i.page_from_record  fds.o
    0x000336e4   0x00000034   Code   RO         8240    i.page_has_space    fds.o
    0x00033718   0x00000030   Code   RO         8241    i.page_identify     fds.o
    0x00033748   0x0000001e   Code   RO         8242    i.page_is_erased    fds.o
    0x00033766   0x0000001c   Code   RO         8243    i.page_offsets_update  fds.o
    0x00033782   0x00000002   PAD
    0x00033784   0x00000078   Code   RO         8244    i.page_scan         fds.o
    0x000337fc   0x00000020   Code   RO         8245    i.page_tag_write_data  fds.o
    0x0003381c   0x00000024   Code   RO         8246    i.page_tag_write_swap  fds.o
    0x00033840   0x0000016c   Code   RO         8247    i.pages_init        fds.o
    0x000339ac   0x00000014   Code   RO         4611    i.pairing           security_dispatcher.o
    0x000339c0   0x00000080   Code   RO         4612    i.pairing_failure   security_dispatcher.o
    0x00033a40   0x00000034   Code   RO         4613    i.pairing_success_evt_send  security_dispatcher.o
    0x00033a74   0x00000010   Code   RO         4815    i.params_reply_pending_handle  security_manager.o
    0x00033a84   0x0000002c   Code   RO         4816    i.params_req_send   security_manager.o
    0x00033ab0   0x000000b4   Code   RO         5202    i.parse_notif       nrf_ble_ancs_c.o
    0x00033b64   0x00000020   Code   RO         3889    i.pdb_evt_send      peer_database.o
    0x00033b84   0x00000088   Code   RO         3890    i.pdb_init          peer_database.o
    0x00033c0c   0x0000006c   Code   RO         3891    i.pdb_pds_evt_handler  peer_database.o
    0x00033c78   0x00000016   Code   RO         3892    i.pdb_peer_data_ptr_get  peer_database.o
    0x00033c8e   0x00000002   PAD
    0x00033c90   0x000000ac   Code   RO         3893    i.pdb_peer_free     peer_database.o
    0x00033d3c   0x000000f0   Code   RO         3894    i.pdb_write_buf_get  peer_database.o
    0x00033e2c   0x00000020   Code   RO         3895    i.pdb_write_buf_release  peer_database.o
    0x00033e4c   0x00000044   Code   RO         3896    i.pdb_write_buf_store  peer_database.o
    0x00033e90   0x00000024   Code   RO         3716    i.pds_evt_send      peer_data_storage.o
    0x00033eb4   0x000000b0   Code   RO         3717    i.pds_init          peer_data_storage.o
    0x00033f64   0x0000000c   Code   RO         3718    i.pds_next_deleted_peer_id_get  peer_data_storage.o
    0x00033f70   0x0000000c   Code   RO         3719    i.pds_next_peer_id_get  peer_data_storage.o
    0x00033f7c   0x0000006c   Code   RO         3722    i.pds_peer_data_iterate  peer_data_storage.o
    0x00033fe8   0x00000010   Code   RO         3723    i.pds_peer_data_iterate_prepare  peer_data_storage.o
    0x00033ff8   0x0000009a   Code   RO         3724    i.pds_peer_data_read  peer_data_storage.o
    0x00034092   0x00000002   PAD
    0x00034094   0x000000bc   Code   RO         3725    i.pds_peer_data_store  peer_data_storage.o
    0x00034150   0x0000000c   Code   RO         3726    i.pds_peer_id_allocate  peer_data_storage.o
    0x0003415c   0x0000001e   Code   RO         3727    i.pds_peer_id_free  peer_data_storage.o
    0x0003417a   0x0000000c   Code   RO         3728    i.pds_peer_id_is_allocated  peer_data_storage.o
    0x00034186   0x0000001c   Code   RO         3897    i.peer_data_const_point_to_buffer  peer_database.o
    0x000341a2   0x00000002   PAD
    0x000341a4   0x000000a0   Code   RO         3730    i.peer_data_delete_process  peer_data_storage.o
    0x00034244   0x00000040   Code   RO         3731    i.peer_data_find    peer_data_storage.o
    0x00034284   0x00000026   Code   RO         3732    i.peer_data_id_is_valid  peer_data_storage.o
    0x000342aa   0x0000000a   Code   RO         3733    i.peer_data_id_to_record_key  peer_data_storage.o
    0x000342b4   0x0000001a   Code   RO         3898    i.peer_data_point_to_buffer  peer_database.o
    0x000342ce   0x00000002   PAD
    0x000342d0   0x00000014   Code   RO         4045    i.peer_id_allocate  peer_id.o
    0x000342e4   0x0000002c   Code   RO         4046    i.peer_id_delete    peer_id.o
    0x00034310   0x0000001c   Code   RO         4047    i.peer_id_free      peer_id.o
    0x0003432c   0x00000014   Code   RO         4048    i.peer_id_get_next_deleted  peer_id.o
    0x00034340   0x00000038   Code   RO         4049    i.peer_id_get_next_used  peer_id.o
    0x00034378   0x00000010   Code   RO         4050    i.peer_id_init      peer_id.o
    0x00034388   0x0000001c   Code   RO         4051    i.peer_id_is_allocated  peer_id.o
    0x000343a4   0x0000001c   Code   RO         4052    i.peer_id_is_deleted  peer_id.o
    0x000343c0   0x0000000a   Code   RO         3734    i.peer_id_to_file_id  peer_data_storage.o
    0x000343ca   0x00000046   Code   RO         3735    i.peer_ids_load     peer_data_storage.o
    0x00034410   0x00000118   Code   RO          777    i.peer_manager_init  ly_ble.o
    0x00034528   0x00000034   Code   RO         2944    i.pending_user_evts_send  ble_db_discovery.o
    0x0003455c   0x00000016   Code   RO         2243    i.phy_is_valid      ble_advertising.o
    0x00034572   0x00000002   PAD
    0x00034574   0x00000014   Code   RO         5930    i.pin_configured_set  nrfx_gpiote.o
    0x00034588   0x0000001c   Code   RO         5931    i.pin_in_use_by_gpiote  nrfx_gpiote.o
    0x000345a4   0x00000018   Code   RO         5932    i.pin_in_use_by_port  nrfx_gpiote.o
    0x000345bc   0x00000020   Code   RO         5933    i.pin_in_use_by_te  nrfx_gpiote.o
    0x000345dc   0x0000000c   Code   RO         5934    i.pin_in_use_clear  nrfx_gpiote.o
    0x000345e8   0x00000078   Code   RO         6290    i.pins_to_default   nrfx_uart.o
    0x00034660   0x0000007e   Code   RO         6535    i.pins_to_default   nrfx_uarte.o
    0x000346de   0x00000062   Code   RO         4542    i.pm_buffer_block_acquire  pm_buffer.o
    0x00034740   0x0000002a   Code   RO         4543    i.pm_buffer_init    pm_buffer.o
    0x0003476a   0x00000030   Code   RO         4544    i.pm_buffer_ptr_get  pm_buffer.o
    0x0003479a   0x00000028   Code   RO         4545    i.pm_buffer_release  pm_buffer.o
    0x000347c2   0x00000012   Code   RO         4143    i.pm_conn_sec_config_reply  peer_manager.o
    0x000347d4   0x00000080   Code   RO         4145    i.pm_conn_sec_status_get  peer_manager.o
    0x00034854   0x0000002c   Code   RO         4146    i.pm_conn_secure    peer_manager.o
    0x00034880   0x000004ac   Code   RO          778    i.pm_evt_handler    ly_ble.o
    0x00034d2c   0x0000000c   Code   RO         4148    i.pm_gcm_evt_handler  peer_manager.o
    0x00034d38   0x0000000c   Code   RO         4149    i.pm_gscm_evt_handler  peer_manager.o
    0x00034d44   0x0000007c   Code   RO         4455    i.pm_handler_disconnect_on_sec_failure  peer_manager_handler.o
    0x00034dc0   0x00000394   Code   RO         4456    i.pm_handler_flash_clean  peer_manager_handler.o
    0x00035154   0x0000001c   Code   RO         4457    i.pm_handler_flash_clean_on_return  peer_manager_handler.o
    0x00035170   0x00000064   Code   RO         4458    i.pm_handler_on_pm_evt  peer_manager_handler.o
    0x000351d4   0x000005c0   Code   RO         4459    i.pm_handler_pm_evt_log  peer_manager_handler.o
    0x00035794   0x0000000c   Code   RO         4152    i.pm_im_evt_handler  peer_manager.o
    0x000357a0   0x0000023c   Code   RO         4153    i.pm_init           peer_manager.o
    0x000359dc   0x00000184   Code   RO         4157    i.pm_pdb_evt_handler  peer_manager.o
    0x00035b60   0x00000020   Code   RO         4168    i.pm_peer_delete    peer_manager.o
    0x00035b80   0x00000144   Code   RO         4172    i.pm_peer_rank_highest  peer_manager.o
    0x00035cc4   0x00000114   Code   RO         4173    i.pm_peer_ranks_get  peer_manager.o
    0x00035dd8   0x000000b4   Code   RO         4174    i.pm_peers_delete   peer_manager.o
    0x00035e8c   0x00000040   Code   RO         4177    i.pm_register       peer_manager.o
    0x00035ecc   0x00000024   Code   RO         4178    i.pm_sec_params_set  peer_manager.o
    0x00035ef0   0x00000016   Code   RO         4179    i.pm_sm_evt_handler  peer_manager.o
    0x00035f06   0x00000002   PAD
    0x00035f08   0x00000048   Code   RO         9164    i.postfix_process   nrf_log_str_formatter.o
    0x00035f50   0x00000030   Code   RO            9    i.power_management_init  main.o
    0x00035f80   0x000000a4   Code   RO         9165    i.prefix_process    nrf_log_str_formatter.o
    0x00036024   0x0000009c   Code   RO         2945    i.print_ble_db_discovery_info  ble_db_discovery.o
    0x000360c0   0x00000018   Code   RO         6209    i.prs_box_get       nrfx_prs.o
    0x000360d8   0x00000020   Code   RO         8248    i.queue_buf_get     fds.o
    0x000360f8   0x00000014   Code   RO         8249    i.queue_buf_store   fds.o
    0x0003610c   0x00000014   Code   RO         8250    i.queue_free        fds.o
    0x00036120   0x00000018   Code   RO         8738    i.queue_free        nrf_fstorage_sd.o
    0x00036138   0x00000018   Code   RO         8251    i.queue_has_next    fds.o
    0x00036150   0x0000001c   Code   RO         8252    i.queue_init        fds.o
    0x0003616c   0x00000014   Code   RO         8253    i.queue_load        fds.o
    0x00036180   0x0000002c   Code   RO         8739    i.queue_load_next   nrf_fstorage_sd.o
    0x000361ac   0x000000c0   Code   RO         8254    i.queue_process     fds.o
    0x0003626c   0x00000090   Code   RO         8740    i.queue_process     nrf_fstorage_sd.o
    0x000362fc   0x00000018   Code   RO         8255    i.queue_start       fds.o
    0x00036314   0x0000001c   Code   RO         8741    i.queue_start       nrf_fstorage_sd.o
    0x00036330   0x00000010   Code   RO         9681    i.ram_end_address_get  nrf_sdh_ble.o
    0x00036340   0x0000001c   Code   RO         4462    i.rank_highest      peer_manager_handler.o
    0x0003635c   0x00000008   Code   RO         4182    i.rank_init         peer_manager.o
    0x00036364   0x00000030   Code   RO         4183    i.rank_vars_update  peer_manager.o
    0x00036394   0x0000001c   Code   RO         8742    i.read              nrf_fstorage_sd.o
    0x000363b0   0x00000078   Code   RO         3899    i.reattempt_previous_operations  peer_database.o
    0x00036428   0x00000028   Code   RO         2496    i.record_activate   ble_conn_state.o
    0x00036450   0x0000008c   Code   RO         8256    i.record_find       fds.o
    0x000364dc   0x0000003a   Code   RO         8257    i.record_find_and_delete  fds.o
    0x00036516   0x00000002   PAD
    0x00036518   0x0000007c   Code   RO         8258    i.record_find_by_desc  fds.o
    0x00036594   0x00000078   Code   RO         8259    i.record_find_next  fds.o
    0x0003660c   0x0000003c   Code   RO         8260    i.record_header_flag_dirty  fds.o
    0x00036648   0x0000002c   Code   RO         8261    i.record_header_write_begin  fds.o
    0x00036674   0x00000038   Code   RO         8262    i.record_header_write_finalize  fds.o
    0x000366ac   0x00000038   Code   RO         8263    i.record_header_write_id  fds.o
    0x000366e4   0x00000010   Code   RO         8264    i.record_id_new     fds.o
    0x000366f4   0x00000020   Code   RO         2497    i.record_invalidate  ble_conn_state.o
    0x00036714   0x00000006   Code   RO         3736    i.record_key_to_peer_data_id  peer_data_storage.o
    0x0003671a   0x00000018   Code   RO         3737    i.record_key_within_pm_range  peer_data_storage.o
    0x00036732   0x00000002   PAD
    0x00036734   0x00000048   Code   RO         2498    i.record_purge_disconnected  ble_conn_state.o
    0x0003677c   0x00000014   Code   RO         2499    i.record_set_disconnected  ble_conn_state.o
    0x00036790   0x00000030   Code   RO         8265    i.record_write_data  fds.o
    0x000367c0   0x00000040   Code   RO         2946    i.registered_handler_get  ble_db_discovery.o
    0x00036800   0x000000c4   Code   RO         2947    i.registered_handler_set  ble_db_discovery.o
    0x000368c4   0x00000014   Code   RO         4054    i.release           peer_id.o
    0x000368d8   0x00000006   Code   RO         8743    i.rmap              nrf_fstorage_sd.o
    0x000368de   0x00000002   PAD
    0x000368e0   0x0000000c   Code   RO         7042    i.rtc1_compare0_set  app_timer.o
    0x000368ec   0x0000000c   Code   RO         7043    i.rtc1_counter_get  app_timer.o
    0x000368f8   0x00000018   Code   RO         7044    i.rtc1_init         app_timer.o
    0x00036910   0x0000003c   Code   RO         7045    i.rtc1_start        app_timer.o
    0x0003694c   0x00000058   Code   RO         7046    i.rtc1_stop         app_timer.o
    0x000369a4   0x0000003e   Code   RO         6291    i.rx_byte           nrfx_uart.o
    0x000369e2   0x0000001c   Code   RO         6292    i.rx_done_event     nrfx_uart.o
    0x000369fe   0x0000001c   Code   RO         6536    i.rx_done_event     nrfx_uarte.o
    0x00036a1a   0x00000002   PAD
    0x00036a1c   0x00000020   Code   RO         3254    i.sc_send_pending_handle  gatt_cache_manager.o
    0x00036a3c   0x000001cc   Code   RO         1167    i.scan_evt_handler  ly_ble_c.o
    0x00036c08   0x000000c0   Code   RO         1168    i.scan_init         ly_ble_c.o
    0x00036cc8   0x0000004c   Code   RO         1169    i.scan_start        ly_ble_c.o
    0x00036d14   0x00000098   Code   RO         9562    i.sd_nvic_EnableIRQ  nrf_sdh.o
    0x00036dac   0x00000068   Code   RO         7345    i.sd_nvic_critical_region_enter  app_util_platform.o
    0x00036e14   0x00000068   Code   RO         5379    i.sd_state_evt_handler  nrf_drv_clock.o
    0x00036e7c   0x0000003c   Code   RO         9563    i.sdh_request_observer_notify  nrf_sdh.o
    0x00036eb8   0x00000034   Code   RO         9564    i.sdh_state_observer_notify  nrf_sdh.o
    0x00036eec   0x000000f8   Code   RO         4614    i.sec_info_request_process  security_dispatcher.o
    0x00036fe4   0x00000110   Code   RO         4615    i.sec_keyset_fill   security_dispatcher.o
    0x000370f4   0x00000030   Code   RO         4616    i.sec_params_request_process  security_dispatcher.o
    0x00037124   0x000000e8   Code   RO         4817    i.sec_params_verify  security_manager.o
    0x0003720c   0x00000058   Code   RO         4617    i.sec_proc_start    security_dispatcher.o
    0x00037264   0x00000014   Code   RO         4618    i.sec_procedure     security_dispatcher.o
    0x00037278   0x0000005c   Code   RO         4818    i.sec_req_process   security_manager.o
    0x000372d4   0x00000044   Code   RO         4619    i.sec_request_process  security_dispatcher.o
    0x00037318   0x00000028   Code   RO         4620    i.sec_start_send    security_dispatcher.o
    0x00037340   0x00000022   Code   RO         4621    i.send_config_req   security_dispatcher.o
    0x00037362   0x00000002   PAD
    0x00037364   0x00000018   Code   RO         2389    i.send_error_evt    ble_conn_params.o
    0x0003737c   0x00000028   Code   RO         4622    i.send_params_req   security_dispatcher.o
    0x000373a4   0x00000024   Code   RO         4623    i.send_storage_full_evt  security_dispatcher.o
    0x000373c8   0x00000028   Code   RO         3255    i.send_unexpected_error  gatt_cache_manager.o
    0x000373f0   0x0000002c   Code   RO         3738    i.send_unexpected_error  peer_data_storage.o
    0x0003741c   0x00000028   Code   RO         4624    i.send_unexpected_error  security_dispatcher.o
    0x00037444   0x00000024   Code   RO         2390    i.send_update_request  ble_conn_params.o
    0x00037468   0x00000088   Code   RO         9222    i.serial_tx         nrf_log_backend_uart.o
    0x000374f0   0x0000007c   Code   RO         3256    i.service_changed_cccd  gatt_cache_manager.o
    0x0003756c   0x00000020   Code   RO         3257    i.service_changed_needed  gatt_cache_manager.o
    0x0003758c   0x00000018   Code   RO         3258    i.service_changed_pending_flags_check  gatt_cache_manager.o
    0x000375a4   0x000000a8   Code   RO         3435    i.service_changed_pending_set  gatts_cache_manager.o
    0x0003764c   0x00000180   Code   RO         3259    i.service_changed_send_in_evt  gatt_cache_manager.o
    0x000377cc   0x00000096   Code   RO         2112    i.service_data_encode  ble_advdata.o
    0x00037862   0x00000002   PAD
    0x00037864   0x00000064   Code   RO         1257    i.services_init     ly_ble_p.o
    0x000378c8   0x00000030   Code   RO         2244    i.set_adv_mode_directed  ble_advertising.o
    0x000378f8   0x00000024   Code   RO         2245    i.set_adv_mode_directed_high_duty  ble_advertising.o
    0x0003791c   0x0000005c   Code   RO         2246    i.set_adv_mode_fast  ble_advertising.o
    0x00037978   0x0000005c   Code   RO         2247    i.set_adv_mode_slow  ble_advertising.o
    0x000379d4   0x000000be   Code   RO         2688    i.set_security_req  ble_srv_common.o
    0x00037a92   0x00000002   PAD
    0x00037a94   0x00000034   Code   RO         4819    i.sm_ble_evt_handler  security_manager.o
    0x00037ac8   0x00000010   Code   RO         4820    i.sm_conn_sec_config_reply  security_manager.o
    0x00037ad8   0x00000064   Code   RO         4821    i.sm_init           security_manager.o
    0x00037b3c   0x00000018   Code   RO         4823    i.sm_link_secure    security_manager.o
    0x00037b54   0x00000058   Code   RO         4824    i.sm_pdb_evt_handler  security_manager.o
    0x00037bac   0x00000048   Code   RO         4826    i.sm_sec_params_set  security_manager.o
    0x00037bf4   0x00000032   Code   RO         4827    i.sm_smd_evt_handler  security_manager.o
    0x00037c26   0x00000058   Code   RO         4625    i.smd_ble_evt_handler  security_dispatcher.o
    0x00037c7e   0x00000002   PAD
    0x00037c80   0x00000018   Code   RO         4626    i.smd_conn_sec_config_reply  security_dispatcher.o
    0x00037c98   0x0000007c   Code   RO         4627    i.smd_init          security_dispatcher.o
    0x00037d14   0x00000038   Code   RO         4628    i.smd_link_secure   security_dispatcher.o
    0x00037d4c   0x000000c0   Code   RO         4629    i.smd_params_reply  security_dispatcher.o
    0x00037e0c   0x00000040   Code   RO         4828    i.smd_params_reply_perform  security_manager.o
    0x00037e4c   0x0000001c   Code   RO         5380    i.soc_evt_handler   nrf_drv_clock.o
    0x00037e68   0x000000ac   Code   RO         9565    i.softdevice_evt_irq_disable  nrf_sdh.o
    0x00037f14   0x00000060   Code   RO         9566    i.softdevices_evt_irq_enable  nrf_sdh.o
    0x00037f74   0x00000026   Code   RO          660    i.startup_event_extract  bsp_btn_ble.o
    0x00037f9a   0x00000002   PAD
    0x00037f9c   0x00000064   Code   RO         8985    i.std_header_set    nrf_log_frontend.o
    0x00038000   0x00000074   Code   RO         8986    i.std_n             nrf_log_frontend.o
    0x00038074   0x00000078   Code   RO         3260    i.store_car_value   gatt_cache_manager.o
    0x000380ec   0x00000074   Code   RO         7831    i.string_print      nrf_fprintf_format.o
    0x00038160   0x00000044   Code   RO           10    i.sys_tick_timeout_handler  main.o
    0x000381a4   0x0000000a   Code   RO         7047    i.ticks_diff_get    app_timer.o
    0x000381ae   0x0000000c   Code   RO         7048    i.timeout_handler_exec  app_timer.o
    0x000381ba   0x00000002   PAD
    0x000381bc   0x00000050   Code   RO         7049    i.timer_list_handler  app_timer.o
    0x0003820c   0x0000000a   Code   RO         7050    i.timer_list_handler_sched  app_timer.o
    0x00038216   0x00000002   PAD
    0x00038218   0x00000068   Code   RO         7051    i.timer_list_insert  app_timer.o
    0x00038280   0x00000088   Code   RO         7052    i.timer_list_remove  app_timer.o
    0x00038308   0x0000005e   Code   RO         7053    i.timer_start_op_schedule  app_timer.o
    0x00038366   0x00000042   Code   RO         7054    i.timer_stop_op_schedule  app_timer.o
    0x000383a8   0x00000098   Code   RO         7055    i.timer_timeouts_check  app_timer.o
    0x00038440   0x0000000a   Code   RO         7056    i.timer_timeouts_check_sched  app_timer.o
    0x0003844a   0x00000002   PAD
    0x0003844c   0x00000030   Code   RO           11    i.timers_init       main.o
    0x0003847c   0x00000002   Code   RO         9166    i.timestamp_print   nrf_log_str_formatter.o
    0x0003847e   0x00000002   PAD
    0x00038480   0x000000d8   Code   RO         1171    i.tus_c_evt_handler  ly_ble_c.o
    0x00038558   0x00000064   Code   RO         1172    i.tus_c_init        ly_ble_c.o
    0x000385bc   0x00000036   Code   RO         6294    i.tx_blocking       nrfx_uart.o
    0x000385f2   0x00000002   PAD
    0x000385f4   0x00000014   Code   RO         5139    i.tx_buffer_init    ancs_tx_buffer.o
    0x00038608   0x000000e0   Code   RO         5140    i.tx_buffer_insert  ancs_tx_buffer.o
    0x000386e8   0x00000090   Code   RO         5141    i.tx_buffer_process  ancs_tx_buffer.o
    0x00038778   0x00000026   Code   RO         6295    i.tx_byte           nrfx_uart.o
    0x0003879e   0x00000020   Code   RO         6296    i.tx_done_event     nrfx_uart.o
    0x000387be   0x00000020   Code   RO         6537    i.tx_done_event     nrfx_uarte.o
    0x000387de   0x00000036   Code   RO         2113    i.tx_power_level_encode  ble_advdata.o
    0x00038814   0x00000038   Code   RO         5524    i.uart_evt_handler  nrf_drv_uart.o
    0x0003884c   0x0000000c   Code   RO         9223    i.uart_evt_handler  nrf_log_backend_uart.o
    0x00038858   0x00000068   Code   RO         9224    i.uart_init         nrf_log_backend_uart.o
    0x000388c0   0x0000014c   Code   RO         6297    i.uart_irq_handler  nrfx_uart.o
    0x00038a0c   0x00000038   Code   RO         5525    i.uarte_evt_handler  nrf_drv_uart.o
    0x00038a44   0x00000104   Code   RO         6538    i.uarte_irq_handler  nrfx_uarte.o
    0x00038b48   0x0000000c   Code   RO         2689    i.uint16_decode     ble_srv_common.o
    0x00038b54   0x0000000c   Code   RO         2114    i.uint16_encode     ble_advdata.o
    0x00038b60   0x00000018   Code   RO         1423    i.uint32_decode     ly_ble_p_protocol.o
    0x00038b78   0x00000024   Code   RO         8744    i.uninit            nrf_fstorage_sd.o
    0x00038b9c   0x000000b8   Code   RO         7832    i.unsigned_print    nrf_fprintf_format.o
    0x00038c54   0x00000034   Code   RO         3261    i.update_pending_flags_check  gatt_cache_manager.o
    0x00038c88   0x00000074   Code   RO         2391    i.update_timeout_handler  ble_conn_params.o
    0x00038cfc   0x0000001e   Code   RO         2248    i.use_whitelist     ble_advertising.o
    0x00038d1a   0x00000002   PAD
    0x00038d1c   0x00000014   Code   RO         2500    i.user_flag_is_acquired  ble_conn_state.o
    0x00038d30   0x0000003c   Code   RO         7057    i.user_op_alloc     app_timer.o
    0x00038d6c   0x0000000c   Code   RO         7058    i.user_op_enque     app_timer.o
    0x00038d78   0x0000004e   Code   RO         2115    i.uuid_list_encode  ble_advdata.o
    0x00038dc6   0x000000d6   Code   RO         2116    i.uuid_list_sized_encode  ble_advdata.o
    0x00038e9c   0x00000008   Code   RO         2249    i.whitelist_has_entries  ble_advertising.o
    0x00038ea4   0x00000006   Code   RO         8745    i.wmap              nrf_fstorage_sd.o
    0x00038eaa   0x00000002   PAD
    0x00038eac   0x00000054   Code   RO         8746    i.write             nrf_fstorage_sd.o
    0x00038f00   0x00000038   Code   RO         3900    i.write_buf_length_words_set  peer_database.o
    0x00038f38   0x00000160   Code   RO         3901    i.write_buf_store   peer_database.o
    0x00039098   0x00000074   Code   RO         3902    i.write_buf_store_in_event  peer_database.o
    0x0003910c   0x00000024   Code   RO         3903    i.write_buffer_record_acquire  peer_database.o
    0x00039130   0x0000004c   Code   RO         3904    i.write_buffer_record_find  peer_database.o
    0x0003917c   0x00000034   Code   RO         3905    i.write_buffer_record_find_next  peer_database.o
    0x000391b0   0x00000030   Code   RO         3906    i.write_buffer_record_find_stored  peer_database.o
    0x000391e0   0x0000000e   Code   RO         3907    i.write_buffer_record_find_unused  peer_database.o
    0x000391ee   0x00000024   Code   RO         3908    i.write_buffer_record_invalidate  peer_database.o
    0x00039212   0x00000002   PAD
    0x00039214   0x00000028   Code   RO         3909    i.write_buffer_record_release  peer_database.o
    0x0003923c   0x000000e0   Code   RO         8267    i.write_enqueue     fds.o
    0x0003931c   0x000000c4   Code   RO         8268    i.write_execute     fds.o
    0x000393e0   0x00000058   Code   RO         8747    i.write_execute     nrf_fstorage_sd.o
    0x00039438   0x00000024   Code   RO         8269    i.write_space_free  fds.o
    0x0003945c   0x00000078   Code   RO         8270    i.write_space_reserve  fds.o
    0x000394d4   0x00000004   Data   RO           13    .constdata          main.o
    0x000394d8   0x00000008   Data   RO          409    .constdata          boards.o
    0x000394e0   0x0000002c   Data   RO          557    .constdata          bsp.o
    0x0003950c   0x00000001   Data   RO          780    .constdata          ly_ble.o
    0x0003950d   0x00000003   PAD
    0x00039510   0x0000001f   Data   RO          915    .constdata          ly_ble_ancs_c.o
    0x0003952f   0x00000001   PAD
    0x00039530   0x00000010   Data   RO         1012    .constdata          ly_ble_tus.o
    0x00039540   0x00000028   Data   RO         1083    .constdata          ly_ble_tus_c.o
    0x00039568   0x00000004   Data   RO         1174    .constdata          ly_ble_c.o
    0x0003956c   0x00000004   Data   RO         1259    .constdata          ly_ble_p.o
    0x00039570   0x00000016   Data   RO         2764    .constdata          nrf_ble_gatt.o
    0x00039586   0x00000002   PAD
    0x00039588   0x0000007c   Data   RO         2949    .constdata          ble_db_discovery.o
    0x00039604   0x0000007c   Data   RO         3262    .constdata          gatt_cache_manager.o
    0x00039680   0x00000018   Data   RO         3436    .constdata          gatts_cache_manager.o
    0x00039698   0x00000008   Data   RO         3548    .constdata          id_manager.o
    0x000396a0   0x0000001c   Data   RO         3739    .constdata          peer_data_storage.o
    0x000396bc   0x00000010   Data   RO         3911    .constdata          peer_database.o
    0x000396cc   0x0000002c   Data   RO         4185    .constdata          peer_manager.o
    0x000396f8   0x00000018   Data   RO         4463    .constdata          peer_manager_handler.o
    0x00039710   0x000000a4   Data   RO         4631    .constdata          security_dispatcher.o
    0x000397b4   0x00000004   Data   RO         4829    .constdata          security_manager.o
    0x000397b8   0x00000040   Data   RO         5204    .constdata          nrf_ble_ancs_c.o
    0x000397f8   0x0000003e   Data   RO         5936    .constdata          nrfx_gpiote.o
    0x00039836   0x00000002   PAD
    0x00039838   0x0000002e   Data   RO         6299    .constdata          nrfx_uart.o
    0x00039866   0x00000002   PAD
    0x00039868   0x00000030   Data   RO         6540    .constdata          nrfx_uarte.o
    0x00039898   0x00000007   Data   RO         6729    .constdata          app_button.o
    0x0003989f   0x00000001   PAD
    0x000398a0   0x00000006   Data   RO         7060    .constdata          app_timer.o
    0x000398a6   0x00000010   Data   RO         7833    .constdata          nrf_fprintf_format.o
    0x000398b6   0x00000002   PAD
    0x000398b8   0x00000024   Data   RO         7955    .constdata          nrf_pwr_mgmt.o
    0x000398dc   0x0000013c   Data   RO         8125    .constdata          nrf_strerror.o
    0x00039a18   0x00000018   Data   RO         8272    .constdata          fds.o
    0x00039a30   0x0000005e   Data   RO         8647    .constdata          nrf_fstorage.o
    0x00039a8e   0x00000002   PAD
    0x00039a90   0x00000030   Data   RO         8749    .constdata          nrf_fstorage_sd.o
    0x00039ac0   0x0000000c   Data   RO         8988    .constdata          nrf_log_frontend.o
    0x00039acc   0x0000002c   Data   RO         9226    .constdata          nrf_log_backend_uart.o
    0x00039af8   0x00000058   Data   RO         9567    .constdata          nrf_sdh.o
    0x00039b50   0x00000030   Data   RO         9682    .constdata          nrf_sdh_ble.o
    0x00039b80   0x0000001c   Data   RO         9737    .constdata          nrf_sdh_soc.o
    0x00039b9c   0x00000081   Data   RO         9873    .constdata          mc_w.l(ctype_o.o)
    0x00039c1d   0x00000003   PAD
    0x00039c20   0x00000004   Data   RO         9874    .constdata          mc_w.l(ctype_o.o)
    0x00039c24   0x0000026a   Data   RO          916    .conststring        ly_ble_ancs_c.o
    0x00039e8e   0x00000002   PAD
    0x00039e90   0x00000041   Data   RO         1084    .conststring        ly_ble_tus_c.o
    0x00039ed1   0x00000003   PAD
    0x00039ed4   0x0000013e   Data   RO         2765    .conststring        nrf_ble_gatt.o
    0x0003a012   0x00000002   PAD
    0x0003a014   0x00000144   Data   RO         2950    .conststring        ble_db_discovery.o
    0x0003a158   0x000001a4   Data   RO         3263    .conststring        gatt_cache_manager.o
    0x0003a2fc   0x0000019c   Data   RO         3437    .conststring        gatts_cache_manager.o
    0x0003a498   0x000000e8   Data   RO         3740    .conststring        peer_data_storage.o
    0x0003a580   0x00000180   Data   RO         3912    .conststring        peer_database.o
    0x0003a700   0x00000090   Data   RO         4186    .conststring        peer_manager.o
    0x0003a790   0x000006b2   Data   RO         4464    .conststring        peer_manager_handler.o
    0x0003ae42   0x00000002   PAD
    0x0003ae44   0x00000306   Data   RO         4632    .conststring        security_dispatcher.o
    0x0003b14a   0x00000002   PAD
    0x0003b14c   0x0000017b   Data   RO         4830    .conststring        security_manager.o
    0x0003b2c7   0x00000001   PAD
    0x0003b2c8   0x00000041   Data   RO         5205    .conststring        nrf_ble_ancs_c.o
    0x0003b309   0x00000003   PAD
    0x0003b30c   0x000003eb   Data   RO         8126    .conststring        nrf_strerror.o
    0x0003b6f7   0x00000001   PAD
    0x0003b6f8   0x0000004f   Data   RO         8648    .conststring        nrf_fstorage.o
    0x0003b747   0x00000001   PAD
    0x0003b748   0x00000066   Data   RO         9167    .conststring        nrf_log_str_formatter.o
    0x0003b7ae   0x00000002   PAD
    0x0003b7b0   0x00000046   Data   RO         9227    .conststring        nrf_log_backend_uart.o
    0x0003b7f6   0x00000002   PAD
    0x0003b7f8   0x000001cf   Data   RO         9683    .conststring        nrf_sdh_ble.o
    0x0003b9c7   0x00000001   PAD
    0x0003b9c8   0x00000008   Data   RO         1013    .conststrlit        ly_ble_tus.o
    0x0003b9d0   0x0000000a   Data   RO         1085    .conststrlit        ly_ble_tus_c.o
    0x0003b9da   0x00000002   PAD
    0x0003b9dc   0x0000000d   Data   RO         2766    .conststrlit        nrf_ble_gatt.o
    0x0003b9e9   0x00000003   PAD
    0x0003b9ec   0x0000000c   Data   RO         2951    .conststrlit        ble_db_discovery.o
    0x0003b9f8   0x00000009   Data   RO         3093    .conststrlit        nrf_ble_scan.o
    0x0003ba01   0x00000003   PAD
    0x0003ba04   0x00000011   Data   RO         3264    .conststrlit        gatt_cache_manager.o
    0x0003ba15   0x00000003   PAD
    0x0003ba18   0x00000012   Data   RO         3438    .conststrlit        gatts_cache_manager.o
    0x0003ba2a   0x00000002   PAD
    0x0003ba2c   0x00000010   Data   RO         3550    .conststrlit        id_manager.o
    0x0003ba3c   0x00000011   Data   RO         3741    .conststrlit        peer_data_storage.o
    0x0003ba4d   0x00000003   PAD
    0x0003ba50   0x00000011   Data   RO         3913    .conststrlit        peer_database.o
    0x0003ba61   0x00000003   PAD
    0x0003ba64   0x0000000d   Data   RO         4187    .conststrlit        peer_manager.o
    0x0003ba71   0x00000003   PAD
    0x0003ba74   0x00000015   Data   RO         4465    .conststrlit        peer_manager_handler.o
    0x0003ba89   0x00000003   PAD
    0x0003ba8c   0x00000011   Data   RO         4633    .conststrlit        security_dispatcher.o
    0x0003ba9d   0x00000003   PAD
    0x0003baa0   0x00000010   Data   RO         4831    .conststrlit        security_manager.o
    0x0003bab0   0x0000000b   Data   RO         5206    .conststrlit        nrf_ble_ancs_c.o
    0x0003babb   0x00000001   PAD
    0x0003babc   0x00000006   Data   RO         5383    .conststrlit        nrf_drv_clock.o
    0x0003bac2   0x00000002   PAD
    0x0003bac4   0x00000006   Data   RO         5739    .conststrlit        nrfx_clock.o
    0x0003baca   0x00000002   PAD
    0x0003bacc   0x00000007   Data   RO         5937    .conststrlit        nrfx_gpiote.o
    0x0003bad3   0x00000001   PAD
    0x0003bad4   0x00000004   Data   RO         6211    .conststrlit        nrfx_prs.o
    0x0003bad8   0x00000005   Data   RO         6300    .conststrlit        nrfx_uart.o
    0x0003badd   0x00000003   PAD
    0x0003bae0   0x00000006   Data   RO         6541    .conststrlit        nrfx_uarte.o
    0x0003bae6   0x00000002   PAD
    0x0003bae8   0x00000009   Data   RO         7956    .conststrlit        nrf_pwr_mgmt.o
    0x0003baf1   0x00000003   PAD
    0x0003baf4   0x0000000d   Data   RO         8649    .conststrlit        nrf_fstorage.o
    0x0003bb01   0x00000003   PAD
    0x0003bb04   0x00000011   Data   RO         8922    .conststrlit        nrf_log_default_backends.o
    0x0003bb15   0x00000003   PAD
    0x0003bb18   0x00000004   Data   RO         8989    .conststrlit        nrf_log_frontend.o
    0x0003bb1c   0x00000008   Data   RO         9568    .conststrlit        nrf_sdh.o
    0x0003bb24   0x0000000c   Data   RO         9684    .conststrlit        nrf_sdh_ble.o
    0x0003bb30   0x0000000c   Data   RO         9738    .conststrlit        nrf_sdh_soc.o
    0x0003bb3c   0x00000020   Data   RO        10209    Region$$Table       anon$$obj.o
    0x0003bb5c   0x00000010   Data   RO         8924    log_backends        nrf_log_default_backends.o
    0x0003bb6c   0x00000008   Data   RO         1014    log_const_data      ly_ble_tus.o
    0x0003bb74   0x00000008   Data   RO         1086    log_const_data      ly_ble_tus_c.o
    0x0003bb7c   0x00000008   Data   RO         2767    log_const_data      nrf_ble_gatt.o
    0x0003bb84   0x00000008   Data   RO         2953    log_const_data      ble_db_discovery.o
    0x0003bb8c   0x00000008   Data   RO         3094    log_const_data      nrf_ble_scan.o
    0x0003bb94   0x00000008   Data   RO         3266    log_const_data      gatt_cache_manager.o
    0x0003bb9c   0x00000008   Data   RO         3440    log_const_data      gatts_cache_manager.o
    0x0003bba4   0x00000008   Data   RO         3552    log_const_data      id_manager.o
    0x0003bbac   0x00000008   Data   RO         3743    log_const_data      peer_data_storage.o
    0x0003bbb4   0x00000008   Data   RO         3915    log_const_data      peer_database.o
    0x0003bbbc   0x00000008   Data   RO         4189    log_const_data      peer_manager.o
    0x0003bbc4   0x00000008   Data   RO         4467    log_const_data      peer_manager_handler.o
    0x0003bbcc   0x00000008   Data   RO         4635    log_const_data      security_dispatcher.o
    0x0003bbd4   0x00000008   Data   RO         4833    log_const_data      security_manager.o
    0x0003bbdc   0x00000008   Data   RO         5207    log_const_data      nrf_ble_ancs_c.o
    0x0003bbe4   0x00000008   Data   RO         5384    log_const_data      nrf_drv_clock.o
    0x0003bbec   0x00000008   Data   RO         5741    log_const_data      nrfx_clock.o
    0x0003bbf4   0x00000008   Data   RO         5938    log_const_data      nrfx_gpiote.o
    0x0003bbfc   0x00000008   Data   RO         6213    log_const_data      nrfx_prs.o
    0x0003bc04   0x00000008   Data   RO         6301    log_const_data      nrfx_uart.o
    0x0003bc0c   0x00000008   Data   RO         6542    log_const_data      nrfx_uarte.o
    0x0003bc14   0x00000008   Data   RO         7958    log_const_data      nrf_pwr_mgmt.o
    0x0003bc1c   0x00000008   Data   RO         8650    log_const_data      nrf_fstorage.o
    0x0003bc24   0x00000008   Data   RO         8991    log_const_data      nrf_log_frontend.o
    0x0003bc2c   0x00000008   Data   RO         9570    log_const_data      nrf_sdh.o
    0x0003bc34   0x00000008   Data   RO         9686    log_const_data      nrf_sdh_ble.o
    0x0003bc3c   0x00000008   Data   RO         9739    log_const_data      nrf_sdh_soc.o
    0x0003bc44   0x00000014   Data   RO         8992    nrf_balloc          nrf_log_frontend.o
    0x0003bc58   0x00000008   Data   RO         2502    sdh_ble_observers0  ble_conn_state.o
    0x0003bc60   0x00000008   Data   RO          662    sdh_ble_observers1  bsp_btn_ble.o
    0x0003bc68   0x00000028   Data   RO          782    sdh_ble_observers1  ly_ble.o
    0x0003bc90   0x00000008   Data   RO         1176    sdh_ble_observers1  ly_ble_c.o
    0x0003bc98   0x00000008   Data   RO         1261    sdh_ble_observers1  ly_ble_p.o
    0x0003bca0   0x00000008   Data   RO         2394    sdh_ble_observers1  ble_conn_params.o
    0x0003bca8   0x00000008   Data   RO         4190    sdh_ble_observers1  peer_manager.o
    0x0003bcb0   0x00000020   Data   RO          918    sdh_ble_observers2  ly_ble_ancs_c.o
    0x0003bcd0   0x00000010   Data   RO         1177    sdh_ble_observers2  ly_ble_c.o
    0x0003bce0   0x00000008   Data   RO         1262    sdh_ble_observers2  ly_ble_p.o
    0x0003bce8   0x00000008   Data   RO          783    sdh_ble_observers3  ly_ble.o
    0x0003bcf0   0x00000008   Data   RO         8751    sdh_req_observers0  nrf_fstorage_sd.o
    0x0003bcf8   0x00000008   Data   RO         5385    sdh_soc_observers0  nrf_drv_clock.o
    0x0003bd00   0x00000008   Data   RO         8752    sdh_soc_observers0  nrf_fstorage_sd.o
    0x0003bd08   0x00000008   Data   RO         1263    sdh_soc_observers1  ly_ble_p.o
    0x0003bd10   0x00000008   Data   RO         9687    sdh_stack_observers0  nrf_sdh_ble.o
    0x0003bd18   0x00000008   Data   RO         9740    sdh_stack_observers0  nrf_sdh_soc.o
    0x0003bd20   0x00000008   Data   RO         5386    sdh_state_observers0  nrf_drv_clock.o
    0x0003bd28   0x00000008   Data   RO         8753    sdh_state_observers0  nrf_fstorage_sd.o


    Execution Region RW_IRAM1 (Base: 0x20006000, Size: 0x00005a90, Max: 0x0000a000, ABSOLUTE, COMPRESSED[0x00000168])

    Base Addr    Size         Type   Attr      Idx    E Section Name        Object

    0x20006000   0x00000005   Data   RW           14    .data               main.o
    0x20006005   0x00000003   PAD
    0x20006008   0x00000015   Data   RW          558    .data               bsp.o
    0x2000601d   0x00000003   PAD
    0x20006020   0x00000008   Data   RW          661    .data               bsp_btn_ble.o
    0x20006028   0x00000b3a   Data   RW          781    .data               ly_ble.o
    0x20006b62   0x00000002   PAD
    0x20006b64   0x00000064   Data   RW          917    .data               ly_ble_ancs_c.o
    0x20006bc8   0x0000000e   Data   RW         1175    .data               ly_ble_c.o
    0x20006bd6   0x00000002   PAD
    0x20006bd8   0x00000048   Data   RW         1260    .data               ly_ble_p.o
    0x20006c20   0x00000008   Data   RW         2393    .data               ble_conn_params.o
    0x20006c28   0x0000000d   Data   RW         2952    .data               ble_db_discovery.o
    0x20006c35   0x00000003   PAD
    0x20006c38   0x00000013   Data   RW         3265    .data               gatt_cache_manager.o
    0x20006c4b   0x00000001   PAD
    0x20006c4c   0x0000000a   Data   RW         3439    .data               gatts_cache_manager.o
    0x20006c56   0x00000002   PAD
    0x20006c58   0x0000000c   Data   RW         3742    .data               peer_data_storage.o
    0x20006c64   0x00000008   Data   RW         3914    .data               peer_database.o
    0x20006c6c   0x0000000f   Data   RW         4188    .data               peer_manager.o
    0x20006c7b   0x00000001   PAD
    0x20006c7c   0x000000b4   Data   RW         4466    .data               peer_manager_handler.o
    0x20006d30   0x00000005   Data   RW         4634    .data               security_dispatcher.o
    0x20006d35   0x00000003   PAD
    0x20006d38   0x00000018   Data   RW         4832    .data               security_manager.o
    0x20006d50   0x00000008   Data   RW         5143    .data               ancs_tx_buffer.o
    0x20006d58   0x00000009   Data   RW         5526    .data               nrf_drv_uart.o
    0x20006d61   0x00000003   PAD
    0x20006d64   0x00000008   Data   RW         5740    .data               nrfx_clock.o
    0x20006d6c   0x00000008   Data   RW         6212    .data               nrfx_prs.o
    0x20006d74   0x00000004   PAD
    0x20006d78   0x00000020   Data   RW         6730    .data               app_button.o
    0x20006d98   0x00000014   Data   RW         7061    .data               app_timer.o
    0x20006dac   0x0000001b   Data   RW         7261    .data               app_uart_fifo.o
    0x20006dc7   0x00000001   PAD
    0x20006dc8   0x00000009   Data   RW         7957    .data               nrf_pwr_mgmt.o
    0x20006dd1   0x00000003   PAD
    0x20006dd4   0x00000008   Data   RW         8158    .data               retarget.o
    0x20006ddc   0x00000030   Data   RW         8273    .data               fds.o
    0x20006e0c   0x00000008   Data   RW         8750    .data               nrf_fstorage_sd.o
    0x20006e14   0x00000008   Data   RW         8923    .data               nrf_log_default_backends.o
    0x20006e1c   0x00000010   Data   RW         8990    .data               nrf_log_frontend.o
    0x20006e2c   0x00000040   Data   RW         9168    .data               nrf_log_str_formatter.o
    0x20006e6c   0x00000016   Data   RW         9228    .data               nrf_log_backend_uart.o
    0x20006e82   0x00000003   Data   RW         9569    .data               nrf_sdh.o
    0x20006e85   0x00000001   Data   RW         9685    .data               nrf_sdh_ble.o
    0x20006e86   0x00000002   PAD
    0x20006e88   0x00000004   Data   RW         9790    .data               system_nrf52.o
    0x20006e8c   0x00000014   Data   RW         8274    fs_data             fds.o
    0x20006ea0   0x00000020   Zero   RW           12    .bss                main.o
    0x20006ec0   0x0000006c   Zero   RW          556    .bss                bsp.o
    0x20006f2c   0x0000002c   Zero   RW          779    .bss                ly_ble.o
    0x20006f58   0x00000800   Zero   RW          914    .bss                ly_ble_ancs_c.o
    0x20007758   0x00000168   Zero   RW         1173    .bss                ly_ble_c.o
    0x200078c0   0x00000296   Zero   RW         1258    .bss                ly_ble_p.o
    0x20007b56   0x00000002   PAD
    0x20007b58   0x00000084   Zero   RW         2392    .bss                ble_conn_params.o
    0x20007bdc   0x00000078   Zero   RW         2501    .bss                ble_conn_state.o
    0x20007c54   0x00000318   Zero   RW         2948    .bss                ble_db_discovery.o
    0x20007f6c   0x000000d8   Zero   RW         3547    .bss                id_manager.o
    0x20008044   0x00000180   Zero   RW         3910    .bss                peer_database.o
    0x200081c4   0x00000040   Zero   RW         4055    .bss                peer_id.o
    0x20008204   0x0000000c   Zero   RW         4184    .bss                peer_manager.o
    0x20008210   0x00000040   Zero   RW         4630    .bss                security_dispatcher.o
    0x20008250   0x00000120   Zero   RW         5142    .bss                ancs_tx_buffer.o
    0x20008370   0x00000014   Zero   RW         5381    .bss                nrf_drv_clock.o
    0x20008384   0x0000005c   Zero   RW         5935    .bss                nrfx_gpiote.o
    0x200083e0   0x0000002c   Zero   RW         6298    .bss                nrfx_uart.o
    0x2000840c   0x00000024   Zero   RW         6539    .bss                nrfx_uarte.o
    0x20008430   0x00000020   Zero   RW         6728    .bss                app_button.o
    0x20008450   0x00000020   Zero   RW         6789    .bss                app_error.o
    0x20008470   0x0000010c   Zero   RW         7059    .bss                app_timer.o
    0x2000857c   0x00000020   Zero   RW         7259    .bss                app_uart_fifo.o
    0x2000859c   0x0000000c   Zero   RW         7346    .bss                app_util_platform.o
    0x200085a8   0x0000000c   Zero   RW         7954    .bss                nrf_pwr_mgmt.o
    0x200085b4   0x000000f0   Zero   RW         8271    .bss                fds.o
    0x200086a4   0x000000b0   Zero   RW         8748    .bss                nrf_fstorage_sd.o
    0x20008754   0x000012fc   Zero   RW         8987    .bss                nrf_log_frontend.o
    0x20009a50   0x00000040   Zero   RW         9225    .bss                nrf_log_backend_uart.o
    0x20009a90   0x00002000   Zero   RW         9767    STACK               arm_startup_nrf52.o


==============================================================================

Image component sizes


      Code (inc. data)   RO Data    RW Data    ZI Data      Debug   Object Name

         0          0          0          0          0        756   ancs_app_attr_get.o
      1294        214          0          0          0      46894   ancs_attr_parser.o
       388         28          0          8        288       3148   ancs_tx_buffer.o
       600         80          7         32         32      13062   app_button.o
       136          4          0          0         32       3354   app_error.o
        26          0          0          0          0        556   app_error_handler_keil.o
       456        194          0          0          0       4790   app_error_weak.o
       134          0          0          0          0       5234   app_fifo.o
         0          0          0          0          0      37090   app_scheduler.o
      2068        242          6         20        268      53407   app_timer.o
       176         24          0         27         32      17179   app_uart_fifo.o
       200         24          0          0         12      10398   app_util_platform.o
        36          8        512          0       8192        912   arm_startup_nrf52.o
      1820          0          0          0          0      56536   ble_advdata.o
      1064          6          0          0          0      14082   ble_advertising.o
       936         56          8          8        132      11787   ble_conn_params.o
      1004        150          8          0        120      18501   ble_conn_state.o
      3262        662        468         13        792      21573   ble_db_discovery.o
       108          0          0          0          0       1576   ble_link_ctx_manager.o
       676          6          0          0          0       4039   ble_srv_common.o
       476         34          8          0          0      49333   boards.o
      1482        120         44         21        108      13063   bsp.o
       370         16          8          8          0       5211   bsp_btn_ble.o
        62          0          0          0          0       2652   crc16.o
        66          0          0          0          0       1867   drv_flash.o
       416          0          0          0          0       9666   drv_gt24l24a2y.o
      4742        462         24         68        240      57799   fds.o
      2706        680        569         19          0      35963   gatt_cache_manager.o
       848         90        462         10          0      16651   gatts_cache_manager.o
      1080         34         32          0        216      15154   id_manager.o
      2328       1064         49       2874         44      16244   ly_ble.o
      2484        856        681        100       2048      17777   ly_ble_ancs_c.o
      1836        732         28         14        360      11552   ly_ble_c.o
      3382       1608         28         72        662      74149   ly_ble_p.o
       896        240          0          0          0      68105   ly_ble_p_protocol.o
       952        222         32          0          0       7844   ly_ble_tus.o
       736        126        123          0          0      17348   ly_ble_tus_c.o
       866        292          4          5         32     189332   main.o
       374          0          0          0          0       8644   nrf_atfifo.o
       232          0          0          0          0       4884   nrf_atflags.o
       444          0          0          0          0      10218   nrf_atomic.o
       218          0          0          0          0       3771   nrf_balloc.o
      1754        358        148          0          0      56769   nrf_ble_ancs_c.o
      2064        788        361          0          0      38479   nrf_ble_gatt.o
      1474        174         17          0          0      15795   nrf_ble_scan.o
       364         48         30          0         20      38632   nrf_drv_clock.o
       252         42          0          9          0      17716   nrf_drv_uart.o
        70          0          0          0          0       3533   nrf_fprintf.o
      1030          6         16          0          0       6086   nrf_fprintf_format.o
      1216        430        194          0          0       8076   nrf_fstorage.o
      1118        118         72          8        176      18971   nrf_fstorage_sd.o
       242          0          0          0          0      11565   nrf_log_backend_serial.o
       354         60        114         22         64      10090   nrf_log_backend_uart.o
        40          6         33          8          0       3309   nrf_log_default_backends.o
      2298        162         44         16       4860      35039   nrf_log_frontend.o
       626        112        102         64          0       5948   nrf_log_str_formatter.o
       514          0          0          0          0       8139   nrf_memobj.o
       168         22         53          9         12      37138   nrf_pwr_mgmt.o
       296          0          0          0          0       5076   nrf_ringbuf.o
       934        208        104          3          0      41086   nrf_sdh.o
       976        306        539          1          0       6467   nrf_sdh_ble.o
       152         68         56          0          0       2668   nrf_sdh_soc.o
       112          0          0          0          0       2784   nrf_section_iter.o
        92         10       1319          0          0       2715   nrf_strerror.o
       400         34         14          8          0      45532   nrfx_clock.o
      1744        112         77          0         92      64142   nrfx_gpiote.o
       140         14         12          8          0       4496   nrfx_prs.o
      1618         54         59          0         44      37352   nrfx_uart.o
      1460         54         62          0         36      33327   nrfx_uarte.o
      1476        144        285         12          0      19798   peer_data_storage.o
      1842        274        425          8        384      22606   peer_database.o
       402         46          0          0         64       9635   peer_id.o
      2284        514        217         15         12      21178   peer_manager.o
      3156       1276       1767        180          0       9059   peer_manager_handler.o
       330          0          0          0          0       6435   pm_buffer.o
        16          0          0          8          0       2862   retarget.o
      2788        316        963          5         64      35575   security_dispatcher.o
      1500        168        407         24          0      51357   security_manager.o
      1200        126          0          4          0       8143   system_nrf52.o
         0          0          0          0          0      37090   uart_protocol.o

    ----------------------------------------------------------------------
     78014      14324      10708       3744      19440    1746769   Object Totals
         0          0         32          0          0          0   (incl. Generated)
       132          0         85         33          2          0   (incl. Padding)

    ----------------------------------------------------------------------

      Code (inc. data)   RO Data    RW Data    ZI Data      Debug   Library Member Name

        86          0          0          0          0          0   __dczerorl2.o
         8          4        133          0          0         68   ctype_o.o
         0          0          0          0          0          0   entry.o
         0          0          0          0          0          0   entry10a.o
         0          0          0          0          0          0   entry11a.o
         8          4          0          0          0          0   entry2.o
         4          0          0          0          0          0   entry5.o
         0          0          0          0          0          0   entry7b.o
         0          0          0          0          0          0   entry8b.o
         8          4          0          0          0          0   entry9a.o
        30          0          0          0          0          0   handlers.o
        36          8          0          0          0         68   init.o
        30          0          0          0          0         68   llshl.o
        32          0          0          0          0         68   llushr.o
        26          0          0          0          0         80   memcmp.o
        36          0          0          0          0         68   memcpya.o
        36          0          0          0          0        108   memseta.o
        50          8          0          0          0        152   printfb.o
        28          0          0          0          0         76   strcmp.o
        14          0          0          0          0         68   strlen.o
        98          0          0          0          0         92   uldiv.o

    ----------------------------------------------------------------------
       534         28        136          0          0        916   Library Totals
         4          0          3          0          0          0   (incl. Padding)

    ----------------------------------------------------------------------

      Code (inc. data)   RO Data    RW Data    ZI Data      Debug   Library Name

       530         28        133          0          0        916   mc_w.l

    ----------------------------------------------------------------------
       534         28        136          0          0        916   Library Totals

    ----------------------------------------------------------------------

==============================================================================


      Code (inc. data)   RO Data    RW Data    ZI Data      Debug   

     78548      14352      10844       3744      19440    1665405   Grand Totals
     78548      14352      10844        360      19440    1665405   ELF Image Totals (compressed)
     78548      14352      10844        360          0          0   ROM Totals

==============================================================================

    Total RO  Size (Code + RO Data)                89392 (  87.30kB)
    Total RW  Size (RW Data + ZI Data)             23184 (  22.64kB)
    Total ROM Size (Code + RO Data + RW Data)      89752 (  87.65kB)

==============================================================================

