<html>
<body>
<pre>
<h1>µVision Build Log</h1>
<h2>Tool Versions:</h2>
IDE-Version: ¦ÌVision V5.20.0.0
Copyright (C) 2016 ARM Ltd and ARM Germany GmbH. All rights reserved.
License Information: Tommy Li, Tommy, LIC=8MZ74-F4I9W-KSSYM-XUQEP-L82HL-T2FCY
 
Tool Versions:
Toolchain:       MDK-ARM Professional  Version: 5.20
Toolchain Path:  C:\Keil_v5\ARM\ARMCC\Bin
C Compiler:      Armcc.exe V5.06 update 2 (build 183)
Assembler:       Armasm.exe V5.06 update 2 (build 183)
Linker/Locator:  ArmLink.exe V5.06 update 2 (build 183)
Library Manager: ArmAr.exe V5.06 update 2 (build 183)
Hex Converter:   FromElf.exe V5.06 update 2 (build 183)
CPU DLL:         
Dialog DLL:      
Target DLL:      Segger\JL2CM3.dll V2.99.20.0
Dialog DLL:      TCM.DLL V1.14.9.0
 
<h2>Project:</h2>
E:\Nordic\nRF5_SDK_15.3.0_59ac345\examples\ble_peripheral\ble_app_uart\pca10040\s132\arm5_no_packs\ble_app_uart_pca10040_s132.uvprojx
Project File Date:  07/14/2020

<h2>Output:</h2>
*** Using Compiler 'V5.06 update 2 (build 183)', folder: 'C:\Keil_v5\ARM\ARMCC\Bin'
Build target 'nrf52832_xxaa'
compiling utf.c...
compiling ly_ble_c_protocol.c...
compiling ly_ble_tus.c...
..\..\..\LY_BLE_SERVICES\ly_ble_tus\ly_ble_tus.c(285): warning:  #177-D: variable "err_code" was declared but never referenced
      ret_code_t                 err_code;
..\..\..\LY_BLE_SERVICES\ly_ble_tus\ly_ble_tus.c(287): warning:  #177-D: variable "p_client" was declared but never referenced
      ble_tus_client_context_t * p_client;
..\..\..\LY_BLE_SERVICES\ly_ble_tus\ly_ble_tus.c: 2 warnings, 0 errors
compiling boards.c...
compiling ly_ble_tus_c.c...
compiling ly_ble_p_protocol.c...
compiling bsp.c...
compiling bsp_btn_ble.c...
compiling main.c...
compiling ly_ble_ancs_c.c...
..\..\..\LY_BLE_SERVICES\ly_ble_ancs_c\ly_ble_ancs_c.c(359): warning:  #177-D: variable "match" was declared but never referenced
  	uint8_t match = false;
..\..\..\LY_BLE_SERVICES\ly_ble_ancs_c\ly_ble_ancs_c.c(360): warning:  #177-D: variable "push_notification_type" was declared but never referenced
  	push_notification_type_t push_notification_type;
..\..\..\LY_BLE_SERVICES\ly_ble_ancs_c\ly_ble_ancs_c.c(214): warning:  #550-D: variable "m_notif_attr_app_id_latest" was set but never used
  static ble_ancs_c_attr_t      m_notif_attr_app_id_latest[NRF_SDH_BLE_PERIPHERAL_LINK_COUNT];                     /**< Local copy of the newest app attribute. */
..\..\..\LY_BLE_SERVICES\ly_ble_ancs_c\ly_ble_ancs_c.c(226): warning:  #177-D: variable "m_ancs_discovered" was declared but never referenced
  static bool m_ancs_discovered[NRF_SDH_BLE_PERIPHERAL_LINK_COUNT]  = {false};                          /**< Bool to keep track of when both ancs and gatts have been disovered. Only then do we want to save the peer data. */
..\..\..\LY_BLE_SERVICES\ly_ble_ancs_c\ly_ble_ancs_c.c(227): warning:  #177-D: variable "m_gatts_discovered" was declared but never referenced
  static bool m_gatts_discovered[NRF_SDH_BLE_PERIPHERAL_LINK_COUNT] = {false};                          /**< Bool to keep track of when both ancs and gatts have been disovered. Only then do we want to save the peer data. */
..\..\..\LY_BLE_SERVICES\ly_ble_ancs_c\ly_ble_ancs_c.c: 5 warnings, 0 errors
compiling ly_ble_c.c...
compiling ly_ble_p.c...
..\..\..\LY_BLE_PERIPHERAL\ly_ble_p.c(351): warning:  #177-D: variable "err_code" was declared but never referenced
  	ret_code_t  err_code;
..\..\..\LY_BLE_PERIPHERAL\ly_ble_p.c(83): warning:  #177-D: variable "m_adv_uuids" was declared but never referenced
  static ble_uuid_t m_adv_uuids[] =
..\..\..\LY_BLE_PERIPHERAL\ly_ble_p.c(166): warning:  #177-D: function "on_adv_evt" was declared but never referenced
  static void on_adv_evt(ble_adv_evt_t ble_adv_evt)
..\..\..\LY_BLE_PERIPHERAL\ly_ble_p.c: 3 warnings, 0 errors
compiling ly_ble.c...
compiling ble_srv_common.c...
compiling ble_link_ctx_manager.c...
compiling ble_conn_state.c...
compiling ble_advdata.c...
compiling ble_advertising.c...
compiling ble_conn_params.c...
compiling auth_status_tracker.c...
compiling nrf_ble_qwr.c...
compiling nrf_ble_gatt.c...
compiling nrf_ble_scan.c...
compiling nrf_ble_lesc.c...
compiling ble_db_discovery.c...
compiling gatt_cache_manager.c...
compiling gatts_cache_manager.c...
compiling peer_id.c...
compiling id_manager.c...
compiling peer_data_storage.c...
compiling pm_buffer.c...
compiling peer_database.c...
compiling ble_nus.c...
compiling peer_manager_handler.c...
compiling security_dispatcher.c...
compiling security_manager.c...
compiling peer_manager.c...
compiling ancs_app_attr_get.c...
compiling ancs_tx_buffer.c...
compiling ancs_attr_parser.c...
compiling nrf_drv_uart.c...
compiling nrf_ble_ancs_c.c...
compiling nrf_drv_clock.c...
compiling nrfx_atomic.c...
compiling app_error.c...
compiling app_fifo.c...
compiling app_error_handler_keil.c...
compiling nrfx_prs.c...
compiling nrfx_uart.c...
compiling app_error_weak.c...
compiling nrfx_clock.c...
compiling nrfx_uarte.c...
compiling nrfx_gpiote.c...
compiling app_button.c...
compiling app_util_platform.c...
compiling app_scheduler.c...
compiling nrf_assert.c...
compiling app_timer.c...
compiling hardfault_implementation.c...
compiling nrf_atomic.c...
compiling nrf_atflags.c...
compiling nrf_atfifo.c...
compiling nrf_fprintf_format.c...
compiling nrf_fprintf.c...
compiling nrf_balloc.c...
compiling nrf_memobj.c...
compiling app_uart_fifo.c...
compiling nrf_pwr_mgmt.c...
compiling nrf_section_iter.c...
compiling nrf_ringbuf.c...
compiling nrf_strerror.c...
compiling nrf_log_backend_rtt.c...
compiling retarget.c...
compiling nrf_fstorage.c...
compiling nrf_log_backend_serial.c...
compiling SEGGER_RTT_Syscalls_KEIL.c...
compiling nrf_fstorage_sd.c...
compiling nrf_log_default_backends.c...
compiling fds.c...
compiling system_nrf52.c...
compiling SEGGER_RTT.c...
compiling nrf_log_str_formatter.c...
compiling SEGGER_RTT_printf.c...
compiling nrf_log_frontend.c...
compiling nrf_sdh_soc.c...
compiling nrf_sdh.c...
compiling nrf_sdh_ble.c...
compiling nrf_log_backend_uart.c...
linking...
Program Size: Code=77472 RO-data=10848 RW-data=3744 ZI-data=19440  
FromELF: creating hex file...
".\_build\nrf52832_xxaa.axf" - 0 Error(s), 10 Warning(s).

<h2>Software Packages used:</h2>

Package Vendor: ARM
                http://www.keil.com/pack/ARM.CMSIS.4.5.0.pack
                ARM::CMSIS:CORE:4.3.0
                CMSIS (Cortex Microcontroller Software Interface Standard)
   * Component: CORE Version: 4.3.0

Package Vendor: NordicSemiconductor
                http://developer.nordicsemi.com/nRF5_SDK/pieces/nRF_DeviceFamilyPack/NordicSemiconductor.nRF_DeviceFamilyPack.8.24.1.pack
                NordicSemiconductor::Device:Startup:8.24.1
                Nordic Semiconductor nRF ARM devices Device Family Pack.
   * Component: Startup Version: 8.24.1

<h2>Collection of Component include folders:</h2>
  E:\Nordic\nRF5_SDK_15.3.0_59ac345\examples\ble_peripheral\ble_app_uart\pca10040\s132\arm5_no_packs\RTE
  C:\Keil_v5\ARM\PACK\ARM\CMSIS\4.5.0\CMSIS\Include
  C:\Keil_v5\ARM\PACK\NordicSemiconductor\nRF_DeviceFamilyPack\8.24.1\Device\Include
  C:\Keil_v5\ARM\PACK\NordicSemiconductor\nRF_DeviceFamilyPack\8.25.0\Device\Include

<h2>Collection of Component Files used:</h2>

   * Component: ARM::CMSIS:CORE:4.3.0

   * Component: NordicSemiconductor::Device:Startup:8.24.1
      Source file:   Device\Source\arm\arm_startup_nrf52.s
      Source file:   Device\Source\system_nrf52.c
      Include file:  Device\Include\system_nrf52.h
Build Time Elapsed:  00:00:51
</pre>
</body>
</html>
