<html>
<body>
<pre>
<h1>µVision Build Log</h1>
<h2>Tool Versions:</h2>
IDE-Version: ¦ÌVision V5.20.0.0
Copyright (C) 2016 ARM Ltd and ARM Germany GmbH. All rights reserved.
License Information: Tommy Li, Tommy, LIC=8MZ74-F4I9W-KSSYM-XUQEP-L82HL-T2FCY
 
Tool Versions:
Toolchain:       MDK-ARM Professional  Version: 5.20
Toolchain Path:  C:\Keil_v5\ARM\ARMCC\Bin
C Compiler:      Armcc.exe V5.06 update 2 (build 183)
Assembler:       Armasm.exe V5.06 update 2 (build 183)
Linker/Locator:  ArmLink.exe V5.06 update 2 (build 183)
Library Manager: ArmAr.exe V5.06 update 2 (build 183)
Hex Converter:   FromElf.exe V5.06 update 2 (build 183)
CPU DLL:         
Dialog DLL:      
Target DLL:      Segger\JL2CM3.dll V2.99.20.0
Dialog DLL:      TCM.DLL V1.14.9.0
 
<h2>Project:</h2>
E:\Nordic\nRF5_SDK_15.3.0_59ac345\examples\ble_peripheral\ble_app_uart\pca10040\s132\arm5_no_packs\ble_app_uart_pca10040_s132.uvprojx
Project File Date:  07/24/2020

<h2>Output:</h2>
*** Using Compiler 'V5.06 update 2 (build 183)', folder: 'C:\Keil_v5\ARM\ARMCC\Bin'
Build target 'nrf52832_xxaa'
compiling ly_ble_p_protocol.c...
..\..\..\LY_BLE_PERIPHERAL\ly_ble_p_protocol.c(34): warning:  #550-D: variable "flash_id" was set but never used
  	uint8_t flash_id;
..\..\..\LY_BLE_PERIPHERAL\ly_ble_p_protocol.c: 1 warning, 0 errors
compiling ly_ble_c.c...
compiling ly_ble_p.c...
..\..\..\LY_BLE_PERIPHERAL\ly_ble_p.c(352): warning:  #177-D: variable "err_code" was declared but never referenced
  	ret_code_t  err_code;
..\..\..\LY_BLE_PERIPHERAL\ly_ble_p.c(58): warning:  #177-D: variable "data_send_timer_id" was declared but never referenced
  APP_TIMER_DEF(data_send_timer_id);
..\..\..\LY_BLE_PERIPHERAL\ly_ble_p.c(85): warning:  #177-D: variable "m_adv_uuids" was declared but never referenced
  static ble_uuid_t m_adv_uuids[] =
..\..\..\LY_BLE_PERIPHERAL\ly_ble_p.c(168): warning:  #177-D: function "on_adv_evt" was declared but never referenced
  static void on_adv_evt(ble_adv_evt_t ble_adv_evt)
..\..\..\LY_BLE_PERIPHERAL\ly_ble_p.c: 4 warnings, 0 errors
compiling main.c...
..\..\..\main.c(195): warning:  #177-D: variable "p_start_addr" was declared but never referenced
  	uint8_t *p_start_addr;
..\..\..\main.c: 1 warning, 0 errors
linking...
Program Size: Code=84316 RO-data=10896 RW-data=3772 ZI-data=27300  
FromELF: creating hex file...
".\_build\nrf52832_xxaa.axf" - 0 Error(s), 6 Warning(s).

<h2>Software Packages used:</h2>

Package Vendor: ARM
                http://www.keil.com/pack/ARM.CMSIS.4.5.0.pack
                ARM::CMSIS:CORE:4.3.0
                CMSIS (Cortex Microcontroller Software Interface Standard)
   * Component: CORE Version: 4.3.0

Package Vendor: NordicSemiconductor
                http://developer.nordicsemi.com/nRF5_SDK/pieces/nRF_DeviceFamilyPack/NordicSemiconductor.nRF_DeviceFamilyPack.8.24.1.pack
                NordicSemiconductor::Device:Startup:8.24.1
                Nordic Semiconductor nRF ARM devices Device Family Pack.
   * Component: Startup Version: 8.24.1

<h2>Collection of Component include folders:</h2>
  E:\Nordic\nRF5_SDK_15.3.0_59ac345\examples\ble_peripheral\ble_app_uart\pca10040\s132\arm5_no_packs\RTE
  C:\Keil_v5\ARM\PACK\ARM\CMSIS\4.5.0\CMSIS\Include
  C:\Keil_v5\ARM\PACK\NordicSemiconductor\nRF_DeviceFamilyPack\8.24.1\Device\Include
  C:\Keil_v5\ARM\PACK\NordicSemiconductor\nRF_DeviceFamilyPack\8.25.0\Device\Include

<h2>Collection of Component Files used:</h2>

   * Component: ARM::CMSIS:CORE:4.3.0

   * Component: NordicSemiconductor::Device:Startup:8.24.1
      Source file:   Device\Source\arm\arm_startup_nrf52.s
      Source file:   Device\Source\system_nrf52.c
      Include file:  Device\Include\system_nrf52.h
Build Time Elapsed:  00:00:05
</pre>
</body>
</html>
