Component: ARM Compiler 5.06 update 2 (build 183) Tool: armlink [4d35b7]

==============================================================================

Section Cross References

    main.o(i.bsp_event_handler) refers to nrf_log_frontend.o(i.nrf_log_frontend_std_0) for nrf_log_frontend_std_0
    main.o(i.bsp_event_handler) refers to peer_manager.o(i.pm_conn_sec_status_get) for pm_conn_sec_status_get
    main.o(i.bsp_event_handler) refers to nrf_log_frontend.o(i.nrf_log_frontend_std_4) for nrf_log_frontend_std_4
    main.o(i.bsp_event_handler) refers to nrf_log_frontend.o(log_const_data) for m_nrf_log_app_logs_data_const
    main.o(i.bsp_event_handler) refers to main.o(.data) for do_database_discovery
    main.o(i.bsp_event_handler) refers to ly_ble.o(.data) for lastest_conn_handle
    main.o(i.buttons_leds_init) refers to bsp.o(i.bsp_init) for bsp_init
    main.o(i.buttons_leds_init) refers to app_error_handler_keil.o(.emb_text) for app_error_handler
    main.o(i.buttons_leds_init) refers to bsp_btn_ble.o(i.bsp_btn_ble_init) for bsp_btn_ble_init
    main.o(i.buttons_leds_init) refers to main.o(i.bsp_event_handler) for bsp_event_handler
    main.o(i.idle_state_handle) refers to nrf_log_frontend.o(i.nrf_log_frontend_dequeue) for nrf_log_frontend_dequeue
    main.o(i.idle_state_handle) refers to nrf_pwr_mgmt.o(i.nrf_pwr_mgmt_run) for nrf_pwr_mgmt_run
    main.o(i.log_init) refers to nrf_log_frontend.o(i.nrf_log_init) for nrf_log_init
    main.o(i.log_init) refers to app_error_handler_keil.o(.emb_text) for app_error_handler
    main.o(i.log_init) refers to nrf_log_default_backends.o(i.nrf_log_default_backends_init) for nrf_log_default_backends_init
    main.o(i.main) refers to main.o(i.log_init) for log_init
    main.o(i.main) refers to main.o(i.timers_init) for timers_init
    main.o(i.main) refers to main.o(i.buttons_leds_init) for buttons_leds_init
    main.o(i.main) refers to sys_malloc.o(i.sys_malloc_init) for sys_malloc_init
    main.o(i.main) refers to sys_queue.o(i.sys_queue_init) for sys_queue_init
    main.o(i.main) refers to sys_info.o(i.sys_info_init) for sys_info_init
    main.o(i.main) refers to main.o(i.power_management_init) for power_management_init
    main.o(i.main) refers to ly_ble.o(i.ly_ble_init) for ly_ble_init
    main.o(i.main) refers to ly_ble_c.o(i.scan_start) for scan_start
    main.o(i.main) refers to ly_ble_p.o(i.adv_start) for adv_start
    main.o(i.main) refers to printfb.o(i.__0printf$bare) for __2printf
    main.o(i.main) refers to app_timer.o(i.app_timer_create) for app_timer_create
    main.o(i.main) refers to app_error_handler_keil.o(.emb_text) for app_error_handler
    main.o(i.main) refers to app_timer.o(i.app_timer_start) for app_timer_start
    main.o(i.main) refers to ly_ble.o(i.ly_ble_db_discovery_start) for ly_ble_db_discovery_start
    main.o(i.main) refers to main.o(i.idle_state_handle) for idle_state_handle
    main.o(i.main) refers to sys_info.o(.bss) for sys_info
    main.o(i.main) refers to main.o(i.uart_rx_command_handler) for uart_rx_command_handler
    main.o(i.main) refers to main.o(i.sys_tick_timeout_handler) for sys_tick_timeout_handler
    main.o(i.main) refers to main.o(.constdata) for sys_tick_timer_id
    main.o(i.main) refers to main.o(.data) for do_database_discovery
    main.o(i.main) refers to ly_ble.o(.data) for lastest_conn_handle
    main.o(i.power_management_init) refers to nrf_pwr_mgmt.o(i.nrf_pwr_mgmt_init) for nrf_pwr_mgmt_init
    main.o(i.power_management_init) refers to app_error_handler_keil.o(.emb_text) for app_error_handler
    main.o(i.sys_tick_timeout_handler) refers to nrf_log_frontend.o(i.nrf_log_frontend_std_1) for nrf_log_frontend_std_1
    main.o(i.sys_tick_timeout_handler) refers to ly_ble_p.o(i.print_ly_ble_p) for print_ly_ble_p
    main.o(i.sys_tick_timeout_handler) refers to ly_ble_c.o(i.print_ly_ble_c) for print_ly_ble_c
    main.o(i.sys_tick_timeout_handler) refers to main.o(.data) for sys_tick
    main.o(i.sys_tick_timeout_handler) refers to nrf_log_frontend.o(log_const_data) for m_nrf_log_app_logs_data_const
    main.o(i.timers_init) refers to app_timer.o(i.app_timer_init) for app_timer_init
    main.o(i.timers_init) refers to app_error_handler_keil.o(.emb_text) for app_error_handler
    main.o(i.uart_rx_command_handler) refers to nrf_log_frontend.o(i.nrf_log_frontend_std_1) for nrf_log_frontend_std_1
    main.o(i.uart_rx_command_handler) refers to nrf_log_frontend.o(log_const_data) for m_nrf_log_app_logs_data_const
    main.o(i.uart_rx_command_handler) refers to sys_info.o(.bss) for sys_info
    main.o(.constdata) refers to main.o(.bss) for sys_tick_timer_id_data
    boards.o(i.bsp_board_button_idx_to_pin) refers to boards.o(.constdata) for m_board_btn_list
    boards.o(i.bsp_board_button_state_get) refers to boards.o(.constdata) for m_board_btn_list
    boards.o(i.bsp_board_buttons_init) refers to boards.o(i.nrf_gpio_cfg) for nrf_gpio_cfg
[...]
    0x0002c220   0x00000020   Code   RO         3604    i.evt_send          id_manager.o
    0x0002c240   0x00000028   Code   RO         4217    i.evt_send          peer_manager.o
    0x0002c268   0x00000028   Code   RO         4683    i.evt_send          security_dispatcher.o
    0x0002c290   0x00000020   Code   RO         4888    i.evt_send          security_manager.o
    0x0002c2b0   0x00000058   Code   RO         7118    i.expired_timers_handler  app_timer.o
    0x0002c308   0x00000104   Code   RO         3792    i.fds_evt_handler   peer_data_storage.o
    0x0002c40c   0x00000044   Code   RO         8277    i.fds_file_delete   fds.o
    0x0002c450   0x00000040   Code   RO         8278    i.fds_gc            fds.o
    0x0002c490   0x000000c8   Code   RO         8279    i.fds_init          fds.o
    0x0002c558   0x00000060   Code   RO         8280    i.fds_record_close  fds.o
    0x0002c5b8   0x00000016   Code   RO         8282    i.fds_record_find   fds.o
    0x0002c5ce   0x00000014   Code   RO         8283    i.fds_record_find_by_key  fds.o
    0x0002c5e2   0x00000014   Code   RO         8284    i.fds_record_find_in_file  fds.o
    0x0002c5f6   0x00000012   Code   RO         8285    i.fds_record_id_from_desc  fds.o
    0x0002c608   0x0000004c   Code   RO         8287    i.fds_record_open   fds.o
    0x0002c654   0x0000001a   Code   RO         8288    i.fds_record_update  fds.o
    0x0002c66e   0x00000014   Code   RO         8289    i.fds_record_write  fds.o
    0x0002c682   0x00000002   PAD
    0x0002c684   0x00000030   Code   RO         8291    i.fds_register      fds.o
    0x0002c6b4   0x00000018   Code   RO         6972    i.fifo_get          app_fifo.o
    0x0002c6cc   0x0000000a   Code   RO         6973    i.fifo_length       app_fifo.o
    0x0002c6d6   0x0000000a   Code   RO         7334    i.fifo_length       app_uart_fifo.o
    0x0002c6e0   0x00000012   Code   RO         6974    i.fifo_peek         app_fifo.o
    0x0002c6f2   0x00000012   Code   RO         6975    i.fifo_put          app_fifo.o
    0x0002c704   0x00000034   Code   RO         8295    i.file_find_and_delete  fds.o
    0x0002c738   0x0000000a   Code   RO         3793    i.file_id_to_peer_id  peer_data_storage.o
    0x0002c742   0x00000018   Code   RO         3794    i.file_id_within_pm_range  peer_data_storage.o
    0x0002c75a   0x00000012   Code   RO         4684    i.flag_id_init      security_dispatcher.o
    0x0002c76c   0x00000012   Code   RO         4889    i.flag_id_init      security_manager.o
    0x0002c77e   0x00000036   Code   RO         2191    i.flags_encode      ble_advdata.o
    0x0002c7b4   0x0000002c   Code   RO         2321    i.flags_set         ble_advertising.o
    0x0002c7e0   0x0000004c   Code   RO         4890    i.flags_set_from_err_code  security_manager.o
    0x0002c82c   0x0000001c   Code   RO         8296    i.flash_bounds_set  fds.o
    0x0002c848   0x00000036   Code   RO         8297    i.flash_end_addr    fds.o
    0x0002c87e   0x00000002   PAD
    0x0002c880   0x0000001c   Code   RO         8298    i.flash_subsystem_init  fds.o
    0x0002c89c   0x00000032   Code   RO         2577    i.for_each_set_flag  ble_conn_state.o
    0x0002c8ce   0x00000010   Code   RO         8236    i.fputc             retarget.o
    0x0002c8de   0x0000000c   Code   RO         8299    i.fs_event_handler  fds.o
    0x0002c8ea   0x00000002   PAD
    0x0002c8ec   0x000000ac   Code   RO         1284    i.gap_params_init   ly_ble_p.o
    0x0002c998   0x00000048   Code   RO          801    i.gatt_init         ly_ble.o
    0x0002c9e0   0x00000070   Code   RO         8300    i.gc_execute        fds.o
    0x0002ca50   0x00000040   Code   RO         8301    i.gc_init           fds.o
    0x0002ca90   0x00000028   Code   RO         8302    i.gc_next_page      fds.o
    0x0002cab8   0x0000004c   Code   RO         8303    i.gc_page_erase     fds.o
    0x0002cb04   0x00000050   Code   RO         8304    i.gc_page_next      fds.o
    0x0002cb54   0x00000040   Code   RO         8305    i.gc_record_copy    fds.o
    0x0002cb94   0x00000024   Code   RO         8306    i.gc_record_find_next  fds.o
    0x0002cbb8   0x00000058   Code   RO         8307    i.gc_state_advance  fds.o
    0x0002cc10   0x0000002c   Code   RO         8308    i.gc_swap_erase     fds.o
    0x0002cc3c   0x00000050   Code   RO         8309    i.gc_swap_pages     fds.o
    0x0002cc8c   0x00000024   Code   RO         8310    i.gc_swap_promote   fds.o
    0x0002ccb0   0x00000018   Code   RO         8311    i.gc_tag_new_swap   fds.o
    0x0002ccc8   0x00000020   Code   RO         8312    i.gc_update_swap_offset  fds.o
    0x0002cce8   0x00000298   Code   RO         3322    i.gcm_ble_evt_handler  gatt_cache_manager.o
    0x0002cf80   0x00000026   Code   RO         3323    i.gcm_im_evt_handler  gatt_cache_manager.o
    0x0002cfa6   0x00000002   PAD
    0x0002cfa8   0x000000e4   Code   RO         3324    i.gcm_init          gatt_cache_manager.o
    0x0002d08c   0x0000009c   Code   RO         3327    i.gcm_pdb_evt_handler  gatt_cache_manager.o
    0x0002d128   0x00000018   Code   RO         1937    i.get_memory_control_block_from_list  sys_malloc.o
    0x0002d140   0x000000a4   Code   RO         6806    i.gpiote_event_handler  app_button.o
    0x0002d1e4   0x0000001c   Code   RO         3505    i.gscm_db_change_notification_done  gatts_cache_manager.o
    0x0002d200   0x00000014   Code   RO         3506    i.gscm_init         gatts_cache_manager.o
    0x0002d214   0x000000b8   Code   RO         3508    i.gscm_local_db_cache_apply  gatts_cache_manager.o
    0x0002d2cc   0x000000c8   Code   RO         3509    i.gscm_local_db_cache_update  gatts_cache_manager.o
    0x0002d394   0x0000001c   Code   RO         3510    i.gscm_pdb_evt_handler  gatts_cache_manager.o
    0x0002d3b0   0x00000028   Code   RO         3511    i.gscm_service_changed_ind_needed  gatts_cache_manager.o
    0x0002d3d8   0x00000074   Code   RO         3512    i.gscm_service_changed_ind_send  gatts_cache_manager.o
    0x0002d44c   0x00000014   Code   RO         1801    i.hardware_init     hardware.o
    0x0002d460   0x0000002a   Code   RO         8313    i.header_check      fds.o
    0x0002d48a   0x00000016   Code   RO         8314    i.header_has_next   fds.o
    0x0002d4a0   0x0000000e   Code   RO         8315    i.header_jump       fds.o
    0x0002d4ae   0x0000000e   Code   RO            6    i.idle_state_handle  main.o
    0x0002d4bc   0x0000004c   Code   RO         3605    i.im_address_resolve  id_manager.o
    0x0002d508   0x00000038   Code   RO         3606    i.im_ble_addr_get   id_manager.o
    0x0002d540   0x000000ec   Code   RO         3607    i.im_ble_evt_handler  id_manager.o
    0x0002d62c   0x00000040   Code   RO         3608    i.im_conn_handle_get  id_manager.o
    0x0002d66c   0x00000038   Code   RO         3610    i.im_find_duplicate_bonding_data  id_manager.o
    0x0002d6a4   0x00000090   Code   RO         3613    i.im_is_duplicate_bonding_data  id_manager.o
    0x0002d734   0x00000022   Code   RO         3614    i.im_master_id_is_valid  id_manager.o
    0x0002d756   0x00000032   Code   RO         3615    i.im_master_ids_compare  id_manager.o
    0x0002d788   0x00000014   Code   RO         3616    i.im_new_peer_id    id_manager.o
    0x0002d79c   0x00000030   Code   RO         3617    i.im_peer_free      id_manager.o
    0x0002d7cc   0x00000028   Code   RO         3618    i.im_peer_id_get_by_conn_handle  id_manager.o
    0x0002d7f4   0x00000040   Code   RO         3619    i.im_peer_id_get_by_master_id  id_manager.o
    0x0002d834   0x0000003c   Code   RO         8810    i.init              nrf_fstorage_sd.o
    0x0002d870   0x0000012c   Code   RO         8316    i.init_execute      fds.o
    0x0002d99c   0x0000002c   Code   RO         2465    i.instance_get      ble_conn_params.o
    0x0002d9c8   0x000000be   Code   RO         7908    i.int_print         nrf_fprintf_format.o
    0x0002da86   0x00000002   PAD
    0x0002da88   0x0000000c   Code   RO         3328    i.internal_state_reset  gatt_cache_manager.o
    0x0002da94   0x00000018   Code   RO         3513    i.internal_state_reset  gatts_cache_manager.o
    0x0002daac   0x00000020   Code   RO         3967    i.internal_state_reset  peer_database.o
    0x0002dacc   0x0000000e   Code   RO         4122    i.internal_state_reset  peer_id.o
    0x0002dada   0x00000002   PAD
    0x0002dadc   0x00000018   Code   RO         4218    i.internal_state_reset  peer_manager.o
    0x0002daf4   0x00000088   Code   RO         6341    i.interrupts_enable  nrfx_uart.o
    0x0002db7c   0x0000009c   Code   RO         6586    i.interrupts_enable  nrfx_uarte.o
    0x0002dc18   0x00000046   Code   RO         9085    i.invalid_packets_omit  nrf_log_frontend.o
    0x0002dc5e   0x00000002   PAD
    0x0002dc60   0x00000014   Code   RO         8811    i.is_busy           nrf_fstorage_sd.o
    0x0002dc74   0x00000024   Code   RO         3016    i.is_char_discovery_reqd  ble_db_discovery.o
    0x0002dc98   0x00000072   Code   RO         2466    i.is_conn_params_ok  ble_conn_params.o
    0x0002dd0a   0x0000005e   Code   RO         3017    i.is_desc_discovery_reqd  ble_db_discovery.o
    0x0002dd68   0x00000018   Code   RO         3624    i.is_valid_irk      id_manager.o
    0x0002dd80   0x00000022   Code   RO         3151    i.is_whitelist_used  nrf_ble_scan.o
    0x0002dda2   0x00000010   Code   RO         8317    i.is_word_aligned   fds.o
    0x0002ddb2   0x0000000c   Code   RO         5443    i.item_dequeue      nrf_drv_clock.o
    0x0002ddbe   0x00000002   PAD
    0x0002ddc0   0x00000028   Code   RO          580    i.leds_off          bsp.o
    0x0002dde8   0x00000020   Code   RO          581    i.leds_timer_handler  bsp.o
    0x0002de08   0x00000014   Code   RO         5445    i.lfclk_stop        nrf_drv_clock.o
    0x0002de1c   0x00000018   Code   RO         2829    i.link_init         nrf_ble_gatt.o
    0x0002de34   0x000000e8   Code   RO         4891    i.link_secure       security_manager.o
    0x0002df1c   0x00000018   Code   RO         4685    i.link_secure_authenticate  security_dispatcher.o
    0x0002df34   0x0000007c   Code   RO         4686    i.link_secure_central  security_dispatcher.o
    0x0002dfb0   0x000000a8   Code   RO         4687    i.link_secure_central_encryption  security_dispatcher.o
    0x0002e058   0x00000030   Code   RO         4688    i.link_secure_failure  security_dispatcher.o
    0x0002e088   0x0000003c   Code   RO         4892    i.link_secure_pending_handle  security_manager.o
    0x0002e0c4   0x00000018   Code   RO         4689    i.link_secure_peripheral  security_dispatcher.o
    0x0002e0dc   0x0000013c   Code   RO         7119    i.list_insertions_handler  app_timer.o
    0x0002e218   0x000000c4   Code   RO         3329    i.local_db_apply_in_evt  gatt_cache_manager.o
    0x0002e2dc   0x00000018   Code   RO         3330    i.local_db_update   gatt_cache_manager.o
    0x0002e2f4   0x00000120   Code   RO         3331    i.local_db_update_in_evt  gatt_cache_manager.o
    0x0002e414   0x0000003c   Code   RO            7    i.log_init          main.o
    0x0002e450   0x00000020   Code   RO          935    i.ly_ble_ancs_c_disc_handler  ly_ble_ancs_c.o
    0x0002e470   0x0000029c   Code   RO          936    i.ly_ble_ancs_c_init  ly_ble_ancs_c.o
    0x0002e70c   0x00000018   Code   RO         1191    i.ly_ble_c_db_disc_handler  ly_ble_c.o
    0x0002e724   0x00000018   Code   RO         1192    i.ly_ble_c_init     ly_ble_c.o
    0x0002e73c   0x00000154   Code   RO          802    i.ly_ble_db_discovery_start  ly_ble.o
    0x0002e890   0x00000028   Code   RO          803    i.ly_ble_init       ly_ble.o
    0x0002e8b8   0x0000000c   Code   RO         1285    i.ly_ble_p_db_disc_handler  ly_ble_p.o
    0x0002e8c4   0x00000020   Code   RO         1286    i.ly_ble_p_init     ly_ble_p.o
    0x0002e8e4   0x000000dc   Code   RO         1470    i.ly_ble_p_protocol_gid_debug_handler  ly_ble_p_protocol.o
    0x0002e9c0   0x000001c0   Code   RO         1471    i.ly_ble_p_protocol_gid_flash_handler  ly_ble_p_protocol.o
    0x0002eb80   0x000000d8   Code   RO         1472    i.ly_ble_p_protocol_handler  ly_ble_p_protocol.o
    0x0002ec58   0x000000e4   Code   RO            8    i.main              main.o
    0x0002ed3c   0x00000076   Code   RO         2192    i.manuf_specific_data_encode  ble_advdata.o
    0x0002edb2   0x000000ca   Code   RO         7952    i.memobj_op         nrf_memobj.o
    0x0002ee7c   0x00000038   Code   RO         9087    i.module_idx_get    nrf_log_frontend.o
    0x0002eeb4   0x00000026   Code   RO         4618    i.mutex_lock        pm_buffer.o
    0x0002eeda   0x00000020   Code   RO         4619    i.mutex_lock_status_get  pm_buffer.o
    0x0002eefa   0x00000020   Code   RO         4620    i.mutex_unlock      pm_buffer.o
    0x0002ef1a   0x000000c8   Code   RO         2193    i.name_encode       ble_advdata.o
    0x0002efe2   0x00000002   PAD
    0x0002efe4   0x00000020   Code   RO         4893    i.new_context_get   security_manager.o
    0x0002f004   0x00000034   Code   RO         4123    i.next_id_get       peer_id.o
    0x0002f038   0x000000c4   Code   RO          937    i.notif_attr_print  ly_ble_ancs_c.o
    0x0002f0fc   0x000001f4   Code   RO          938    i.notif_print       ly_ble_ancs_c.o
    0x0002f2f0   0x0000002c   Code   RO         5147    i.notif_uid_parse   ancs_attr_parser.o
    0x0002f31c   0x00000016   Code   RO         7542    i.nrf_atfifo_clear  nrf_atfifo.o
    0x0002f332   0x00000028   Code   RO         7544    i.nrf_atfifo_init   nrf_atfifo.o
    0x0002f35a   0x0000001c   Code   RO         7545    i.nrf_atfifo_item_alloc  nrf_atfifo.o
    0x0002f376   0x0000001c   Code   RO         7546    i.nrf_atfifo_item_free  nrf_atfifo.o
    0x0002f392   0x0000001c   Code   RO         7547    i.nrf_atfifo_item_get  nrf_atfifo.o
    0x0002f3ae   0x0000001c   Code   RO         7548    i.nrf_atfifo_item_put  nrf_atfifo.o
    0x0002f3ca   0x0000001e   Code   RO         7616    i.nrf_atflags_clear  nrf_atflags.o
    0x0002f3e8   0x0000002e   Code   RO         7618    i.nrf_atflags_fetch_set  nrf_atflags.o
    0x0002f416   0x00000060   Code   RO         7620    i.nrf_atflags_find_and_set_flag  nrf_atflags.o
    0x0002f476   0x0000001e   Code   RO         7621    i.nrf_atflags_get   nrf_atflags.o
    0x0002f494   0x0000001e   Code   RO         7623    i.nrf_atflags_set   nrf_atflags.o
    0x0002f4b2   0x0000000e   Code   RO         7683    i.nrf_atomic_flag_clear  nrf_atomic.o
    0x0002f4c0   0x0000000e   Code   RO         7684    i.nrf_atomic_flag_clear_fetch  nrf_atomic.o
    0x0002f4ce   0x0000000e   Code   RO         7686    i.nrf_atomic_flag_set_fetch  nrf_atomic.o
    0x0002f4dc   0x00000016   Code   RO         7687    i.nrf_atomic_u32_add  nrf_atomic.o
    0x0002f4f2   0x00000016   Code   RO         7688    i.nrf_atomic_u32_and  nrf_atomic.o
    0x0002f508   0x00000016   Code   RO         7690    i.nrf_atomic_u32_fetch_add  nrf_atomic.o
    0x0002f51e   0x00000016   Code   RO         7691    i.nrf_atomic_u32_fetch_and  nrf_atomic.o
    0x0002f534   0x00000016   Code   RO         7692    i.nrf_atomic_u32_fetch_or  nrf_atomic.o
    0x0002f54a   0x00000016   Code   RO         7693    i.nrf_atomic_u32_fetch_store  nrf_atomic.o
    0x0002f560   0x00000016   Code   RO         7697    i.nrf_atomic_u32_or  nrf_atomic.o
    0x0002f576   0x00000016   Code   RO         7699    i.nrf_atomic_u32_sub  nrf_atomic.o
    0x0002f58c   0x00000052   Code   RO         7821    i.nrf_balloc_alloc  nrf_balloc.o
    0x0002f5de   0x00000010   Code   RO         7822    i.nrf_balloc_block2idx  nrf_balloc.o
    0x0002f5ee   0x00000030   Code   RO         7823    i.nrf_balloc_free   nrf_balloc.o
    0x0002f61e   0x0000000c   Code   RO         7824    i.nrf_balloc_idx2block  nrf_balloc.o
    0x0002f62a   0x0000003c   Code   RO         7825    i.nrf_balloc_init   nrf_balloc.o
    0x0002f666   0x00000016   Code   RO         5969    i.nrf_bitmask_bit_is_set  nrfx_gpiote.o
    0x0002f67c   0x00000016   Code   RO         5970    i.nrf_bitmask_bit_set  nrfx_gpiote.o
    0x0002f692   0x00000046   Code   RO         5271    i.nrf_ble_ancs_c_app_attr_add  nrf_ble_ancs_c.o
    0x0002f6d8   0x0000003c   Code   RO         5273    i.nrf_ble_ancs_c_attr_add  nrf_ble_ancs_c.o
    0x0002f714   0x0000002a   Code   RO         5275    i.nrf_ble_ancs_c_handles_assign  nrf_ble_ancs_c.o
    0x0002f73e   0x00000034   Code   RO         2835    i.nrf_ble_gatt_init  nrf_ble_gatt.o
    0x0002f772   0x00000002   PAD
    0x0002f774   0x0000012c   Code   RO         2836    i.nrf_ble_gatt_on_ble_evt  nrf_ble_gatt.o
    0x0002f8a0   0x000000ac   Code   RO         3154    i.nrf_ble_scan_connect_with_target  nrf_ble_scan.o
    0x0002f94c   0x00000014   Code   RO         3156    i.nrf_ble_scan_default_conn_param_set  nrf_ble_scan.o
    0x0002f960   0x0000002e   Code   RO         3157    i.nrf_ble_scan_default_param_set  nrf_ble_scan.o
    0x0002f98e   0x00000032   Code   RO         3159    i.nrf_ble_scan_filter_set  nrf_ble_scan.o
    0x0002f9c0   0x00000018   Code   RO         3160    i.nrf_ble_scan_filters_disable  nrf_ble_scan.o
    0x0002f9d8   0x00000052   Code   RO         3161    i.nrf_ble_scan_filters_enable  nrf_ble_scan.o
    0x0002fa2a   0x00000080   Code   RO         3162    i.nrf_ble_scan_init  nrf_ble_scan.o
    0x0002faaa   0x00000002   PAD
    0x0002faac   0x000000a8   Code   RO         3163    i.nrf_ble_scan_name_filter_add  nrf_ble_scan.o
    0x0002fb54   0x000000d0   Code   RO         3164    i.nrf_ble_scan_on_adv_report  nrf_ble_scan.o
    0x0002fc24   0x00000056   Code   RO         3165    i.nrf_ble_scan_on_ble_evt  nrf_ble_scan.o
    0x0002fc7a   0x00000034   Code   RO         3166    i.nrf_ble_scan_on_connected_evt  nrf_ble_scan.o
    0x0002fcae   0x0000003a   Code   RO         3167    i.nrf_ble_scan_on_req_report  nrf_ble_scan.o
    0x0002fce8   0x0000006c   Code   RO         3168    i.nrf_ble_scan_on_timeout  nrf_ble_scan.o
    0x0002fd54   0x000000b4   Code   RO         3170    i.nrf_ble_scan_start  nrf_ble_scan.o
    0x0002fe08   0x00000004   Code   RO         3171    i.nrf_ble_scan_stop  nrf_ble_scan.o
    0x0002fe0c   0x00000012   Code   RO         5797    i.nrf_clock_event_check  nrfx_clock.o
    0x0002fe1e   0x00000012   Code   RO         5798    i.nrf_clock_event_clear  nrfx_clock.o
    0x0002fe30   0x0000000c   Code   RO         5799    i.nrf_clock_int_disable  nrfx_clock.o
    0x0002fe3c   0x00000008   Code   RO         5801    i.nrf_clock_task_trigger  nrfx_clock.o
    0x0002fe44   0x00000030   Code   RO         1823    i.nrf_delay_ms      lcd_init.o
    0x0002fe74   0x00000040   Code   RO         5451    i.nrf_drv_clock_init  nrf_drv_clock.o
    0x0002feb4   0x00000030   Code   RO         5455    i.nrf_drv_clock_lfclk_release  nrf_drv_clock.o
    0x0002fee4   0x0000008c   Code   RO         5602    i.nrf_drv_uart_init  nrf_drv_uart.o
    0x0002ff70   0x00000044   Code   RO         7335    i.nrf_drv_uart_rx   app_uart_fifo.o
    0x0002ffb4   0x00000044   Code   RO         7336    i.nrf_drv_uart_tx   app_uart_fifo.o
    0x0002fff8   0x0000002a   Code   RO         7868    i.nrf_fprintf       nrf_fprintf.o
    0x00030022   0x0000001c   Code   RO         7869    i.nrf_fprintf_buffer_flush  nrf_fprintf.o
    0x0003003e   0x000001f0   Code   RO         7909    i.nrf_fprintf_fmt   nrf_fprintf_format.o
    0x0003022e   0x00000002   PAD
    0x00030230   0x00000170   Code   RO         8718    i.nrf_fstorage_erase  nrf_fstorage.o
    0x000303a0   0x000000ac   Code   RO         8719    i.nrf_fstorage_init  nrf_fstorage.o
    0x0003044c   0x0000001c   Code   RO         8812    i.nrf_fstorage_sdh_req_handler  nrf_fstorage_sd.o
    0x00030468   0x0000002c   Code   RO         8813    i.nrf_fstorage_sdh_state_handler  nrf_fstorage_sd.o
    0x00030494   0x0000008c   Code   RO         8814    i.nrf_fstorage_sys_evt_handler  nrf_fstorage_sd.o
    0x00030520   0x00000264   Code   RO         8725    i.nrf_fstorage_write  nrf_fstorage.o
    0x00030784   0x00000028   Code   RO          434    i.nrf_gpio_cfg      boards.o
    0x000307ac   0x00000028   Code   RO         5971    i.nrf_gpio_cfg      nrfx_gpiote.o
    0x000307d4   0x00000028   Code   RO         6342    i.nrf_gpio_cfg      nrfx_uart.o
    0x000307fc   0x00000028   Code   RO         6587    i.nrf_gpio_cfg      nrfx_uarte.o
    0x00030824   0x0000001a   Code   RO         6344    i.nrf_gpio_cfg_input  nrfx_uart.o
    0x0003083e   0x0000001a   Code   RO         6589    i.nrf_gpio_cfg_input  nrfx_uarte.o
    0x00030858   0x00000030   Code   RO         1692    i.nrf_gpio_cfg_output  drv_lcd.o
    0x00030888   0x00000030   Code   RO         1824    i.nrf_gpio_cfg_output  lcd_init.o
    0x000308b8   0x00000018   Code   RO         6345    i.nrf_gpio_cfg_output  nrfx_uart.o
    0x000308d0   0x00000018   Code   RO         6590    i.nrf_gpio_cfg_output  nrfx_uarte.o
    0x000308e8   0x00000032   Code   RO         5973    i.nrf_gpio_cfg_sense_set  nrfx_gpiote.o
    0x0003091a   0x00000016   Code   RO         1581    i.nrf_gpio_pin_clear  drv_gt24l24a2y.o
    0x00030930   0x00000016   Code   RO         1825    i.nrf_gpio_pin_clear  lcd_init.o
    0x00030946   0x00000018   Code   RO         1582    i.nrf_gpio_pin_read  drv_gt24l24a2y.o
    0x0003095e   0x00000018   Code   RO         5975    i.nrf_gpio_pin_read  nrfx_gpiote.o
    0x00030976   0x00000016   Code   RO         1583    i.nrf_gpio_pin_set  drv_gt24l24a2y.o
    0x0003098c   0x00000016   Code   RO         1693    i.nrf_gpio_pin_set  drv_lcd.o
    0x000309a2   0x00000016   Code   RO         1826    i.nrf_gpio_pin_set  lcd_init.o
    0x000309b8   0x00000016   Code   RO         6346    i.nrf_gpio_pin_set  nrfx_uart.o
    0x000309ce   0x00000016   Code   RO         6591    i.nrf_gpio_pin_set  nrfx_uarte.o
    0x000309e4   0x0000003a   Code   RO          435    i.nrf_gpio_pin_write  boards.o
    0x00030a1e   0x00000002   PAD
    0x00030a20   0x00000028   Code   RO         5977    i.nrf_gpio_ports_read  nrfx_gpiote.o
    0x00030a48   0x0000000c   Code   RO         5978    i.nrf_gpiote_event_addr_get  nrfx_gpiote.o
    0x00030a54   0x0000001c   Code   RO         5979    i.nrf_gpiote_event_clear  nrfx_gpiote.o
    0x00030a70   0x00000016   Code   RO         5980    i.nrf_gpiote_event_is_set  nrfx_gpiote.o
    0x00030a86   0x00000002   PAD
    0x00030a88   0x0000000c   Code   RO         5981    i.nrf_gpiote_int_enable  nrfx_gpiote.o
    0x00030a94   0x0000004c   Code   RO         9088    i.nrf_log_backend_add  nrf_log_frontend.o
    0x00030ae0   0x00000002   Code   RO         8942    i.nrf_log_backend_rtt_flush  nrf_log_backend_rtt.o
    0x00030ae2   0x00000008   Code   RO         8943    i.nrf_log_backend_rtt_init  nrf_log_backend_rtt.o
    0x00030aea   0x00000002   Code   RO         8944    i.nrf_log_backend_rtt_panic_set  nrf_log_backend_rtt.o
    0x00030aec   0x00000020   Code   RO         8945    i.nrf_log_backend_rtt_put  nrf_log_backend_rtt.o
    0x00030b0c   0x000000f2   Code   RO         9010    i.nrf_log_backend_serial_put  nrf_log_backend_serial.o
    0x00030bfe   0x00000002   PAD
    0x00030c00   0x00000038   Code   RO         9090    i.nrf_log_color_id_get  nrf_log_frontend.o
    0x00030c38   0x00000028   Code   RO         9044    i.nrf_log_default_backends_init  nrf_log_default_backends.o
    0x00030c60   0x000002f4   Code   RO         9091    i.nrf_log_frontend_dequeue  nrf_log_frontend.o
    0x00030f54   0x000000f0   Code   RO         9092    i.nrf_log_frontend_hexdump  nrf_log_frontend.o
    0x00031044   0x00000014   Code   RO         9093    i.nrf_log_frontend_std_0  nrf_log_frontend.o
    0x00031058   0x00000018   Code   RO         9094    i.nrf_log_frontend_std_1  nrf_log_frontend.o
    0x00031070   0x00000020   Code   RO         9095    i.nrf_log_frontend_std_2  nrf_log_frontend.o
    0x00031090   0x00000028   Code   RO         9096    i.nrf_log_frontend_std_3  nrf_log_frontend.o
    0x000310b8   0x0000002c   Code   RO         9097    i.nrf_log_frontend_std_4  nrf_log_frontend.o
    0x000310e4   0x00000038   Code   RO         9098    i.nrf_log_frontend_std_5  nrf_log_frontend.o
    0x0003111c   0x000000bc   Code   RO         9284    i.nrf_log_hexdump_entry_process  nrf_log_str_formatter.o
    0x000311d8   0x00000060   Code   RO         9100    i.nrf_log_init      nrf_log_frontend.o
    0x00031238   0x00000014   Code   RO         9101    i.nrf_log_module_cnt_get  nrf_log_frontend.o
    0x0003124c   0x00000024   Code   RO         9105    i.nrf_log_module_name_get  nrf_log_frontend.o
    0x00031270   0x00000034   Code   RO         9106    i.nrf_log_panic     nrf_log_frontend.o
    0x000312a4   0x00000064   Code   RO         9107    i.nrf_log_push      nrf_log_frontend.o
    0x00031308   0x000000c8   Code   RO         9285    i.nrf_log_std_entry_process  nrf_log_str_formatter.o
    0x000313d0   0x0000007a   Code   RO         7953    i.nrf_memobj_alloc  nrf_memobj.o
    0x0003144a   0x00000040   Code   RO         7954    i.nrf_memobj_free   nrf_memobj.o
    0x0003148a   0x00000010   Code   RO         7955    i.nrf_memobj_get    nrf_memobj.o
    0x0003149a   0x0000000c   Code   RO         7956    i.nrf_memobj_pool_init  nrf_memobj.o
    0x000314a6   0x0000001e   Code   RO         7957    i.nrf_memobj_put    nrf_memobj.o
    0x000314c4   0x00000022   Code   RO         7958    i.nrf_memobj_read   nrf_memobj.o
    0x000314e6   0x00000022   Code   RO         7959    i.nrf_memobj_write  nrf_memobj.o
    0x00031508   0x00000016   Code   RO         3332    i.nrf_mtx_unlock    gatt_cache_manager.o
    0x0003151e   0x00000002   PAD
    0x00031520   0x00000040   Code   RO         8029    i.nrf_pwr_mgmt_init  nrf_pwr_mgmt.o
    0x00031560   0x00000068   Code   RO         8030    i.nrf_pwr_mgmt_run  nrf_pwr_mgmt.o
    0x000315c8   0x00000096   Code   RO         8104    i.nrf_ringbuf_alloc  nrf_ringbuf.o
    0x0003165e   0x00000036   Code   RO         8107    i.nrf_ringbuf_free  nrf_ringbuf.o
    0x00031694   0x0000001c   Code   RO         8109    i.nrf_ringbuf_init  nrf_ringbuf.o
    0x000316b0   0x00000040   Code   RO         8110    i.nrf_ringbuf_put   nrf_ringbuf.o
    0x000316f0   0x00000018   Code   RO         9744    i.nrf_sdh_ble_app_ram_start_get  nrf_sdh_ble.o
    0x00031708   0x000001a0   Code   RO         9745    i.nrf_sdh_ble_default_cfg_set  nrf_sdh_ble.o
    0x000318a8   0x0000014c   Code   RO         9746    i.nrf_sdh_ble_enable  nrf_sdh_ble.o
    0x000319f4   0x000000bc   Code   RO         9747    i.nrf_sdh_ble_evts_poll  nrf_sdh_ble.o
    0x00031ab0   0x00000064   Code   RO         9620    i.nrf_sdh_disable_request  nrf_sdh.o
    0x00031b14   0x00000084   Code   RO         9621    i.nrf_sdh_enable_request  nrf_sdh.o
    0x00031b98   0x00000030   Code   RO         9622    i.nrf_sdh_evts_poll  nrf_sdh.o
    0x00031bc8   0x0000000c   Code   RO         9623    i.nrf_sdh_is_enabled  nrf_sdh.o
    0x00031bd4   0x00000028   Code   RO         9625    i.nrf_sdh_request_continue  nrf_sdh.o
    0x00031bfc   0x00000098   Code   RO         9803    i.nrf_sdh_soc_evts_poll  nrf_sdh_soc.o
    0x00031c94   0x00000006   Code   RO         9628    i.nrf_section_iter_get  nrf_sdh.o
    0x00031c9a   0x00000014   Code   RO         8167    i.nrf_section_iter_init  nrf_section_iter.o
    0x00031cae   0x0000002e   Code   RO         8168    i.nrf_section_iter_item_set  nrf_section_iter.o
    0x00031cdc   0x0000002e   Code   RO         8169    i.nrf_section_iter_next  nrf_section_iter.o
    0x00031d0a   0x00000002   PAD
    0x00031d0c   0x00000040   Code   RO         8202    i.nrf_strerror_find  nrf_strerror.o
    0x00031d4c   0x0000001c   Code   RO         8203    i.nrf_strerror_get  nrf_strerror.o
    0x00031d68   0x0000000c   Code   RO         6347    i.nrf_uart_errorsrc_get_and_clear  nrfx_uart.o
    0x00031d74   0x0000000e   Code   RO         6348    i.nrf_uart_event_check  nrfx_uart.o
    0x00031d82   0x0000000e   Code   RO         6349    i.nrf_uart_event_clear  nrfx_uart.o
    0x00031d90   0x0000000a   Code   RO         6350    i.nrf_uart_hwfc_pins_set  nrfx_uart.o
    0x00031d9a   0x00000006   Code   RO         6351    i.nrf_uart_int_disable  nrfx_uart.o
    0x00031da0   0x00000006   Code   RO         6352    i.nrf_uart_int_enable  nrfx_uart.o
    0x00031da6   0x00000012   Code   RO         6353    i.nrf_uart_int_enable_check  nrfx_uart.o
    0x00031db8   0x00000006   Code   RO         6354    i.nrf_uart_task_trigger  nrfx_uart.o
    0x00031dbe   0x0000000a   Code   RO         6355    i.nrf_uart_txrx_pins_set  nrfx_uart.o
    0x00031dc8   0x0000000c   Code   RO         6592    i.nrf_uarte_errorsrc_get_and_clear  nrfx_uarte.o
    0x00031dd4   0x0000000e   Code   RO         6593    i.nrf_uarte_event_check  nrfx_uarte.o
    0x00031de2   0x0000000e   Code   RO         6594    i.nrf_uarte_event_clear  nrfx_uarte.o
    0x00031df0   0x0000000c   Code   RO         6595    i.nrf_uarte_hwfc_pins_set  nrfx_uarte.o
    0x00031dfc   0x00000006   Code   RO         6596    i.nrf_uarte_int_disable  nrfx_uarte.o
    0x00031e02   0x00000006   Code   RO         6597    i.nrf_uarte_int_enable  nrfx_uarte.o
    0x00031e08   0x0000000a   Code   RO         6598    i.nrf_uarte_rx_amount_get  nrfx_uarte.o
    0x00031e12   0x0000000c   Code   RO         6599    i.nrf_uarte_shorts_disable  nrfx_uarte.o
    0x00031e1e   0x00000006   Code   RO         6600    i.nrf_uarte_task_trigger  nrfx_uarte.o
    0x00031e24   0x0000000e   Code   RO         6601    i.nrf_uarte_txrx_pins_set  nrfx_uarte.o
    0x00031e32   0x00000002   PAD
    0x00031e34   0x00000014   Code   RO         5807    i.nrfx_clock_enable  nrfx_clock.o
    0x00031e48   0x00000024   Code   RO         5810    i.nrfx_clock_init   nrfx_clock.o
    0x00031e6c   0x00000020   Code   RO         5813    i.nrfx_clock_lfclk_stop  nrfx_clock.o
    0x00031e8c   0x00000018   Code   RO         7120    i.nrfx_coredep_delay_us  app_timer.o
    0x00031ea4   0x00000008   Code   RO         5815    i.nrfx_get_irq_number  nrfx_clock.o
    0x00031eac   0x00000008   Code   RO         6356    i.nrfx_get_irq_number  nrfx_uart.o
    0x00031eb4   0x00000008   Code   RO         6602    i.nrfx_get_irq_number  nrfx_uarte.o
    0x00031ebc   0x000000ac   Code   RO         5988    i.nrfx_gpiote_in_event_enable  nrfx_gpiote.o
    0x00031f68   0x000000f4   Code   RO         5989    i.nrfx_gpiote_in_init  nrfx_gpiote.o
    0x0003205c   0x00000014   Code   RO         5990    i.nrfx_gpiote_in_is_set  nrfx_gpiote.o
    0x00032070   0x000000ac   Code   RO         5992    i.nrfx_gpiote_init  nrfx_gpiote.o
    0x0003211c   0x00000014   Code   RO         5993    i.nrfx_gpiote_is_init  nrfx_gpiote.o
    0x00032130   0x00000014   Code   RO         6603    i.nrfx_is_in_ram    nrfx_uarte.o
    0x00032144   0x000000a4   Code   RO         5816    i.nrfx_power_clock_irq_init  nrfx_clock.o
    0x000321e8   0x0000004e   Code   RO         6286    i.nrfx_prs_acquire  nrfx_prs.o
    0x00032236   0x00000002   PAD
    0x00032238   0x00000014   Code   RO         6357    i.nrfx_uart_0_irq_handler  nrfx_uart.o
    0x0003224c   0x00000088   Code   RO         6359    i.nrfx_uart_init    nrfx_uart.o
    0x000322d4   0x00000124   Code   RO         6360    i.nrfx_uart_rx      nrfx_uart.o
    0x000323f8   0x0000008c   Code   RO         6365    i.nrfx_uart_tx      nrfx_uart.o
    0x00032484   0x00000024   Code   RO         6367    i.nrfx_uart_tx_in_progress  nrfx_uart.o
    0x000324a8   0x00000014   Code   RO         6604    i.nrfx_uarte_0_irq_handler  nrfx_uarte.o
    0x000324bc   0x00000080   Code   RO         6606    i.nrfx_uarte_init   nrfx_uarte.o
    0x0003253c   0x00000138   Code   RO         6607    i.nrfx_uarte_rx     nrfx_uarte.o
    0x00032674   0x000000a8   Code   RO         6610    i.nrfx_uarte_tx     nrfx_uarte.o
    0x0003271c   0x00000020   Code   RO         6612    i.nrfx_uarte_tx_in_progress  nrfx_uarte.o
    0x0003273c   0x000002e8   Code   RO         1193    i.on_ble_central_evt  ly_ble_c.o
    0x00032a24   0x0000077e   Code   RO         1288    i.on_ble_peripheral_evt  ly_ble_p.o
    0x000331a2   0x00000002   PAD
    0x000331a4   0x000001d8   Code   RO         3018    i.on_characteristic_discovery_rsp  ble_db_discovery.o
    0x0003337c   0x00000030   Code   RO         2467    i.on_conn_params_update  ble_conn_params.o
    0x000333ac   0x000000d4   Code   RO         1036    i.on_connect        ly_ble_tus.o
    0x00033480   0x00000070   Code   RO         2468    i.on_connect        ble_conn_params.o
    0x000334f0   0x00000064   Code   RO         1289    i.on_connected      ly_ble_p.o
    0x00033554   0x0000000e   Code   RO         2322    i.on_connected      ble_advertising.o
    0x00033562   0x00000002   PAD
    0x00033564   0x00000138   Code   RO         2837    i.on_connected_evt  nrf_ble_gatt.o
    0x0003369c   0x0000001e   Code   RO         5277    i.on_ctrlpt_error_rsp  nrf_ble_ancs_c.o
    0x000336ba   0x00000002   PAD
    0x000336bc   0x00000150   Code   RO         2838    i.on_data_length_update_evt  nrf_ble_gatt.o
    0x0003380c   0x00000090   Code   RO         2839    i.on_data_length_update_request_evt  nrf_ble_gatt.o
    0x0003389c   0x0000015c   Code   RO         3019    i.on_descriptor_discovery_rsp  ble_db_discovery.o
    0x000339f8   0x00000080   Code   RO         1290    i.on_disconnect     ly_ble_p.o
    0x00033a78   0x00000032   Code   RO         2469    i.on_disconnect     ble_conn_params.o
    0x00033aaa   0x00000032   Code   RO         2323    i.on_disconnected   ble_advertising.o
    0x00033adc   0x0000001e   Code   RO         3020    i.on_disconnected   ble_db_discovery.o
    0x00033afa   0x00000010   Code   RO         5278    i.on_disconnected   nrf_ble_ancs_c.o
    0x00033b0a   0x00000014   Code   RO         2840    i.on_disconnected_evt  nrf_ble_gatt.o
    0x00033b1e   0x0000003e   Code   RO         5279    i.on_evt_gattc_notif  nrf_ble_ancs_c.o
    0x00033b5c   0x0000017c   Code   RO         2841    i.on_exchange_mtu_request_evt  nrf_ble_gatt.o
    0x00033cd8   0x000000c0   Code   RO         2842    i.on_exchange_mtu_rsp_evt  nrf_ble_gatt.o
    0x00033d98   0x0000006c   Code   RO         1109    i.on_hvx            ly_ble_tus_c.o
    0x00033e04   0x000000a4   Code   RO         1037    i.on_hvx_tx_complete  ly_ble_tus.o
    0x00033ea8   0x00000024   Code   RO         8815    i.on_operation_failure  nrf_fstorage_sd.o
    0x00033ecc   0x00000060   Code   RO         8816    i.on_operation_success  nrf_fstorage_sd.o
    0x00033f2c   0x000000e8   Code   RO         3021    i.on_primary_srv_discovery_rsp  ble_db_discovery.o
    0x00034014   0x000000ec   Code   RO         3022    i.on_srv_disc_completion  ble_db_discovery.o
    0x00034100   0x00000040   Code   RO         2324    i.on_terminated     ble_advertising.o
    0x00034140   0x000000f4   Code   RO         1038    i.on_write          ly_ble_tus.o
    0x00034234   0x00000058   Code   RO         2470    i.on_write          ble_conn_params.o
    0x0003428c   0x0000002c   Code   RO         5280    i.on_write_rsp      nrf_ble_ancs_c.o
    0x000342b8   0x00000044   Code   RO         8318    i.page_from_record  fds.o
    0x000342fc   0x00000034   Code   RO         8319    i.page_has_space    fds.o
    0x00034330   0x00000030   Code   RO         8320    i.page_identify     fds.o
    0x00034360   0x0000001e   Code   RO         8321    i.page_is_erased    fds.o
    0x0003437e   0x0000001c   Code   RO         8322    i.page_offsets_update  fds.o
    0x0003439a   0x00000002   PAD
    0x0003439c   0x00000078   Code   RO         8323    i.page_scan         fds.o
    0x00034414   0x00000020   Code   RO         8324    i.page_tag_write_data  fds.o
    0x00034434   0x00000024   Code   RO         8325    i.page_tag_write_swap  fds.o
    0x00034458   0x0000016c   Code   RO         8326    i.pages_init        fds.o
    0x000345c4   0x00000014   Code   RO         4690    i.pairing           security_dispatcher.o
    0x000345d8   0x00000080   Code   RO         4691    i.pairing_failure   security_dispatcher.o
    0x00034658   0x00000034   Code   RO         4692    i.pairing_success_evt_send  security_dispatcher.o
    0x0003468c   0x00000010   Code   RO         4894    i.params_reply_pending_handle  security_manager.o
    0x0003469c   0x0000002c   Code   RO         4895    i.params_req_send   security_manager.o
    0x000346c8   0x000000b4   Code   RO         5281    i.parse_notif       nrf_ble_ancs_c.o
    0x0003477c   0x00000020   Code   RO         3968    i.pdb_evt_send      peer_database.o
    0x0003479c   0x00000088   Code   RO         3969    i.pdb_init          peer_database.o
    0x00034824   0x0000006c   Code   RO         3970    i.pdb_pds_evt_handler  peer_database.o
    0x00034890   0x00000016   Code   RO         3971    i.pdb_peer_data_ptr_get  peer_database.o
    0x000348a6   0x00000002   PAD
    0x000348a8   0x000000ac   Code   RO         3972    i.pdb_peer_free     peer_database.o
    0x00034954   0x000000f0   Code   RO         3973    i.pdb_write_buf_get  peer_database.o
    0x00034a44   0x00000020   Code   RO         3974    i.pdb_write_buf_release  peer_database.o
    0x00034a64   0x00000044   Code   RO         3975    i.pdb_write_buf_store  peer_database.o
    0x00034aa8   0x00000024   Code   RO         3795    i.pds_evt_send      peer_data_storage.o
    0x00034acc   0x000000b0   Code   RO         3796    i.pds_init          peer_data_storage.o
    0x00034b7c   0x0000000c   Code   RO         3797    i.pds_next_deleted_peer_id_get  peer_data_storage.o
    0x00034b88   0x0000000c   Code   RO         3798    i.pds_next_peer_id_get  peer_data_storage.o
    0x00034b94   0x0000006c   Code   RO         3801    i.pds_peer_data_iterate  peer_data_storage.o
    0x00034c00   0x00000010   Code   RO         3802    i.pds_peer_data_iterate_prepare  peer_data_storage.o
    0x00034c10   0x0000009a   Code   RO         3803    i.pds_peer_data_read  peer_data_storage.o
    0x00034caa   0x00000002   PAD
    0x00034cac   0x000000bc   Code   RO         3804    i.pds_peer_data_store  peer_data_storage.o
    0x00034d68   0x0000000c   Code   RO         3805    i.pds_peer_id_allocate  peer_data_storage.o
    0x00034d74   0x0000001e   Code   RO         3806    i.pds_peer_id_free  peer_data_storage.o
    0x00034d92   0x0000000c   Code   RO         3807    i.pds_peer_id_is_allocated  peer_data_storage.o
    0x00034d9e   0x0000001c   Code   RO         3976    i.peer_data_const_point_to_buffer  peer_database.o
    0x00034dba   0x00000002   PAD
    0x00034dbc   0x000000a0   Code   RO         3809    i.peer_data_delete_process  peer_data_storage.o
    0x00034e5c   0x00000040   Code   RO         3810    i.peer_data_find    peer_data_storage.o
    0x00034e9c   0x00000026   Code   RO         3811    i.peer_data_id_is_valid  peer_data_storage.o
    0x00034ec2   0x0000000a   Code   RO         3812    i.peer_data_id_to_record_key  peer_data_storage.o
    0x00034ecc   0x0000001a   Code   RO         3977    i.peer_data_point_to_buffer  peer_database.o
    0x00034ee6   0x00000002   PAD
    0x00034ee8   0x00000014   Code   RO         4124    i.peer_id_allocate  peer_id.o
    0x00034efc   0x0000002c   Code   RO         4125    i.peer_id_delete    peer_id.o
    0x00034f28   0x0000001c   Code   RO         4126    i.peer_id_free      peer_id.o
    0x00034f44   0x00000014   Code   RO         4127    i.peer_id_get_next_deleted  peer_id.o
    0x00034f58   0x00000038   Code   RO         4128    i.peer_id_get_next_used  peer_id.o
    0x00034f90   0x00000010   Code   RO         4129    i.peer_id_init      peer_id.o
    0x00034fa0   0x0000001c   Code   RO         4130    i.peer_id_is_allocated  peer_id.o
    0x00034fbc   0x0000001c   Code   RO         4131    i.peer_id_is_deleted  peer_id.o
    0x00034fd8   0x0000000a   Code   RO         3813    i.peer_id_to_file_id  peer_data_storage.o
    0x00034fe2   0x00000046   Code   RO         3814    i.peer_ids_load     peer_data_storage.o
    0x00035028   0x00000118   Code   RO          804    i.peer_manager_init  ly_ble.o
    0x00035140   0x00000034   Code   RO         3023    i.pending_user_evts_send  ble_db_discovery.o
    0x00035174   0x00000016   Code   RO         2325    i.phy_is_valid      ble_advertising.o
    0x0003518a   0x00000002   PAD
    0x0003518c   0x00000014   Code   RO         6009    i.pin_configured_set  nrfx_gpiote.o
    0x000351a0   0x0000001c   Code   RO         6010    i.pin_in_use_by_gpiote  nrfx_gpiote.o
    0x000351bc   0x00000018   Code   RO         6011    i.pin_in_use_by_port  nrfx_gpiote.o
    0x000351d4   0x00000020   Code   RO         6012    i.pin_in_use_by_te  nrfx_gpiote.o
    0x000351f4   0x0000000c   Code   RO         6013    i.pin_in_use_clear  nrfx_gpiote.o
    0x00035200   0x00000062   Code   RO         4621    i.pm_buffer_block_acquire  pm_buffer.o
    0x00035262   0x0000002a   Code   RO         4622    i.pm_buffer_init    pm_buffer.o
    0x0003528c   0x00000030   Code   RO         4623    i.pm_buffer_ptr_get  pm_buffer.o
    0x000352bc   0x00000028   Code   RO         4624    i.pm_buffer_release  pm_buffer.o
    0x000352e4   0x00000012   Code   RO         4222    i.pm_conn_sec_config_reply  peer_manager.o
    0x000352f6   0x00000002   PAD
    0x000352f8   0x00000080   Code   RO         4224    i.pm_conn_sec_status_get  peer_manager.o
    0x00035378   0x0000002c   Code   RO         4225    i.pm_conn_secure    peer_manager.o
    0x000353a4   0x000004ac   Code   RO          805    i.pm_evt_handler    ly_ble.o
    0x00035850   0x0000000c   Code   RO         4227    i.pm_gcm_evt_handler  peer_manager.o
    0x0003585c   0x0000000c   Code   RO         4228    i.pm_gscm_evt_handler  peer_manager.o
    0x00035868   0x0000007c   Code   RO         4534    i.pm_handler_disconnect_on_sec_failure  peer_manager_handler.o
    0x000358e4   0x00000394   Code   RO         4535    i.pm_handler_flash_clean  peer_manager_handler.o
    0x00035c78   0x0000001c   Code   RO         4536    i.pm_handler_flash_clean_on_return  peer_manager_handler.o
    0x00035c94   0x00000064   Code   RO         4537    i.pm_handler_on_pm_evt  peer_manager_handler.o
    0x00035cf8   0x000005c0   Code   RO         4538    i.pm_handler_pm_evt_log  peer_manager_handler.o
    0x000362b8   0x0000000c   Code   RO         4231    i.pm_im_evt_handler  peer_manager.o
    0x000362c4   0x0000023c   Code   RO         4232    i.pm_init           peer_manager.o
    0x00036500   0x00000184   Code   RO         4236    i.pm_pdb_evt_handler  peer_manager.o
    0x00036684   0x00000020   Code   RO         4247    i.pm_peer_delete    peer_manager.o
    0x000366a4   0x00000144   Code   RO         4251    i.pm_peer_rank_highest  peer_manager.o
    0x000367e8   0x00000114   Code   RO         4252    i.pm_peer_ranks_get  peer_manager.o
    0x000368fc   0x000000b4   Code   RO         4253    i.pm_peers_delete   peer_manager.o
    0x000369b0   0x00000040   Code   RO         4256    i.pm_register       peer_manager.o
    0x000369f0   0x00000024   Code   RO         4257    i.pm_sec_params_set  peer_manager.o
    0x00036a14   0x00000016   Code   RO         4258    i.pm_sm_evt_handler  peer_manager.o
    0x00036a2a   0x00000002   PAD
    0x00036a2c   0x00000048   Code   RO         9287    i.postfix_process   nrf_log_str_formatter.o
    0x00036a74   0x00000030   Code   RO            9    i.power_management_init  main.o
    0x00036aa4   0x000000a4   Code   RO         9288    i.prefix_process    nrf_log_str_formatter.o
    0x00036b48   0x0000003c   Code   RO         1194    i.print_ly_ble_c    ly_ble_c.o
    0x00036b84   0x0000003c   Code   RO         1291    i.print_ly_ble_p    ly_ble_p.o
    0x00036bc0   0x00000018   Code   RO         6288    i.prs_box_get       nrfx_prs.o
    0x00036bd8   0x00000020   Code   RO         8327    i.queue_buf_get     fds.o
    0x00036bf8   0x00000014   Code   RO         8328    i.queue_buf_store   fds.o
    0x00036c0c   0x00000014   Code   RO         8329    i.queue_free        fds.o
    0x00036c20   0x00000018   Code   RO         8817    i.queue_free        nrf_fstorage_sd.o
    0x00036c38   0x00000018   Code   RO         8330    i.queue_has_next    fds.o
    0x00036c50   0x0000001c   Code   RO         8331    i.queue_init        fds.o
    0x00036c6c   0x00000014   Code   RO         8332    i.queue_load        fds.o
    0x00036c80   0x0000002c   Code   RO         8818    i.queue_load_next   nrf_fstorage_sd.o
    0x00036cac   0x000000c0   Code   RO         8333    i.queue_process     fds.o
    0x00036d6c   0x00000090   Code   RO         8819    i.queue_process     nrf_fstorage_sd.o
    0x00036dfc   0x00000018   Code   RO         8334    i.queue_start       fds.o
    0x00036e14   0x0000001c   Code   RO         8820    i.queue_start       nrf_fstorage_sd.o
    0x00036e30   0x00000010   Code   RO         9748    i.ram_end_address_get  nrf_sdh_ble.o
    0x00036e40   0x0000001c   Code   RO         4541    i.rank_highest      peer_manager_handler.o
    0x00036e5c   0x00000008   Code   RO         4261    i.rank_init         peer_manager.o
    0x00036e64   0x00000030   Code   RO         4262    i.rank_vars_update  peer_manager.o
    0x00036e94   0x0000001c   Code   RO         8821    i.read              nrf_fstorage_sd.o
    0x00036eb0   0x00000078   Code   RO         3978    i.reattempt_previous_operations  peer_database.o
    0x00036f28   0x00000028   Code   RO         2578    i.record_activate   ble_conn_state.o
    0x00036f50   0x0000008c   Code   RO         8335    i.record_find       fds.o
    0x00036fdc   0x0000003a   Code   RO         8336    i.record_find_and_delete  fds.o
    0x00037016   0x00000002   PAD
    0x00037018   0x0000007c   Code   RO         8337    i.record_find_by_desc  fds.o
    0x00037094   0x00000078   Code   RO         8338    i.record_find_next  fds.o
    0x0003710c   0x0000003c   Code   RO         8339    i.record_header_flag_dirty  fds.o
    0x00037148   0x0000002c   Code   RO         8340    i.record_header_write_begin  fds.o
    0x00037174   0x00000038   Code   RO         8341    i.record_header_write_finalize  fds.o
    0x000371ac   0x00000038   Code   RO         8342    i.record_header_write_id  fds.o
    0x000371e4   0x00000010   Code   RO         8343    i.record_id_new     fds.o
    0x000371f4   0x00000020   Code   RO         2579    i.record_invalidate  ble_conn_state.o
    0x00037214   0x00000006   Code   RO         3815    i.record_key_to_peer_data_id  peer_data_storage.o
    0x0003721a   0x00000018   Code   RO         3816    i.record_key_within_pm_range  peer_data_storage.o
    0x00037232   0x00000002   PAD
    0x00037234   0x00000048   Code   RO         2580    i.record_purge_disconnected  ble_conn_state.o
    0x0003727c   0x00000014   Code   RO         2581    i.record_set_disconnected  ble_conn_state.o
    0x00037290   0x00000030   Code   RO         8344    i.record_write_data  fds.o
    0x000372c0   0x00000040   Code   RO         3025    i.registered_handler_get  ble_db_discovery.o
    0x00037300   0x000000c4   Code   RO         3026    i.registered_handler_set  ble_db_discovery.o
    0x000373c4   0x00000014   Code   RO         4133    i.release           peer_id.o
    0x000373d8   0x00000006   Code   RO         8822    i.rmap              nrf_fstorage_sd.o
    0x000373de   0x00000002   PAD
    0x000373e0   0x0000000c   Code   RO         7121    i.rtc1_compare0_set  app_timer.o
    0x000373ec   0x0000000c   Code   RO         7122    i.rtc1_counter_get  app_timer.o
    0x000373f8   0x00000018   Code   RO         7123    i.rtc1_init         app_timer.o
    0x00037410   0x0000003c   Code   RO         7124    i.rtc1_start        app_timer.o
    0x0003744c   0x00000058   Code   RO         7125    i.rtc1_stop         app_timer.o
    0x000374a4   0x0000003e   Code   RO         6370    i.rx_byte           nrfx_uart.o
    0x000374e2   0x0000001c   Code   RO         6371    i.rx_done_event     nrfx_uart.o
    0x000374fe   0x0000001c   Code   RO         6615    i.rx_done_event     nrfx_uarte.o
    0x0003751a   0x00000022   Code   RO         6372    i.rx_enable         nrfx_uart.o
    0x0003753c   0x00000020   Code   RO         3333    i.sc_send_pending_handle  gatt_cache_manager.o
    0x0003755c   0x000001cc   Code   RO         1195    i.scan_evt_handler  ly_ble_c.o
    0x00037728   0x000000c0   Code   RO         1196    i.scan_init         ly_ble_c.o
    0x000377e8   0x0000004c   Code   RO         1197    i.scan_start        ly_ble_c.o
    0x00037834   0x00000008   Code   RO         1198    i.scan_stop         ly_ble_c.o
    0x0003783c   0x00000098   Code   RO         9629    i.sd_nvic_EnableIRQ  nrf_sdh.o
    0x000378d4   0x00000068   Code   RO         7424    i.sd_nvic_critical_region_enter  app_util_platform.o
    0x0003793c   0x00000068   Code   RO         5458    i.sd_state_evt_handler  nrf_drv_clock.o
    0x000379a4   0x0000003c   Code   RO         9630    i.sdh_request_observer_notify  nrf_sdh.o
    0x000379e0   0x00000034   Code   RO         9631    i.sdh_state_observer_notify  nrf_sdh.o
    0x00037a14   0x000000f8   Code   RO         4693    i.sec_info_request_process  security_dispatcher.o
    0x00037b0c   0x00000110   Code   RO         4694    i.sec_keyset_fill   security_dispatcher.o
    0x00037c1c   0x00000030   Code   RO         4695    i.sec_params_request_process  security_dispatcher.o
    0x00037c4c   0x000000e8   Code   RO         4896    i.sec_params_verify  security_manager.o
    0x00037d34   0x00000058   Code   RO         4696    i.sec_proc_start    security_dispatcher.o
    0x00037d8c   0x00000014   Code   RO         4697    i.sec_procedure     security_dispatcher.o
    0x00037da0   0x0000005c   Code   RO         4897    i.sec_req_process   security_manager.o
    0x00037dfc   0x00000044   Code   RO         4698    i.sec_request_process  security_dispatcher.o
    0x00037e40   0x00000028   Code   RO         4699    i.sec_start_send    security_dispatcher.o
    0x00037e68   0x00000022   Code   RO         4700    i.send_config_req   security_dispatcher.o
    0x00037e8a   0x00000002   PAD
    0x00037e8c   0x0000001c   Code   RO         1292    i.send_data_to_remote  ly_ble_p.o
    0x00037ea8   0x00000018   Code   RO         2471    i.send_error_evt    ble_conn_params.o
    0x00037ec0   0x00000028   Code   RO         4701    i.send_params_req   security_dispatcher.o
    0x00037ee8   0x00000024   Code   RO         4702    i.send_storage_full_evt  security_dispatcher.o
    0x00037f0c   0x00000028   Code   RO         3334    i.send_unexpected_error  gatt_cache_manager.o
    0x00037f34   0x0000002c   Code   RO         3817    i.send_unexpected_error  peer_data_storage.o
    0x00037f60   0x00000028   Code   RO         4703    i.send_unexpected_error  security_dispatcher.o
    0x00037f88   0x00000024   Code   RO         2472    i.send_update_request  ble_conn_params.o
    0x00037fac   0x00000084   Code   RO         8946    i.serial_tx         nrf_log_backend_rtt.o
    0x00038030   0x0000007c   Code   RO         3335    i.service_changed_cccd  gatt_cache_manager.o
    0x000380ac   0x00000020   Code   RO         3336    i.service_changed_needed  gatt_cache_manager.o
    0x000380cc   0x00000018   Code   RO         3337    i.service_changed_pending_flags_check  gatt_cache_manager.o
    0x000380e4   0x000000a8   Code   RO         3514    i.service_changed_pending_set  gatts_cache_manager.o
    0x0003818c   0x00000180   Code   RO         3338    i.service_changed_send_in_evt  gatt_cache_manager.o
    0x0003830c   0x00000096   Code   RO         2194    i.service_data_encode  ble_advdata.o
    0x000383a2   0x00000002   PAD
    0x000383a4   0x00000064   Code   RO         1293    i.services_init     ly_ble_p.o
    0x00038408   0x00000030   Code   RO         2326    i.set_adv_mode_directed  ble_advertising.o
    0x00038438   0x00000024   Code   RO         2327    i.set_adv_mode_directed_high_duty  ble_advertising.o
    0x0003845c   0x0000005c   Code   RO         2328    i.set_adv_mode_fast  ble_advertising.o
    0x000384b8   0x0000005c   Code   RO         2329    i.set_adv_mode_slow  ble_advertising.o
    0x00038514   0x000000be   Code   RO         2770    i.set_security_req  ble_srv_common.o
    0x000385d2   0x00000002   PAD
    0x000385d4   0x00000034   Code   RO         4898    i.sm_ble_evt_handler  security_manager.o
    0x00038608   0x00000010   Code   RO         4899    i.sm_conn_sec_config_reply  security_manager.o
    0x00038618   0x00000064   Code   RO         4900    i.sm_init           security_manager.o
    0x0003867c   0x00000018   Code   RO         4902    i.sm_link_secure    security_manager.o
    0x00038694   0x00000058   Code   RO         4903    i.sm_pdb_evt_handler  security_manager.o
    0x000386ec   0x00000048   Code   RO         4905    i.sm_sec_params_set  security_manager.o
    0x00038734   0x00000032   Code   RO         4906    i.sm_smd_evt_handler  security_manager.o
    0x00038766   0x00000058   Code   RO         4704    i.smd_ble_evt_handler  security_dispatcher.o
    0x000387be   0x00000002   PAD
    0x000387c0   0x00000018   Code   RO         4705    i.smd_conn_sec_config_reply  security_dispatcher.o
    0x000387d8   0x0000007c   Code   RO         4706    i.smd_init          security_dispatcher.o
    0x00038854   0x00000038   Code   RO         4707    i.smd_link_secure   security_dispatcher.o
    0x0003888c   0x000000c0   Code   RO         4708    i.smd_params_reply  security_dispatcher.o
    0x0003894c   0x00000040   Code   RO         4907    i.smd_params_reply_perform  security_manager.o
    0x0003898c   0x0000001c   Code   RO         5459    i.soc_evt_handler   nrf_drv_clock.o
    0x000389a8   0x000000ac   Code   RO         9632    i.softdevice_evt_irq_disable  nrf_sdh.o
    0x00038a54   0x00000060   Code   RO         9633    i.softdevices_evt_irq_enable  nrf_sdh.o
    0x00038ab4   0x00000026   Code   RO          687    i.startup_event_extract  bsp_btn_ble.o
    0x00038ada   0x00000002   PAD
    0x00038adc   0x00000064   Code   RO         9108    i.std_header_set    nrf_log_frontend.o
    0x00038b40   0x00000074   Code   RO         9109    i.std_n             nrf_log_frontend.o
    0x00038bb4   0x00000078   Code   RO         3339    i.store_car_value   gatt_cache_manager.o
    0x00038c2c   0x00000074   Code   RO         7910    i.string_print      nrf_fprintf_format.o
    0x00038ca0   0x00000014   Code   RO         1912    i.sys_info_init     sys_info.o
    0x00038cb4   0x000000a8   Code   RO         1939    i.sys_malloc_apply  sys_malloc.o
    0x00038d5c   0x0000026c   Code   RO         1942    i.sys_malloc_init   sys_malloc.o
    0x00038fc8   0x0000000c   Code   RO         2006    i.sys_queue_init    sys_queue.o
    0x00038fd4   0x00000046   Code   RO         2008    i.sys_queue_put     sys_queue.o
    0x0003901a   0x00000002   PAD
    0x0003901c   0x00000048   Code   RO           10    i.sys_tick_timeout_handler  main.o
    0x00039064   0x0000000a   Code   RO         7126    i.ticks_diff_get    app_timer.o
    0x0003906e   0x0000000c   Code   RO         7127    i.timeout_handler_exec  app_timer.o
    0x0003907a   0x00000002   PAD
    0x0003907c   0x00000050   Code   RO         7128    i.timer_list_handler  app_timer.o
    0x000390cc   0x0000000a   Code   RO         7129    i.timer_list_handler_sched  app_timer.o
    0x000390d6   0x00000002   PAD
    0x000390d8   0x00000068   Code   RO         7130    i.timer_list_insert  app_timer.o
    0x00039140   0x00000088   Code   RO         7131    i.timer_list_remove  app_timer.o
    0x000391c8   0x0000005e   Code   RO         7132    i.timer_start_op_schedule  app_timer.o
    0x00039226   0x00000042   Code   RO         7133    i.timer_stop_op_schedule  app_timer.o
    0x00039268   0x00000098   Code   RO         7134    i.timer_timeouts_check  app_timer.o
    0x00039300   0x0000000a   Code   RO         7135    i.timer_timeouts_check_sched  app_timer.o
    0x0003930a   0x00000002   PAD
    0x0003930c   0x00000030   Code   RO           11    i.timers_init       main.o
    0x0003933c   0x00000002   Code   RO         9289    i.timestamp_print   nrf_log_str_formatter.o
    0x0003933e   0x00000002   PAD
    0x00039340   0x000000cc   Code   RO         1199    i.tus_c_evt_handler  ly_ble_c.o
    0x0003940c   0x00000064   Code   RO         1200    i.tus_c_init        ly_ble_c.o
    0x00039470   0x00000036   Code   RO         6373    i.tx_blocking       nrfx_uart.o
    0x000394a6   0x00000002   PAD
    0x000394a8   0x00000014   Code   RO         5218    i.tx_buffer_init    ancs_tx_buffer.o
    0x000394bc   0x000000e0   Code   RO         5219    i.tx_buffer_insert  ancs_tx_buffer.o
    0x0003959c   0x00000090   Code   RO         5220    i.tx_buffer_process  ancs_tx_buffer.o
    0x0003962c   0x00000026   Code   RO         6374    i.tx_byte           nrfx_uart.o
    0x00039652   0x00000020   Code   RO         6375    i.tx_done_event     nrfx_uart.o
    0x00039672   0x00000020   Code   RO         6616    i.tx_done_event     nrfx_uarte.o
    0x00039692   0x00000036   Code   RO         2195    i.tx_power_level_encode  ble_advdata.o
    0x000396c8   0x00000090   Code   RO         1759    i.uart_event_handle  drv_uart.o
    0x00039758   0x000000d4   Code   RO         7337    i.uart_event_handler  app_uart_fifo.o
    0x0003982c   0x00000038   Code   RO         5603    i.uart_evt_handler  nrf_drv_uart.o
    0x00039864   0x0000014c   Code   RO         6376    i.uart_irq_handler  nrfx_uart.o
    0x000399b0   0x00000160   Code   RO         2061    i.uart_protocol_assemble_command_and_send  uart_protocol.o
    0x00039b10   0x0000000e   Code   RO         2062    i.uart_protocol_group_id_ack_handler  uart_protocol.o
    0x00039b1e   0x00000002   PAD
    0x00039b20   0x0000010c   Code   RO         2133    i.uart_protocol_group_id_ble_central_handler  uart_protocol_ble_central_handler.o
    0x00039c2c   0x0000000e   Code   RO         2063    i.uart_protocol_group_id_ble_handler  uart_protocol.o
    0x00039c3a   0x00000002   Code   RO         2165    i.uart_protocol_group_id_ble_peripheral_handler  uart_protocol_ble_peripheral_handler.o
    0x00039c3c   0x00000190   Code   RO         2064    i.uart_protocol_group_id_hardware_handler  uart_protocol.o
    0x00039dcc   0x0000001c   Code   RO         2065    i.uart_protocol_init  uart_protocol.o
    0x00039de8   0x000000e8   Code   RO         2066    i.uart_protocol_rx_handler  uart_protocol.o
    0x00039ed0   0x0000001c   Code   RO         2067    i.uart_protocol_send_ack  uart_protocol.o
    0x00039eec   0x00000140   Code   RO         1760    i.uart_recieve      drv_uart.o
    0x0003a02c   0x00000050   Code   RO           12    i.uart_rx_command_handler  main.o
    0x0003a07c   0x00000038   Code   RO         5604    i.uarte_evt_handler  nrf_drv_uart.o
    0x0003a0b4   0x00000104   Code   RO         6617    i.uarte_irq_handler  nrfx_uarte.o
    0x0003a1b8   0x0000000c   Code   RO         2068    i.uint16_decode     uart_protocol.o
    0x0003a1c4   0x0000000c   Code   RO         2134    i.uint16_decode     uart_protocol_ble_central_handler.o
    0x0003a1d0   0x0000000c   Code   RO         2771    i.uint16_decode     ble_srv_common.o
    0x0003a1dc   0x0000000c   Code   RO         2196    i.uint16_encode     ble_advdata.o
    0x0003a1e8   0x00000018   Code   RO         1474    i.uint32_decode     ly_ble_p_protocol.o
    0x0003a200   0x00000024   Code   RO         8823    i.uninit            nrf_fstorage_sd.o
    0x0003a224   0x000000b8   Code   RO         7911    i.unsigned_print    nrf_fprintf_format.o
    0x0003a2dc   0x00000034   Code   RO         3340    i.update_pending_flags_check  gatt_cache_manager.o
    0x0003a310   0x00000074   Code   RO         2473    i.update_timeout_handler  ble_conn_params.o
    0x0003a384   0x0000001e   Code   RO         2330    i.use_whitelist     ble_advertising.o
    0x0003a3a2   0x00000002   PAD
    0x0003a3a4   0x00000014   Code   RO         2582    i.user_flag_is_acquired  ble_conn_state.o
    0x0003a3b8   0x0000003c   Code   RO         7136    i.user_op_alloc     app_timer.o
    0x0003a3f4   0x0000000c   Code   RO         7137    i.user_op_enque     app_timer.o
    0x0003a400   0x0000004e   Code   RO         2197    i.uuid_list_encode  ble_advdata.o
    0x0003a44e   0x000000d6   Code   RO         2198    i.uuid_list_sized_encode  ble_advdata.o
    0x0003a524   0x00000008   Code   RO         2331    i.whitelist_has_entries  ble_advertising.o
    0x0003a52c   0x00000006   Code   RO         8824    i.wmap              nrf_fstorage_sd.o
    0x0003a532   0x00000002   PAD
    0x0003a534   0x00000054   Code   RO         8825    i.write             nrf_fstorage_sd.o
    0x0003a588   0x00000038   Code   RO         3979    i.write_buf_length_words_set  peer_database.o
    0x0003a5c0   0x00000160   Code   RO         3980    i.write_buf_store   peer_database.o
    0x0003a720   0x00000074   Code   RO         3981    i.write_buf_store_in_event  peer_database.o
    0x0003a794   0x00000024   Code   RO         3982    i.write_buffer_record_acquire  peer_database.o
    0x0003a7b8   0x0000004c   Code   RO         3983    i.write_buffer_record_find  peer_database.o
    0x0003a804   0x00000034   Code   RO         3984    i.write_buffer_record_find_next  peer_database.o
    0x0003a838   0x00000030   Code   RO         3985    i.write_buffer_record_find_stored  peer_database.o
    0x0003a868   0x0000000e   Code   RO         3986    i.write_buffer_record_find_unused  peer_database.o
    0x0003a876   0x00000024   Code   RO         3987    i.write_buffer_record_invalidate  peer_database.o
    0x0003a89a   0x00000002   PAD
    0x0003a89c   0x00000028   Code   RO         3988    i.write_buffer_record_release  peer_database.o
    0x0003a8c4   0x000000e0   Code   RO         8346    i.write_enqueue     fds.o
    0x0003a9a4   0x000000c4   Code   RO         8347    i.write_execute     fds.o
    0x0003aa68   0x00000058   Code   RO         8826    i.write_execute     nrf_fstorage_sd.o
    0x0003aac0   0x00000024   Code   RO         8348    i.write_space_free  fds.o
    0x0003aae4   0x00000078   Code   RO         8349    i.write_space_reserve  fds.o
    0x0003ab5c   0x00000004   Data   RO           14    .constdata          main.o
    0x0003ab60   0x00000008   Data   RO          436    .constdata          boards.o
    0x0003ab68   0x0000002c   Data   RO          584    .constdata          bsp.o
    0x0003ab94   0x00000001   Data   RO          807    .constdata          ly_ble.o
    0x0003ab95   0x0000000b   PAD
    0x0003aba0   0x0000001f   Data   RO          942    .constdata          ly_ble_ancs_c.o
    0x0003abbf   0x00000001   PAD
    0x0003abc0   0x00000010   Data   RO         1039    .constdata          ly_ble_tus.o
    0x0003abd0   0x00000028   Data   RO         1110    .constdata          ly_ble_tus_c.o
    0x0003abf8   0x00000005   Data   RO         1202    .constdata          ly_ble_c.o
    0x0003abfd   0x00000003   PAD
    0x0003ac00   0x00000004   Data   RO         1295    .constdata          ly_ble_p.o
    0x0003ac04   0x00000018   Data   RO         1762    .constdata          drv_uart.o
    0x0003ac1c   0x00000004   PAD
    0x0003ac20   0x00000006   Data   RO         1829    .constdata          lcd_init.o
    0x0003ac26   0x00000002   PAD
    0x0003ac28   0x00000016   Data   RO         2843    .constdata          nrf_ble_gatt.o
    0x0003ac3e   0x00000002   PAD
    0x0003ac40   0x0000007c   Data   RO         3028    .constdata          ble_db_discovery.o
    0x0003acbc   0x0000007c   Data   RO         3341    .constdata          gatt_cache_manager.o
    0x0003ad38   0x00000018   Data   RO         3515    .constdata          gatts_cache_manager.o
    0x0003ad50   0x00000008   Data   RO         3627    .constdata          id_manager.o
    0x0003ad58   0x0000001c   Data   RO         3818    .constdata          peer_data_storage.o
    0x0003ad74   0x00000010   Data   RO         3990    .constdata          peer_database.o
    0x0003ad84   0x0000002c   Data   RO         4264    .constdata          peer_manager.o
    0x0003adb0   0x00000018   Data   RO         4542    .constdata          peer_manager_handler.o
    0x0003adc8   0x000000a4   Data   RO         4710    .constdata          security_dispatcher.o
    0x0003ae6c   0x00000004   Data   RO         4908    .constdata          security_manager.o
    0x0003ae70   0x00000040   Data   RO         5283    .constdata          nrf_ble_ancs_c.o
    0x0003aeb0   0x0000003e   Data   RO         6015    .constdata          nrfx_gpiote.o
    0x0003aeee   0x00000002   PAD
    0x0003aef0   0x0000002e   Data   RO         6378    .constdata          nrfx_uart.o
    0x0003af1e   0x00000002   PAD
    0x0003af20   0x00000030   Data   RO         6619    .constdata          nrfx_uarte.o
    0x0003af50   0x00000007   Data   RO         6808    .constdata          app_button.o
    0x0003af57   0x00000009   PAD
    0x0003af60   0x00000006   Data   RO         7139    .constdata          app_timer.o
    0x0003af66   0x00000002   PAD
    0x0003af68   0x00000020   Data   RO         7339    .constdata          app_uart_fifo.o
    0x0003af88   0x00000010   Data   RO         7912    .constdata          nrf_fprintf_format.o
    0x0003af98   0x00000024   Data   RO         8034    .constdata          nrf_pwr_mgmt.o
    0x0003afbc   0x0000013c   Data   RO         8204    .constdata          nrf_strerror.o
    0x0003b0f8   0x00000018   Data   RO         8351    .constdata          fds.o
    0x0003b110   0x0000005e   Data   RO         8726    .constdata          nrf_fstorage.o
    0x0003b16e   0x00000002   PAD
    0x0003b170   0x00000030   Data   RO         8828    .constdata          nrf_fstorage_sd.o
    0x0003b1a0   0x00000016   Data   RO         8948    .constdata          nrf_log_backend_rtt.o
    0x0003b1b6   0x00000002   PAD
    0x0003b1b8   0x0000000c   Data   RO         9111    .constdata          nrf_log_frontend.o
    0x0003b1c4   0x00000058   Data   RO         9634    .constdata          nrf_sdh.o
    0x0003b21c   0x00000030   Data   RO         9749    .constdata          nrf_sdh_ble.o
    0x0003b24c   0x0000001c   Data   RO         9804    .constdata          nrf_sdh_soc.o
    0x0003b268   0x00000081   Data   RO         9940    .constdata          mc_w.l(ctype_o.o)
    0x0003b2e9   0x00000003   PAD
    0x0003b2ec   0x00000004   Data   RO         9941    .constdata          mc_w.l(ctype_o.o)
    0x0003b2f0   0x0000026a   Data   RO          943    .conststring        ly_ble_ancs_c.o
    0x0003b55a   0x00000002   PAD
    0x0003b55c   0x00000041   Data   RO         1111    .conststring        ly_ble_tus_c.o
    0x0003b59d   0x00000003   PAD
    0x0003b5a0   0x0000003a   Data   RO         1945    .conststring        sys_malloc.o
    0x0003b5da   0x00000002   PAD
    0x0003b5dc   0x0000013e   Data   RO         2844    .conststring        nrf_ble_gatt.o
    0x0003b71a   0x00000002   PAD
    0x0003b71c   0x00000144   Data   RO         3029    .conststring        ble_db_discovery.o
    0x0003b860   0x000001a4   Data   RO         3342    .conststring        gatt_cache_manager.o
    0x0003ba04   0x0000019c   Data   RO         3516    .conststring        gatts_cache_manager.o
    0x0003bba0   0x000000e8   Data   RO         3819    .conststring        peer_data_storage.o
    0x0003bc88   0x00000180   Data   RO         3991    .conststring        peer_database.o
    0x0003be08   0x00000090   Data   RO         4265    .conststring        peer_manager.o
    0x0003be98   0x000006b2   Data   RO         4543    .conststring        peer_manager_handler.o
    0x0003c54a   0x00000002   PAD
    0x0003c54c   0x00000306   Data   RO         4711    .conststring        security_dispatcher.o
    0x0003c852   0x00000002   PAD
    0x0003c854   0x0000017b   Data   RO         4909    .conststring        security_manager.o
    0x0003c9cf   0x00000001   PAD
    0x0003c9d0   0x00000041   Data   RO         5284    .conststring        nrf_ble_ancs_c.o
    0x0003ca11   0x00000003   PAD
    0x0003ca14   0x000003eb   Data   RO         8205    .conststring        nrf_strerror.o
    0x0003cdff   0x00000001   PAD
    0x0003ce00   0x0000004f   Data   RO         8727    .conststring        nrf_fstorage.o
    0x0003ce4f   0x00000001   PAD
    0x0003ce50   0x00000066   Data   RO         9290    .conststring        nrf_log_str_formatter.o
    0x0003ceb6   0x00000002   PAD
    0x0003ceb8   0x000001cf   Data   RO         9750    .conststring        nrf_sdh_ble.o
    0x0003d087   0x00000001   PAD
    0x0003d088   0x00000008   Data   RO         1040    .conststrlit        ly_ble_tus.o
    0x0003d090   0x0000000a   Data   RO         1112    .conststrlit        ly_ble_tus_c.o
    0x0003d09a   0x00000002   PAD
    0x0003d09c   0x0000000d   Data   RO         2845    .conststrlit        nrf_ble_gatt.o
    0x0003d0a9   0x00000003   PAD
    0x0003d0ac   0x0000000c   Data   RO         3030    .conststrlit        ble_db_discovery.o
    0x0003d0b8   0x00000009   Data   RO         3172    .conststrlit        nrf_ble_scan.o
    0x0003d0c1   0x00000003   PAD
    0x0003d0c4   0x00000011   Data   RO         3343    .conststrlit        gatt_cache_manager.o
    0x0003d0d5   0x00000003   PAD
    0x0003d0d8   0x00000012   Data   RO         3517    .conststrlit        gatts_cache_manager.o
    0x0003d0ea   0x00000002   PAD
    0x0003d0ec   0x00000010   Data   RO         3629    .conststrlit        id_manager.o
    0x0003d0fc   0x00000011   Data   RO         3820    .conststrlit        peer_data_storage.o
    0x0003d10d   0x00000003   PAD
    0x0003d110   0x00000011   Data   RO         3992    .conststrlit        peer_database.o
    0x0003d121   0x00000003   PAD
    0x0003d124   0x0000000d   Data   RO         4266    .conststrlit        peer_manager.o
    0x0003d131   0x00000003   PAD
    0x0003d134   0x00000015   Data   RO         4544    .conststrlit        peer_manager_handler.o
    0x0003d149   0x00000003   PAD
    0x0003d14c   0x00000011   Data   RO         4712    .conststrlit        security_dispatcher.o
    0x0003d15d   0x00000003   PAD
    0x0003d160   0x00000010   Data   RO         4910    .conststrlit        security_manager.o
    0x0003d170   0x0000000b   Data   RO         5285    .conststrlit        nrf_ble_ancs_c.o
    0x0003d17b   0x00000001   PAD
    0x0003d17c   0x00000006   Data   RO         5462    .conststrlit        nrf_drv_clock.o
    0x0003d182   0x00000002   PAD
    0x0003d184   0x00000006   Data   RO         5818    .conststrlit        nrfx_clock.o
    0x0003d18a   0x00000002   PAD
    0x0003d18c   0x00000007   Data   RO         6016    .conststrlit        nrfx_gpiote.o
    0x0003d193   0x00000001   PAD
    0x0003d194   0x00000004   Data   RO         6290    .conststrlit        nrfx_prs.o
    0x0003d198   0x00000005   Data   RO         6379    .conststrlit        nrfx_uart.o
    0x0003d19d   0x00000003   PAD
    0x0003d1a0   0x00000006   Data   RO         6620    .conststrlit        nrfx_uarte.o
    0x0003d1a6   0x00000002   PAD
    0x0003d1a8   0x00000009   Data   RO         8035    .conststrlit        nrf_pwr_mgmt.o
    0x0003d1b1   0x00000003   PAD
    0x0003d1b4   0x0000000d   Data   RO         8728    .conststrlit        nrf_fstorage.o
    0x0003d1c1   0x00000003   PAD
    0x0003d1c4   0x00000010   Data   RO         9045    .conststrlit        nrf_log_default_backends.o
    0x0003d1d4   0x00000004   Data   RO         9112    .conststrlit        nrf_log_frontend.o
    0x0003d1d8   0x00000008   Data   RO         9635    .conststrlit        nrf_sdh.o
    0x0003d1e0   0x0000000c   Data   RO         9751    .conststrlit        nrf_sdh_ble.o
    0x0003d1ec   0x0000000c   Data   RO         9805    .conststrlit        nrf_sdh_soc.o
    0x0003d1f8   0x00000020   Data   RO        10276    Region$$Table       anon$$obj.o
    0x0003d218   0x00000010   Data   RO         9047    log_backends        nrf_log_default_backends.o
    0x0003d228   0x00000008   Data   RO         1041    log_const_data      ly_ble_tus.o
    0x0003d230   0x00000008   Data   RO         1113    log_const_data      ly_ble_tus_c.o
    0x0003d238   0x00000008   Data   RO         2846    log_const_data      nrf_ble_gatt.o
    0x0003d240   0x00000008   Data   RO         3032    log_const_data      ble_db_discovery.o
    0x0003d248   0x00000008   Data   RO         3173    log_const_data      nrf_ble_scan.o
    0x0003d250   0x00000008   Data   RO         3345    log_const_data      gatt_cache_manager.o
    0x0003d258   0x00000008   Data   RO         3519    log_const_data      gatts_cache_manager.o
    0x0003d260   0x00000008   Data   RO         3631    log_const_data      id_manager.o
    0x0003d268   0x00000008   Data   RO         3822    log_const_data      peer_data_storage.o
    0x0003d270   0x00000008   Data   RO         3994    log_const_data      peer_database.o
    0x0003d278   0x00000008   Data   RO         4268    log_const_data      peer_manager.o
    0x0003d280   0x00000008   Data   RO         4546    log_const_data      peer_manager_handler.o
    0x0003d288   0x00000008   Data   RO         4714    log_const_data      security_dispatcher.o
    0x0003d290   0x00000008   Data   RO         4912    log_const_data      security_manager.o
    0x0003d298   0x00000008   Data   RO         5286    log_const_data      nrf_ble_ancs_c.o
    0x0003d2a0   0x00000008   Data   RO         5463    log_const_data      nrf_drv_clock.o
    0x0003d2a8   0x00000008   Data   RO         5820    log_const_data      nrfx_clock.o
    0x0003d2b0   0x00000008   Data   RO         6017    log_const_data      nrfx_gpiote.o
    0x0003d2b8   0x00000008   Data   RO         6292    log_const_data      nrfx_prs.o
    0x0003d2c0   0x00000008   Data   RO         6380    log_const_data      nrfx_uart.o
    0x0003d2c8   0x00000008   Data   RO         6621    log_const_data      nrfx_uarte.o
    0x0003d2d0   0x00000008   Data   RO         8037    log_const_data      nrf_pwr_mgmt.o
    0x0003d2d8   0x00000008   Data   RO         8729    log_const_data      nrf_fstorage.o
    0x0003d2e0   0x00000008   Data   RO         9114    log_const_data      nrf_log_frontend.o
    0x0003d2e8   0x00000008   Data   RO         9637    log_const_data      nrf_sdh.o
    0x0003d2f0   0x00000008   Data   RO         9753    log_const_data      nrf_sdh_ble.o
    0x0003d2f8   0x00000008   Data   RO         9806    log_const_data      nrf_sdh_soc.o
    0x0003d300   0x00000014   Data   RO         9115    nrf_balloc          nrf_log_frontend.o
    0x0003d314   0x00000008   Data   RO         2584    sdh_ble_observers0  ble_conn_state.o
    0x0003d31c   0x00000008   Data   RO          689    sdh_ble_observers1  bsp_btn_ble.o
    0x0003d324   0x00000028   Data   RO          809    sdh_ble_observers1  ly_ble.o
    0x0003d34c   0x00000008   Data   RO         1204    sdh_ble_observers1  ly_ble_c.o
    0x0003d354   0x00000008   Data   RO         1297    sdh_ble_observers1  ly_ble_p.o
    0x0003d35c   0x00000008   Data   RO         2476    sdh_ble_observers1  ble_conn_params.o
    0x0003d364   0x00000008   Data   RO         4269    sdh_ble_observers1  peer_manager.o
    0x0003d36c   0x00000020   Data   RO          945    sdh_ble_observers2  ly_ble_ancs_c.o
    0x0003d38c   0x00000010   Data   RO         1205    sdh_ble_observers2  ly_ble_c.o
    0x0003d39c   0x00000008   Data   RO         1298    sdh_ble_observers2  ly_ble_p.o
    0x0003d3a4   0x00000008   Data   RO          810    sdh_ble_observers3  ly_ble.o
    0x0003d3ac   0x00000008   Data   RO         8830    sdh_req_observers0  nrf_fstorage_sd.o
    0x0003d3b4   0x00000008   Data   RO         5464    sdh_soc_observers0  nrf_drv_clock.o
    0x0003d3bc   0x00000008   Data   RO         8831    sdh_soc_observers0  nrf_fstorage_sd.o
    0x0003d3c4   0x00000008   Data   RO         1299    sdh_soc_observers1  ly_ble_p.o
    0x0003d3cc   0x00000008   Data   RO         9754    sdh_stack_observers0  nrf_sdh_ble.o
    0x0003d3d4   0x00000008   Data   RO         9807    sdh_stack_observers0  nrf_sdh_soc.o
    0x0003d3dc   0x00000008   Data   RO         5465    sdh_state_observers0  nrf_drv_clock.o
    0x0003d3e4   0x00000008   Data   RO         8832    sdh_state_observers0  nrf_fstorage_sd.o


    Execution Region RW_IRAM1 (Base: 0x20006000, Size: 0x00007960, Max: 0x0000a000, ABSOLUTE, COMPRESSED[0x00000180])

    Base Addr    Size         Type   Attr      Idx    E Section Name        Object

    0x20006000   0x00000005   Data   RW           15    .data               main.o
    0x20006005   0x00000003   PAD
    0x20006008   0x00000015   Data   RW          585    .data               bsp.o
    0x2000601d   0x00000003   PAD
    0x20006020   0x00000008   Data   RW          688    .data               bsp_btn_ble.o
    0x20006028   0x00000b3a   Data   RW          808    .data               ly_ble.o
    0x20006b62   0x00000002   PAD
    0x20006b64   0x00000064   Data   RW          944    .data               ly_ble_ancs_c.o
    0x20006bc8   0x0000000e   Data   RW         1203    .data               ly_ble_c.o
    0x20006bd6   0x00000002   PAD
    0x20006bd8   0x00000048   Data   RW         1296    .data               ly_ble_p.o
    0x20006c20   0x00000006   Data   RW         1763    .data               drv_uart.o
    0x20006c26   0x00000002   PAD
    0x20006c28   0x00000028   Data   RW         1946    .data               sys_malloc.o
    0x20006c50   0x00000001   Data   RW         2069    .data               uart_protocol.o
    0x20006c51   0x00000001   PAD
    0x20006c52   0x00000008   Data   RW         2475    .data               ble_conn_params.o
    0x20006c5a   0x00000002   PAD
    0x20006c5c   0x0000000d   Data   RW         3031    .data               ble_db_discovery.o
    0x20006c69   0x00000003   PAD
    0x20006c6c   0x00000013   Data   RW         3344    .data               gatt_cache_manager.o
    0x20006c7f   0x00000001   PAD
    0x20006c80   0x0000000a   Data   RW         3518    .data               gatts_cache_manager.o
    0x20006c8a   0x00000002   PAD
    0x20006c8c   0x0000000c   Data   RW         3821    .data               peer_data_storage.o
    0x20006c98   0x00000008   Data   RW         3993    .data               peer_database.o
    0x20006ca0   0x0000000f   Data   RW         4267    .data               peer_manager.o
    0x20006caf   0x00000001   PAD
    0x20006cb0   0x000000b4   Data   RW         4545    .data               peer_manager_handler.o
    0x20006d64   0x00000005   Data   RW         4713    .data               security_dispatcher.o
    0x20006d69   0x00000003   PAD
    0x20006d6c   0x00000018   Data   RW         4911    .data               security_manager.o
    0x20006d84   0x00000008   Data   RW         5222    .data               ancs_tx_buffer.o
    0x20006d8c   0x00000009   Data   RW         5605    .data               nrf_drv_uart.o
    0x20006d95   0x00000003   PAD
    0x20006d98   0x00000008   Data   RW         5819    .data               nrfx_clock.o
    0x20006da0   0x00000008   Data   RW         6291    .data               nrfx_prs.o
    0x20006da8   0x00000020   Data   RW         6809    .data               app_button.o
    0x20006dc8   0x00000014   Data   RW         7140    .data               app_timer.o
    0x20006ddc   0x0000001b   Data   RW         7340    .data               app_uart_fifo.o
    0x20006df7   0x00000001   PAD
    0x20006df8   0x00000009   Data   RW         8036    .data               nrf_pwr_mgmt.o
    0x20006e01   0x00000003   PAD
    0x20006e04   0x00000008   Data   RW         8237    .data               retarget.o
    0x20006e0c   0x00000030   Data   RW         8352    .data               fds.o
    0x20006e3c   0x00000008   Data   RW         8829    .data               nrf_fstorage_sd.o
    0x20006e44   0x00000001   Data   RW         8949    .data               nrf_log_backend_rtt.o
    0x20006e45   0x00000003   PAD
    0x20006e48   0x00000008   Data   RW         9046    .data               nrf_log_default_backends.o
    0x20006e50   0x00000010   Data   RW         9113    .data               nrf_log_frontend.o
    0x20006e60   0x00000040   Data   RW         9291    .data               nrf_log_str_formatter.o
    0x20006ea0   0x00000003   Data   RW         9636    .data               nrf_sdh.o
    0x20006ea3   0x00000001   Data   RW         9752    .data               nrf_sdh_ble.o
    0x20006ea4   0x00000004   Data   RW         9857    .data               system_nrf52.o
    0x20006ea8   0x00000014   Data   RW         8353    fs_data             fds.o
    0x20006ebc   0x00000020   Zero   RW           13    .bss                main.o
    0x20006edc   0x0000006c   Zero   RW          583    .bss                bsp.o
    0x20006f48   0x0000002c   Zero   RW          806    .bss                ly_ble.o
    0x20006f74   0x00000800   Zero   RW          941    .bss                ly_ble_ancs_c.o
    0x20007774   0x00000168   Zero   RW         1201    .bss                ly_ble_c.o
    0x200078dc   0x0000037e   Zero   RW         1294    .bss                ly_ble_p.o
    0x20007c5a   0x00000bf6   Zero   RW         1761    .bss                drv_uart.o
    0x20008850   0x00000338   Zero   RW         1913    .bss                sys_info.o
    0x20008b88   0x00000c18   Zero   RW         1944    .bss                sys_malloc.o
    0x200097a0   0x00000084   Zero   RW         2474    .bss                ble_conn_params.o
    0x20009824   0x00000078   Zero   RW         2583    .bss                ble_conn_state.o
    0x2000989c   0x00000318   Zero   RW         3027    .bss                ble_db_discovery.o
    0x20009bb4   0x000000d8   Zero   RW         3626    .bss                id_manager.o
    0x20009c8c   0x00000180   Zero   RW         3989    .bss                peer_database.o
    0x20009e0c   0x00000040   Zero   RW         4134    .bss                peer_id.o
    0x20009e4c   0x0000000c   Zero   RW         4263    .bss                peer_manager.o
    0x20009e58   0x00000040   Zero   RW         4709    .bss                security_dispatcher.o
    0x20009e98   0x00000120   Zero   RW         5221    .bss                ancs_tx_buffer.o
    0x20009fb8   0x00000014   Zero   RW         5460    .bss                nrf_drv_clock.o
    0x20009fcc   0x0000005c   Zero   RW         6014    .bss                nrfx_gpiote.o
    0x2000a028   0x0000002c   Zero   RW         6377    .bss                nrfx_uart.o
    0x2000a054   0x00000024   Zero   RW         6618    .bss                nrfx_uarte.o
    0x2000a078   0x00000020   Zero   RW         6807    .bss                app_button.o
    0x2000a098   0x00000020   Zero   RW         6868    .bss                app_error.o
    0x2000a0b8   0x0000010c   Zero   RW         7138    .bss                app_timer.o
    0x2000a1c4   0x00000020   Zero   RW         7338    .bss                app_uart_fifo.o
    0x2000a1e4   0x0000000c   Zero   RW         7425    .bss                app_util_platform.o
    0x2000a1f0   0x0000000c   Zero   RW         8033    .bss                nrf_pwr_mgmt.o
    0x2000a1fc   0x000000f0   Zero   RW         8350    .bss                fds.o
    0x2000a2ec   0x000000b0   Zero   RW         8827    .bss                nrf_fstorage_sd.o
    0x2000a39c   0x00000040   Zero   RW         8947    .bss                nrf_log_backend_rtt.o
    0x2000a3dc   0x000012fc   Zero   RW         9110    .bss                nrf_log_frontend.o
    0x2000b6d8   0x00000288   Zero   RW         9389    .bss                segger_rtt.o
    0x2000b960   0x00002000   Zero   RW         9834    STACK               arm_startup_nrf52.o


==============================================================================

Image component sizes


      Code (inc. data)   RO Data    RW Data    ZI Data      Debug   Object Name

         0          0          0          0          0        756   ancs_app_attr_get.o
      1294        214          0          0          0      46894   ancs_attr_parser.o
       388         28          0          8        288       3148   ancs_tx_buffer.o
       600         80          7         32         32      13062   app_button.o
       136          4          0          0         32       3354   app_error.o
        26          0          0          0          0        556   app_error_handler_keil.o
       456        194          0          0          0       4790   app_error_weak.o
       170          0          0          0          0       6006   app_fifo.o
         0          0          0          0          0      37090   app_scheduler.o
      2068        242          6         20        268      53407   app_timer.o
       834        168         32         27         32      21514   app_uart_fifo.o
       200         24          0          0         12      10398   app_util_platform.o
        36          8        512          0       8192        912   arm_startup_nrf52.o
      1820          0          0          0          0      56536   ble_advdata.o
      1064          6          0          0          0      14082   ble_advertising.o
       936         56          8          8        132      11787   ble_conn_params.o
      1004        150          8          0        120      18501   ble_conn_state.o
      3106        560        468         13        792      20915   ble_db_discovery.o
       108          0          0          0          0       1576   ble_link_ctx_manager.o
       676          6          0          0          0       4039   ble_srv_common.o
       476         34          8          0          0      49333   boards.o
      1482        120         44         21        108      13063   bsp.o
       370         16          8          8          0       5211   bsp_btn_ble.o
        62          0          0          0          0       2652   crc16.o
        12          0          0          0          0        633   drv_flash.o
       318          0          0          0          0       9278   drv_gt24l24a2y.o
       784         72          0          0          0      11243   drv_lcd.o
       708        220         24          6       3062       4424   drv_uart.o
      4742        462         24         68        240      57799   fds.o
      2706        680        569         19          0      35963   gatt_cache_manager.o
       848         90        462         10          0      16651   gatts_cache_manager.o
        20          0          0          0          0       1064   hardware.o
      1080         34         32          0        216      15154   id_manager.o
       768          6          6          0          0      11058   lcd_init.o
      2328       1064         49       2874         44      16244   ly_ble.o
      2484        856        681        100       2048      17777   ly_ble_ancs_c.o
      1892        760         29         14        360      12693   ly_ble_c.o
      3470       1648         28         72        894      75516   ly_ble_p.o
       908        244          0          0          0      68069   ly_ble_p_protocol.o
      1012        222         32          0          0       8792   ly_ble_tus.o
       736        126        123          0          0      17348   ly_ble_tus_c.o
       982        338          4          5         32     200119   main.o
       374          0          0          0          0       8644   nrf_atfifo.o
       232          0          0          0          0       4884   nrf_atflags.o
       444          0          0          0          0      10218   nrf_atomic.o
       218          0          0          0          0       3771   nrf_balloc.o
      1754        358        148          0          0      56769   nrf_ble_ancs_c.o
      2064        788        361          0          0      38479   nrf_ble_gatt.o
      1474        174         17          0          0      15795   nrf_ble_scan.o
       364         48         30          0         20      38632   nrf_drv_clock.o
       252         42          0          9          0      17716   nrf_drv_uart.o
        70          0          0          0          0       3533   nrf_fprintf.o
      1030          6         16          0          0       6086   nrf_fprintf_format.o
      1216        430        194          0          0       8076   nrf_fstorage.o
      1118        118         72          8        176      18971   nrf_fstorage_sd.o
       176         16         22          1         64       6445   nrf_log_backend_rtt.o
       242          0          0          0          0      10893   nrf_log_backend_serial.o
        40          6         32          8          0       3301   nrf_log_default_backends.o
      2298        162         44         16       4860      35039   nrf_log_frontend.o
       626        112        102         64          0       5948   nrf_log_str_formatter.o
       514          0          0          0          0       8139   nrf_memobj.o
       168         22         53          9         12      37138   nrf_pwr_mgmt.o
       296          0          0          0          0       5076   nrf_ringbuf.o
       934        208        104          3          0      41086   nrf_sdh.o
       976        306        539          1          0       6467   nrf_sdh_ble.o
       152         68         56          0          0       2668   nrf_sdh_soc.o
       112          0          0          0          0       2784   nrf_section_iter.o
        92         10       1319          0          0       2715   nrf_strerror.o
       400         34         14          8          0      45532   nrfx_clock.o
      1744        112         77          0         92      64142   nrfx_gpiote.o
       118         14         12          8          0       3769   nrfx_prs.o
      1680         46         59          0         44      34565   nrfx_uart.o
      1506         46         62          0         36      29899   nrfx_uarte.o
      1476        144        285         12          0      19798   peer_data_storage.o
      1842        274        425          8        384      22606   peer_database.o
       402         46          0          0         64       9635   peer_id.o
      2284        514        217         15         12      21178   peer_manager.o
      3156       1276       1767        180          0       9059   peer_manager_handler.o
       330          0          0          0          0       6435   pm_buffer.o
        16          0          0          8          0       2862   retarget.o
      2788        316        963          5         64      35575   security_dispatcher.o
      1500        168        407         24          0      51357   security_manager.o
       470         44          0          0        648       8397   segger_rtt.o
        20          0          0          0        824       1911   sys_info.o
       900        106         58         40       3096       4911   sys_malloc.o
        82          0          0          0          0       1965   sys_queue.o
      1200        126          0          4          0       8143   system_nrf52.o
      1080        318          0          1          0      44061   uart_protocol.o
       280         74          0          0          0       2193   uart_protocol_ble_central_handler.o
         2          0          0          0          0       1136   uart_protocol_ble_peripheral_handler.o

    ----------------------------------------------------------------------
     83762      15264      10760       3772      27300    1807809   Object Totals
         0          0         32          0          0          0   (incl. Generated)
       140          0        109         35          0          0   (incl. Padding)

    ----------------------------------------------------------------------

      Code (inc. data)   RO Data    RW Data    ZI Data      Debug   Library Member Name

        86          0          0          0          0          0   __dczerorl2.o
         8          4        133          0          0         68   ctype_o.o
         0          0          0          0          0          0   entry.o
         0          0          0          0          0          0   entry10a.o
         0          0          0          0          0          0   entry11a.o
         8          4          0          0          0          0   entry2.o
         4          0          0          0          0          0   entry5.o
         0          0          0          0          0          0   entry7b.o
         0          0          0          0          0          0   entry8b.o
         8          4          0          0          0          0   entry9a.o
        30          0          0          0          0          0   handlers.o
        36          8          0          0          0         68   init.o
        30          0          0          0          0         68   llshl.o
        32          0          0          0          0         68   llushr.o
        26          0          0          0          0         80   memcmp.o
        36          0          0          0          0         68   memcpya.o
        36          0          0          0          0        108   memseta.o
        50          8          0          0          0        152   printfb.o
        28          0          0          0          0         76   strcmp.o
        18          0          0          0          0         68   strcpy.o
        14          0          0          0          0         68   strlen.o
        98          0          0          0          0         92   uldiv.o

    ----------------------------------------------------------------------
       554         28        136          0          0        984   Library Totals
         6          0          3          0          0          0   (incl. Padding)

    ----------------------------------------------------------------------

      Code (inc. data)   RO Data    RW Data    ZI Data      Debug   Library Name

       548         28        133          0          0        984   mc_w.l

    ----------------------------------------------------------------------
       554         28        136          0          0        984   Library Totals

    ----------------------------------------------------------------------

==============================================================================


      Code (inc. data)   RO Data    RW Data    ZI Data      Debug   

     84316      15292      10896       3772      27300    1721461   Grand Totals
     84316      15292      10896        384      27300    1721461   ELF Image Totals (compressed)
     84316      15292      10896        384          0          0   ROM Totals

==============================================================================

    Total RO  Size (Code + RO Data)                95212 (  92.98kB)
    Total RW  Size (RW Data + ZI Data)             31072 (  30.34kB)
    Total ROM Size (Code + RO Data + RW Data)      95596 (  93.36kB)

==============================================================================

